ASxxxx Linker V03.00/V05.40 + sdld,  page 1.
Hexadecimal  [32-Bits]

Area                                    Addr        Size        Decimal Bytes (Attributes)
--------------------------------        ----        ----        ------- ----- ------------
.  .ABS.                            00000000    00000000 =           0. bytes (ABS,CON)

      Value  Global                              Global Defined In Module
      -----  --------------------------------   ------------------------
     00000000  .__.ABS.                           
     00000000  _PSGFrame                       
     00000000  _PSGPlay                        
     00000000  _PSGSFXFrame                    
     00000000  _PSGSFXPlay                     
     00000000  _SMS_VDPturnOffFeature          
     00000000  _SMS_VDPturnOnFeature           
     00000000  _SMS_VRAMmemcpy                 
     00000000  _SMS_VRAMmemsetW                
     00000000  _SMS_addSprite_f                
     00000000  _SMS_getKeysHeld                
     00000000  _SMS_getKeysPressed             
     00000000  _SMS_init                       
     00000000  _SMS_loadBGPalette              
     00000000  _SMS_loadSpritePalette          
     00000000  _SMS_queryPauseRequested        
     00000000  _SMS_resetPauseRequest          
     00000000  _SMS_setBGScrollX               
     00000000  _SMS_setBGScrollY               
     00000000  _SMS_setFrameInterruptHandler   
     00000000  _SMS_setSpriteMode              
     00000000  _SMS_updateSpritePosition       
     00000000  _SMS_waitForVBlank              
     00000000  _SpriteNextFree                 
     00000000  _SpriteTableXN                  
     00000000  _SpriteTableY                   
     00000000  _emeraldhill_psg                
     00000000  _palleteAlex_inc                
     00000000  _puno_inc                       
     00000000  _putchar                        
     00000000  _salto_psg                      
     00000000  _sonicpalette_inc               
     00000000  _sonictilemap_inc               
     00000000  _sonictiles_inc                 
     00000000  _special_psg                    
     00000000  _spriteAlex_inc                 
     00000000  _spritePajaro_inc               
     00000000  _titulo_psg                     
     00000000  l__BSEG                         
     00000000  l__BSS                          
     00000000  l__CABS                         
     00000000  l__DABS                         
     00000000  l__HEADER                       
     00000000  l__HEAP                         
     00000000  s__CABS                         
     00000000  s__CABS0                        
     00000000  s__CABS1                        
     00000000  s__CABS2                        
     00000000  s__CABS3                        
     00000000  s__CABS4                        
ASxxxx Linker V03.00/V05.40 + sdld,  page 2.
Hexadecimal  [32-Bits]

Area                                    Addr        Size        Decimal Bytes (Attributes)
--------------------------------        ----        ----        ------- ----- ------------
.  .ABS.                            00000000    00000000 =           0. bytes (ABS,CON)

      Value  Global                              Global Defined In Module
      -----  --------------------------------   ------------------------
     00000000  s__DABS                         
     00000000  s__HEADER                       
     00000000  s__HEADER0                      
     00000000  s__HEADER1                      
     00000000  s__HEADER2                      
     00000000  s__HEADER3                      
     00000000  s__HEADER4                      
     00000000  s__HEADER5                      
     00000000  s__HEADER6                      
     00000000  s__HEADER7                      
     00000000  s__HEADER8                      
     00000001  l__GSFINAL                      
     00000002  l__HOME                         
     00000003  l__HEADER0                      
     00000003  l__HEADER1                      
     00000003  l__HEADER2                      
     00000003  l__HEADER3                      
     00000003  l__HEADER4                      
     00000003  l__HEADER5                      
     00000003  l__HEADER6                      
     00000003  l__HEADER7                      
     00000005  l__CABS1                        
     0000000E  l__CABS2                        
     00000010  l__CABS0                        
     00000010  l__CABS4                        
     00000010  l__HEADER8                      
     00000011  l__CABS3                        
     00000025  l__GSINIT                       
     00000029  l__INITIALIZED                  
     00000029  l__INITIALIZER                  
     00000200  s__CODE                         
     000003A0  l__DATA                         
     00001AC3  l__CODE                         
     00001CC3  s__HOME                         
     00001CC5  s__INITIALIZER                  
     00001CEE  s__GSINIT                       
     00001D13  s__GSFINAL                      
     00008000  _SMS_SRAM                          main
     00008000  s__DATA                         
     000083A0  s__INITIALIZED                  
     000083C9  s__BSEG                         
     000083C9  s__BSS                          
     000083C9  s__HEAP                         
     0000FFFC  _SRAM_bank_to_be_mapped_on_slot2   main
     0000FFFD  _ROM_bank_to_be_mapped_on_slot0    main
     0000FFFE  _ROM_bank_to_be_mapped_on_slot1    main
     0000FFFF  _ROM_bank_to_be_mapped_on_slot2    main

ASxxxx Linker V03.00/V05.40 + sdld,  page 3.
Hexadecimal  [32-Bits]

Area                                    Addr        Size        Decimal Bytes (Attributes)
--------------------------------        ----        ----        ------- ----- ------------
_CODE                               00000200    00001AC3 =        6851. bytes (REL,CON)

      Value  Global                              Global Defined In Module
      -----  --------------------------------   ------------------------
     00000200  __clock                            crt0
     00000204  _exit                              crt0
     0000020A  _generateSprite                    main
     000002B4  _generateSpriteNoRAM               main
     00000363  _addHardwareSprite                 main
     000005E7  _initSpritesVariables              main
     00000616  _copySpritestoSAT                  main
     0000064A  _draw_entidad                      main
     000009E2  _canUp                             main
     000009EE  _canDown                           main
     000009FC  _canLeft                           main
     00000A08  _canRight                          main
     00000A16  _moveAlexSuelo                     main
     00000B93  _moveAlexAire                      main
     00000C8F  _moveAlex                          main
     00000CC6  _inicializaPajaros                 main
     00000DAF  _loadGrapVRAM                      main
     00000E68  _dibujaPajaros                     main
     00000F8E  _playMusic                         main
     00000F94  _disableSprites                    main
     00000FB2  _main                              main
     000010BD  __mulint                           
     000010BF  __mul16                            
     000010DA  _vprintf                           vprintf
     000010E6  _printf                            vprintf
     000010FD  __divschar                         
     000010FF  __div8                             
     00001103  __div_signexte                     
     00001107  __div16                            
     00001107  __divsint                          
     0000112D  __get_remainder                    
     00001216  __print_format                     printf_large
     00001C82  __divuchar                         
     00001C84  __divu8                            
     00001C87  __divu16                           
     00001C87  __divuint                          
     00001CB6  ___sdcc_call_hl                    
     00001CB7  _strlen                            

ASxxxx Linker V03.00/V05.40 + sdld,  page 4.
Hexadecimal  [32-Bits]

Area                                    Addr        Size        Decimal Bytes (Attributes)
--------------------------------        ----        ----        ------- ----- ------------
_HEADER0                            00000000    00000003 =           3. bytes (ABS,CON)

      Value  Global                              Global Defined In Module
      -----  --------------------------------   ------------------------
ASxxxx Linker V03.00/V05.40 + sdld,  page 5.
Hexadecimal  [32-Bits]

Area                                    Addr        Size        Decimal Bytes (Attributes)
--------------------------------        ----        ----        ------- ----- ------------
_HEADER1                            00000000    00000003 =           3. bytes (ABS,CON)

      Value  Global                              Global Defined In Module
      -----  --------------------------------   ------------------------
ASxxxx Linker V03.00/V05.40 + sdld,  page 6.
Hexadecimal  [32-Bits]

Area                                    Addr        Size        Decimal Bytes (Attributes)
--------------------------------        ----        ----        ------- ----- ------------
_HEADER2                            00000000    00000003 =           3. bytes (ABS,CON)

      Value  Global                              Global Defined In Module
      -----  --------------------------------   ------------------------
ASxxxx Linker V03.00/V05.40 + sdld,  page 7.
Hexadecimal  [32-Bits]

Area                                    Addr        Size        Decimal Bytes (Attributes)
--------------------------------        ----        ----        ------- ----- ------------
_HEADER3                            00000000    00000003 =           3. bytes (ABS,CON)

      Value  Global                              Global Defined In Module
      -----  --------------------------------   ------------------------
ASxxxx Linker V03.00/V05.40 + sdld,  page 8.
Hexadecimal  [32-Bits]

Area                                    Addr        Size        Decimal Bytes (Attributes)
--------------------------------        ----        ----        ------- ----- ------------
_HEADER4                            00000000    00000003 =           3. bytes (ABS,CON)

      Value  Global                              Global Defined In Module
      -----  --------------------------------   ------------------------
ASxxxx Linker V03.00/V05.40 + sdld,  page 9.
Hexadecimal  [32-Bits]

Area                                    Addr        Size        Decimal Bytes (Attributes)
--------------------------------        ----        ----        ------- ----- ------------
_HEADER5                            00000000    00000003 =           3. bytes (ABS,CON)

      Value  Global                              Global Defined In Module
      -----  --------------------------------   ------------------------
ASxxxx Linker V03.00/V05.40 + sdld,  page 10.
Hexadecimal  [32-Bits]

Area                                    Addr        Size        Decimal Bytes (Attributes)
--------------------------------        ----        ----        ------- ----- ------------
_HEADER6                            00000000    00000003 =           3. bytes (ABS,CON)

      Value  Global                              Global Defined In Module
      -----  --------------------------------   ------------------------
ASxxxx Linker V03.00/V05.40 + sdld,  page 11.
Hexadecimal  [32-Bits]

Area                                    Addr        Size        Decimal Bytes (Attributes)
--------------------------------        ----        ----        ------- ----- ------------
_HEADER7                            00000000    00000003 =           3. bytes (ABS,CON)

      Value  Global                              Global Defined In Module
      -----  --------------------------------   ------------------------
ASxxxx Linker V03.00/V05.40 + sdld,  page 12.
Hexadecimal  [32-Bits]

Area                                    Addr        Size        Decimal Bytes (Attributes)
--------------------------------        ----        ----        ------- ----- ------------
_HEADER8                            00000000    00000010 =          16. bytes (ABS,CON)

      Value  Global                              Global Defined In Module
      -----  --------------------------------   ------------------------
ASxxxx Linker V03.00/V05.40 + sdld,  page 13.
Hexadecimal  [32-Bits]

Area                                    Addr        Size        Decimal Bytes (Attributes)
--------------------------------        ----        ----        ------- ----- ------------
_HOME                               00001CC3    00000002 =           2. bytes (REL,CON)

      Value  Global                              Global Defined In Module
      -----  --------------------------------   ------------------------
     00001CC3  ___sdcc_external_startup           _startup

ASxxxx Linker V03.00/V05.40 + sdld,  page 14.
Hexadecimal  [32-Bits]

Area                                    Addr        Size        Decimal Bytes (Attributes)
--------------------------------        ----        ----        ------- ----- ------------
_INITIALIZER                        00001CC5    00000029 =          41. bytes (REL,CON)

      Value  Global                              Global Defined In Module
      -----  --------------------------------   ------------------------
ASxxxx Linker V03.00/V05.40 + sdld,  page 15.
Hexadecimal  [32-Bits]

Area                                    Addr        Size        Decimal Bytes (Attributes)
--------------------------------        ----        ----        ------- ----- ------------
_GSINIT                             00001CEE    00000025 =          37. bytes (REL,CON)

      Value  Global                              Global Defined In Module
      -----  --------------------------------   ------------------------
     00001CEE  gsinit                             crt0

ASxxxx Linker V03.00/V05.40 + sdld,  page 16.
Hexadecimal  [32-Bits]

Area                                    Addr        Size        Decimal Bytes (Attributes)
--------------------------------        ----        ----        ------- ----- ------------
_GSFINAL                            00001D13    00000001 =           1. bytes (REL,CON)

      Value  Global                              Global Defined In Module
      -----  --------------------------------   ------------------------
ASxxxx Linker V03.00/V05.40 + sdld,  page 17.
Hexadecimal  [32-Bits]

Area                                    Addr        Size        Decimal Bytes (Attributes)
--------------------------------        ----        ----        ------- ----- ------------
_DATA                               00008000    000003A0 =         928. bytes (REL,CON)

      Value  Global                              Global Defined In Module
      -----  --------------------------------   ------------------------
     00008000  _hardwareSprites                   main
     00008300  _SpriteTableY2                     main
     00008302  _SpriteTableXN2                    main
     00008304  _SpriteNextFree2                   main
     00008306  _pajaros                           main
     0000839E  _numSprites                        main
ASxxxx Linker V03.00/V05.40 + sdld,  page 18.
Hexadecimal  [32-Bits]

Area                                    Addr        Size        Decimal Bytes (Attributes)
--------------------------------        ----        ----        ------- ----- ------------
_INITIALIZED                        000083A0    00000029 =          41. bytes (REL,CON)

      Value  Global                              Global Defined In Module
      -----  --------------------------------   ------------------------
     000083A0  _nextVRAMsprites                   main
     000083A2  _maxSalto                          main
     000083A3  _alex                              main
     000083AB  _spriteAlex                        main
     000083B5  _spritePajaro                      main
     000083BF  _spritePuno                        main
ASxxxx Linker V03.00/V05.40 + sdld,  page 19.
Hexadecimal  [32-Bits]

Area                                    Addr        Size        Decimal Bytes (Attributes)
--------------------------------        ----        ----        ------- ----- ------------
_CABS0                              00000000    00000010 =          16. bytes (ABS,CON)

      Value  Global                              Global Defined In Module
      -----  --------------------------------   ------------------------
     00007FF0  ___SMS__SEGA_signature             main

ASxxxx Linker V03.00/V05.40 + sdld,  page 20.
Hexadecimal  [32-Bits]

Area                                    Addr        Size        Decimal Bytes (Attributes)
--------------------------------        ----        ----        ------- ----- ------------
_CABS1                              00000000    00000005 =           5. bytes (ABS,CON)

      Value  Global                              Global Defined In Module
      -----  --------------------------------   ------------------------
     00007FDB  ___SMS__SDSC_author                main

ASxxxx Linker V03.00/V05.40 + sdld,  page 21.
Hexadecimal  [32-Bits]

Area                                    Addr        Size        Decimal Bytes (Attributes)
--------------------------------        ----        ----        ------- ----- ------------
_CABS2                              00000000    0000000E =          14. bytes (ABS,CON)

      Value  Global                              Global Defined In Module
      -----  --------------------------------   ------------------------
     00007FCD  ___SMS__SDSC_name                  main

ASxxxx Linker V03.00/V05.40 + sdld,  page 22.
Hexadecimal  [32-Bits]

Area                                    Addr        Size        Decimal Bytes (Attributes)
--------------------------------        ----        ----        ------- ----- ------------
_CABS3                              00000000    00000011 =          17. bytes (ABS,CON)

      Value  Global                              Global Defined In Module
      -----  --------------------------------   ------------------------
     00007FBC  ___SMS__SDSC_descr                 main

ASxxxx Linker V03.00/V05.40 + sdld,  page 23.
Hexadecimal  [32-Bits]

Area                                    Addr        Size        Decimal Bytes (Attributes)
--------------------------------        ----        ----        ------- ----- ------------
_CABS4                              00000000    00000010 =          16. bytes (ABS,CON)

      Value  Global                              Global Defined In Module
      -----  --------------------------------   ------------------------
     00007FE0  ___SMS__SDSC_signature             main

ASxxxx Linker V03.00/V05.40 + sdld,  page 24.

Files Linked                              [ module(s) ]

./sdcc/bin/../share/sdcc/lib/z80/crt0.rel
                                          [ crt0 ]
main.rel                                  [ main ]


Libraries Linked                          [ object file ]

./sdcc/bin/../share/sdcc/lib/z80/z80.lib  [ mul.rel ]
./sdcc/bin/../share/sdcc/lib/z80/z80.lib  [ _startup.rel ]
./sdcc/bin/../share/sdcc/lib/z80/z80.lib  [ vprintf.rel ]
./sdcc/bin/../share/sdcc/lib/z80/z80.lib  [ divsigned.rel ]
./sdcc/bin/../share/sdcc/lib/z80/z80.lib  [ printf_large.rel ]
./sdcc/bin/../share/sdcc/lib/z80/z80.lib  [ divunsigned.rel ]
./sdcc/bin/../share/sdcc/lib/z80/z80.lib  [ __sdcc_call_hl.rel ]
./sdcc/bin/../share/sdcc/lib/z80/z80.lib  [ strlen.rel ]

ASxxxx Linker V03.00/V05.40 + sdld,  page 25.

User Base Address Definitions

_CODE = 0x0200
_DATA = 0x8000


?ASlink-Warning-Undefined Global '_SMS_updateSpritePosition' referenced by module 'main'

?ASlink-Warning-Undefined Global '_sonictilemap_inc' referenced by module 'main'

?ASlink-Warning-Undefined Global '_sonicpalette_inc' referenced by module 'main'

?ASlink-Warning-Undefined Global '_SMS_VRAMmemsetW' referenced by module 'main'

?ASlink-Warning-Undefined Global '_SMS_getKeysHeld' referenced by module 'main'

?ASlink-Warning-Undefined Global '_SMS_waitForVBlank' referenced by module 'main'

?ASlink-Warning-Undefined Global '_SMS_VDPturnOffFeature' referenced by module 'main'

?ASlink-Warning-Undefined Global '_emeraldhill_psg' referenced by module 'main'

?ASlink-Warning-Undefined Global '_SMS_setBGScrollX' referenced by module 'main'

?ASlink-Warning-Undefined Global '_SMS_setBGScrollY' referenced by module 'main'

?ASlink-Warning-Undefined Global '_PSGSFXPlay' referenced by module 'main'

?ASlink-Warning-Undefined Global '_putchar' referenced by module 'vprintf'

?ASlink-Warning-Undefined Global '_SMS_addSprite_f' referenced by module 'main'

?ASlink-Warning-Undefined Global '_SMS_queryPauseRequested' referenced by module 'main'

?ASlink-Warning-Undefined Global '_SMS_loadSpritePalette' referenced by module 'main'

?ASlink-Warning-Undefined Global '_SpriteTableY' referenced by module 'main'

?ASlink-Warning-Undefined Global '_spriteAlex_inc' referenced by module 'main'

?ASlink-Warning-Undefined Global '_PSGPlay' referenced by module 'main'

?ASlink-Warning-Undefined Global '_SMS_getKeysPressed' referenced by module 'main'

?ASlink-Warning-Undefined Global '_SpriteTableXN' referenced by module 'main'

?ASlink-Warning-Undefined Global '_PSGSFXFrame' referenced by module 'main'

?ASlink-Warning-Undefined Global '_SMS_init' referenced by module 'main'

?ASlink-Warning-Undefined Global '_SMS_loadBGPalette' referenced by module 'main'

?ASlink-Warning-Undefined Global '_palleteAlex_inc' referenced by module 'main'

?ASlink-Warning-Undefined Global '_special_psg' referenced by module 'main'

?ASlink-Warning-Undefined Global '_titulo_psg' referenced by module 'main'

?ASlink-Warning-Undefined Global '_salto_psg' referenced by module 'main'

?ASlink-Warning-Undefined Global '_spritePajaro_inc' referenced by module 'main'

?ASlink-Warning-Undefined Global '_SMS_VDPturnOnFeature' referenced by module 'main'

?ASlink-Warning-Undefined Global '_SMS_VRAMmemcpy' referenced by module 'main'

?ASlink-Warning-Undefined Global '_SMS_setFrameInterruptHandler' referenced by module 'main'

?ASlink-Warning-Undefined Global '_PSGFrame' referenced by module 'main'

?ASlink-Warning-Undefined Global '_sonictiles_inc' referenced by module 'main'

?ASlink-Warning-Undefined Global '_SpriteNextFree' referenced by module 'main'

?ASlink-Warning-Undefined Global '_SMS_setSpriteMode' referenced by module 'main'

?ASlink-Warning-Undefined Global '_puno_inc' referenced by module 'main'

?ASlink-Warning-Undefined Global '_SMS_resetPauseRequest' referenced by module 'main'
