ASxxxx Linker V03.00/V05.40 + sdld,  page 1.
Hexadecimal  [32-Bits]

Area                                    Addr        Size        Decimal Bytes (Attributes)
--------------------------------        ----        ----        ------- ----- ------------
.  .ABS.                            00000000    00000000 =           0. bytes (ABS,CON)

      Value  Global                              Global Defined In Module
      -----  --------------------------------   ------------------------
     00000000  .__.ABS.                           
     00000000  _PSGFrame                       
     00000000  _PSGPlay                        
     00000000  _SMS_VDPturnOffFeature          
     00000000  _SMS_VDPturnOnFeature           
     00000000  _SMS_VRAMmemcpy                 
     00000000  _SMS_VRAMmemsetW                
     00000000  _SMS_addSprite_f                
     00000000  _SMS_copySpritestoSAT           
     00000000  _SMS_finalizeSprites            
     00000000  _SMS_getKeysHeld                
     00000000  _SMS_init                       
     00000000  _SMS_initSprites                
     00000000  _SMS_loadBGPalette              
     00000000  _SMS_loadSpritePalette          
     00000000  _SMS_queryPauseRequested        
     00000000  _SMS_resetPauseRequest          
     00000000  _SMS_setBGScrollX               
     00000000  _SMS_setBGScrollY               
     00000000  _SMS_setSpriteMode              
     00000000  _SMS_waitForVBlank              
     00000000  _palleteAlex_inc                
     00000000  _putchar                        
     00000000  _sonicpalette_inc               
     00000000  _sonictilemap_inc               
     00000000  _sonictiles_inc                 
     00000000  _spriteAlex_inc                 
     00000000  _spritePajaro_inc               
     00000000  _titulo_psg                     
     00000000  l__BSEG                         
     00000000  l__BSS                          
     00000000  l__CABS                         
     00000000  l__DABS                         
     00000000  l__HEADER                       
     00000000  l__HEAP                         
     00000000  s__CABS                         
     00000000  s__CABS0                        
     00000000  s__CABS1                        
     00000000  s__CABS2                        
     00000000  s__CABS3                        
     00000000  s__CABS4                        
     00000000  s__DABS                         
     00000000  s__HEADER                       
     00000000  s__HEADER0                      
     00000000  s__HEADER1                      
     00000000  s__HEADER2                      
     00000000  s__HEADER3                      
     00000000  s__HEADER4                      
     00000000  s__HEADER5                      
     00000000  s__HEADER6                      
ASxxxx Linker V03.00/V05.40 + sdld,  page 2.
Hexadecimal  [32-Bits]

Area                                    Addr        Size        Decimal Bytes (Attributes)
--------------------------------        ----        ----        ------- ----- ------------
.  .ABS.                            00000000    00000000 =           0. bytes (ABS,CON)

      Value  Global                              Global Defined In Module
      -----  --------------------------------   ------------------------
     00000000  s__HEADER7                      
     00000000  s__HEADER8                      
     00000001  l__GSFINAL                      
     00000002  l__HOME                         
     00000003  l__HEADER0                      
     00000003  l__HEADER1                      
     00000003  l__HEADER2                      
     00000003  l__HEADER3                      
     00000003  l__HEADER4                      
     00000003  l__HEADER5                      
     00000003  l__HEADER6                      
     00000003  l__HEADER7                      
     00000008  l__CABS1                        
     0000000E  l__CABS2                        
     00000010  l__CABS0                        
     00000010  l__CABS4                        
     00000010  l__HEADER8                      
     00000011  l__CABS3                        
     0000001E  l__INITIALIZED                  
     0000001E  l__INITIALIZER                  
     00000025  l__GSINIT                       
     0000003E  l__DATA                         
     00000200  s__CODE                         
     00001447  l__CODE                         
     00001647  s__HOME                         
     00001649  s__INITIALIZER                  
     00001667  s__GSINIT                       
     0000168C  s__GSFINAL                      
     00008000  _SMS_SRAM                          main
     00008000  s__DATA                         
     0000803E  s__INITIALIZED                  
     0000805C  s__BSEG                         
     0000805C  s__BSS                          
     0000805C  s__HEAP                         
     0000FFFC  _SRAM_bank_to_be_mapped_on_slot2   main
     0000FFFD  _ROM_bank_to_be_mapped_on_slot0    main
     0000FFFE  _ROM_bank_to_be_mapped_on_slot1    main
     0000FFFF  _ROM_bank_to_be_mapped_on_slot2    main

ASxxxx Linker V03.00/V05.40 + sdld,  page 3.
Hexadecimal  [32-Bits]

Area                                    Addr        Size        Decimal Bytes (Attributes)
--------------------------------        ----        ----        ------- ----- ------------
_CODE                               00000200    00001447 =        5191. bytes (REL,CON)

      Value  Global                              Global Defined In Module
      -----  --------------------------------   ------------------------
     00000200  __clock                            crt0
     00000204  _exit                              crt0
     0000020A  _generateSprite                    main
     000002B4  _generateSpriteNoRAM               main
     00000363  _draw_entidad                      main
     00000593  _moveAlex                          main
     00000836  _inicializaPajaros                 main
     0000087E  _loadGrapVRAM                      main
     00000917  _dibujaPajaros                     main
     0000096E  _main                              main
     00000A5E  _vprintf                           vprintf
     00000A6A  _printf                            vprintf
     00000A81  __divschar                         
     00000A83  __div8                             
     00000A87  __div_signexte                     
     00000A8B  __div16                            
     00000A8B  __divsint                          
     00000AB1  __get_remainder                    
     00000B9A  __print_format                     printf_large
     00001606  __divuchar                         
     00001608  __divu8                            
     0000160B  __divu16                           
     0000160B  __divuint                          
     0000163A  ___sdcc_call_hl                    
     0000163B  _strlen                            

ASxxxx Linker V03.00/V05.40 + sdld,  page 4.
Hexadecimal  [32-Bits]

Area                                    Addr        Size        Decimal Bytes (Attributes)
--------------------------------        ----        ----        ------- ----- ------------
_HEADER0                            00000000    00000003 =           3. bytes (ABS,CON)

      Value  Global                              Global Defined In Module
      -----  --------------------------------   ------------------------
ASxxxx Linker V03.00/V05.40 + sdld,  page 5.
Hexadecimal  [32-Bits]

Area                                    Addr        Size        Decimal Bytes (Attributes)
--------------------------------        ----        ----        ------- ----- ------------
_HEADER1                            00000000    00000003 =           3. bytes (ABS,CON)

      Value  Global                              Global Defined In Module
      -----  --------------------------------   ------------------------
ASxxxx Linker V03.00/V05.40 + sdld,  page 6.
Hexadecimal  [32-Bits]

Area                                    Addr        Size        Decimal Bytes (Attributes)
--------------------------------        ----        ----        ------- ----- ------------
_HEADER2                            00000000    00000003 =           3. bytes (ABS,CON)

      Value  Global                              Global Defined In Module
      -----  --------------------------------   ------------------------
ASxxxx Linker V03.00/V05.40 + sdld,  page 7.
Hexadecimal  [32-Bits]

Area                                    Addr        Size        Decimal Bytes (Attributes)
--------------------------------        ----        ----        ------- ----- ------------
_HEADER3                            00000000    00000003 =           3. bytes (ABS,CON)

      Value  Global                              Global Defined In Module
      -----  --------------------------------   ------------------------
ASxxxx Linker V03.00/V05.40 + sdld,  page 8.
Hexadecimal  [32-Bits]

Area                                    Addr        Size        Decimal Bytes (Attributes)
--------------------------------        ----        ----        ------- ----- ------------
_HEADER4                            00000000    00000003 =           3. bytes (ABS,CON)

      Value  Global                              Global Defined In Module
      -----  --------------------------------   ------------------------
ASxxxx Linker V03.00/V05.40 + sdld,  page 9.
Hexadecimal  [32-Bits]

Area                                    Addr        Size        Decimal Bytes (Attributes)
--------------------------------        ----        ----        ------- ----- ------------
_HEADER5                            00000000    00000003 =           3. bytes (ABS,CON)

      Value  Global                              Global Defined In Module
      -----  --------------------------------   ------------------------
ASxxxx Linker V03.00/V05.40 + sdld,  page 10.
Hexadecimal  [32-Bits]

Area                                    Addr        Size        Decimal Bytes (Attributes)
--------------------------------        ----        ----        ------- ----- ------------
_HEADER6                            00000000    00000003 =           3. bytes (ABS,CON)

      Value  Global                              Global Defined In Module
      -----  --------------------------------   ------------------------
ASxxxx Linker V03.00/V05.40 + sdld,  page 11.
Hexadecimal  [32-Bits]

Area                                    Addr        Size        Decimal Bytes (Attributes)
--------------------------------        ----        ----        ------- ----- ------------
_HEADER7                            00000000    00000003 =           3. bytes (ABS,CON)

      Value  Global                              Global Defined In Module
      -----  --------------------------------   ------------------------
ASxxxx Linker V03.00/V05.40 + sdld,  page 12.
Hexadecimal  [32-Bits]

Area                                    Addr        Size        Decimal Bytes (Attributes)
--------------------------------        ----        ----        ------- ----- ------------
_HEADER8                            00000000    00000010 =          16. bytes (ABS,CON)

      Value  Global                              Global Defined In Module
      -----  --------------------------------   ------------------------
ASxxxx Linker V03.00/V05.40 + sdld,  page 13.
Hexadecimal  [32-Bits]

Area                                    Addr        Size        Decimal Bytes (Attributes)
--------------------------------        ----        ----        ------- ----- ------------
_HOME                               00001647    00000002 =           2. bytes (REL,CON)

      Value  Global                              Global Defined In Module
      -----  --------------------------------   ------------------------
     00001647  ___sdcc_external_startup           _startup

ASxxxx Linker V03.00/V05.40 + sdld,  page 14.
Hexadecimal  [32-Bits]

Area                                    Addr        Size        Decimal Bytes (Attributes)
--------------------------------        ----        ----        ------- ----- ------------
_INITIALIZER                        00001649    0000001E =          30. bytes (REL,CON)

      Value  Global                              Global Defined In Module
      -----  --------------------------------   ------------------------
ASxxxx Linker V03.00/V05.40 + sdld,  page 15.
Hexadecimal  [32-Bits]

Area                                    Addr        Size        Decimal Bytes (Attributes)
--------------------------------        ----        ----        ------- ----- ------------
_GSINIT                             00001667    00000025 =          37. bytes (REL,CON)

      Value  Global                              Global Defined In Module
      -----  --------------------------------   ------------------------
     00001667  gsinit                             crt0

ASxxxx Linker V03.00/V05.40 + sdld,  page 16.
Hexadecimal  [32-Bits]

Area                                    Addr        Size        Decimal Bytes (Attributes)
--------------------------------        ----        ----        ------- ----- ------------
_GSFINAL                            0000168C    00000001 =           1. bytes (REL,CON)

      Value  Global                              Global Defined In Module
      -----  --------------------------------   ------------------------
ASxxxx Linker V03.00/V05.40 + sdld,  page 17.
Hexadecimal  [32-Bits]

Area                                    Addr        Size        Decimal Bytes (Attributes)
--------------------------------        ----        ----        ------- ----- ------------
_DATA                               00008000    0000003E =          62. bytes (REL,CON)

      Value  Global                              Global Defined In Module
      -----  --------------------------------   ------------------------
     00008000  _finSalto                          main
     00008002  _pajaros                           main

ASxxxx Linker V03.00/V05.40 + sdld,  page 18.
Hexadecimal  [32-Bits]

Area                                    Addr        Size        Decimal Bytes (Attributes)
--------------------------------        ----        ----        ------- ----- ------------
_INITIALIZED                        0000803E    0000001E =          30. bytes (REL,CON)

      Value  Global                              Global Defined In Module
      -----  --------------------------------   ------------------------
     0000803E  _nextVRAMsprites                   main
     00008040  _vY                                main
     00008042  _alex                              main
     00008048  _spriteAlex                        main
     00008052  _spritePajaro                      main

ASxxxx Linker V03.00/V05.40 + sdld,  page 19.
Hexadecimal  [32-Bits]

Area                                    Addr        Size        Decimal Bytes (Attributes)
--------------------------------        ----        ----        ------- ----- ------------
_CABS0                              00000000    00000010 =          16. bytes (ABS,CON)

      Value  Global                              Global Defined In Module
      -----  --------------------------------   ------------------------
     00007FF0  ___SMS__SEGA_signature             main

ASxxxx Linker V03.00/V05.40 + sdld,  page 20.
Hexadecimal  [32-Bits]

Area                                    Addr        Size        Decimal Bytes (Attributes)
--------------------------------        ----        ----        ------- ----- ------------
_CABS1                              00000000    00000008 =           8. bytes (ABS,CON)

      Value  Global                              Global Defined In Module
      -----  --------------------------------   ------------------------
     00007FD8  ___SMS__SDSC_author                main

ASxxxx Linker V03.00/V05.40 + sdld,  page 21.
Hexadecimal  [32-Bits]

Area                                    Addr        Size        Decimal Bytes (Attributes)
--------------------------------        ----        ----        ------- ----- ------------
_CABS2                              00000000    0000000E =          14. bytes (ABS,CON)

      Value  Global                              Global Defined In Module
      -----  --------------------------------   ------------------------
     00007FCA  ___SMS__SDSC_name                  main

ASxxxx Linker V03.00/V05.40 + sdld,  page 22.
Hexadecimal  [32-Bits]

Area                                    Addr        Size        Decimal Bytes (Attributes)
--------------------------------        ----        ----        ------- ----- ------------
_CABS3                              00000000    00000011 =          17. bytes (ABS,CON)

      Value  Global                              Global Defined In Module
      -----  --------------------------------   ------------------------
     00007FB9  ___SMS__SDSC_descr                 main

ASxxxx Linker V03.00/V05.40 + sdld,  page 23.
Hexadecimal  [32-Bits]

Area                                    Addr        Size        Decimal Bytes (Attributes)
--------------------------------        ----        ----        ------- ----- ------------
_CABS4                              00000000    00000010 =          16. bytes (ABS,CON)

      Value  Global                              Global Defined In Module
      -----  --------------------------------   ------------------------
     00007FE0  ___SMS__SDSC_signature             main

ASxxxx Linker V03.00/V05.40 + sdld,  page 24.

Files Linked                              [ module(s) ]

./sdcc/bin/../share/sdcc/lib/z80/crt0.rel
                                          [ crt0 ]
main.rel                                  [ main ]


Libraries Linked                          [ object file ]

./sdcc/bin/../share/sdcc/lib/z80/z80.lib  [ _startup.rel ]
./sdcc/bin/../share/sdcc/lib/z80/z80.lib  [ vprintf.rel ]
./sdcc/bin/../share/sdcc/lib/z80/z80.lib  [ divsigned.rel ]
./sdcc/bin/../share/sdcc/lib/z80/z80.lib  [ printf_large.rel ]
./sdcc/bin/../share/sdcc/lib/z80/z80.lib  [ divunsigned.rel ]
./sdcc/bin/../share/sdcc/lib/z80/z80.lib  [ __sdcc_call_hl.rel ]
./sdcc/bin/../share/sdcc/lib/z80/z80.lib  [ strlen.rel ]

ASxxxx Linker V03.00/V05.40 + sdld,  page 25.

User Base Address Definitions

_CODE = 0x0200
_DATA = 0x8000


?ASlink-Warning-Undefined Global '_sonictilemap_inc' referenced by module 'main'

?ASlink-Warning-Undefined Global '_sonicpalette_inc' referenced by module 'main'

?ASlink-Warning-Undefined Global '_SMS_VRAMmemsetW' referenced by module 'main'

?ASlink-Warning-Undefined Global '_SMS_getKeysHeld' referenced by module 'main'

?ASlink-Warning-Undefined Global '_SMS_waitForVBlank' referenced by module 'main'

?ASlink-Warning-Undefined Global '_SMS_VDPturnOffFeature' referenced by module 'main'

?ASlink-Warning-Undefined Global '_SMS_setBGScrollX' referenced by module 'main'

?ASlink-Warning-Undefined Global '_SMS_setBGScrollY' referenced by module 'main'

?ASlink-Warning-Undefined Global '_SMS_initSprites' referenced by module 'main'

?ASlink-Warning-Undefined Global '_putchar' referenced by module 'vprintf'

?ASlink-Warning-Undefined Global '_SMS_addSprite_f' referenced by module 'main'

?ASlink-Warning-Undefined Global '_SMS_queryPauseRequested' referenced by module 'main'

?ASlink-Warning-Undefined Global '_SMS_loadSpritePalette' referenced by module 'main'

?ASlink-Warning-Undefined Global '_spriteAlex_inc' referenced by module 'main'

?ASlink-Warning-Undefined Global '_PSGPlay' referenced by module 'main'

?ASlink-Warning-Undefined Global '_SMS_copySpritestoSAT' referenced by module 'main'

?ASlink-Warning-Undefined Global '_SMS_init' referenced by module 'main'

?ASlink-Warning-Undefined Global '_SMS_loadBGPalette' referenced by module 'main'

?ASlink-Warning-Undefined Global '_palleteAlex_inc' referenced by module 'main'

?ASlink-Warning-Undefined Global '_titulo_psg' referenced by module 'main'

?ASlink-Warning-Undefined Global '_spritePajaro_inc' referenced by module 'main'

?ASlink-Warning-Undefined Global '_SMS_finalizeSprites' referenced by module 'main'

?ASlink-Warning-Undefined Global '_SMS_VDPturnOnFeature' referenced by module 'main'

?ASlink-Warning-Undefined Global '_SMS_VRAMmemcpy' referenced by module 'main'

?ASlink-Warning-Undefined Global '_PSGFrame' referenced by module 'main'

?ASlink-Warning-Undefined Global '_sonictiles_inc' referenced by module 'main'

?ASlink-Warning-Undefined Global '_SMS_setSpriteMode' referenced by module 'main'

?ASlink-Warning-Undefined Global '_SMS_resetPauseRequest' referenced by module 'main'
