ASxxxx Linker V03.00/V05.40 + sdld,  page 1.
Hexadecimal  [32-Bits]

Area                                    Addr        Size        Decimal Bytes (Attributes)
--------------------------------        ----        ----        ------- ----- ------------
.  .ABS.                            00000000    00000000 =           0. bytes (ABS,CON)

      Value  Global                              Global Defined In Module
      -----  --------------------------------   ------------------------
     00000000  .__.ABS.                           
     00000000  _PSGFrame                       
     00000000  _PSGPlay                        
     00000000  _PSGSFXFrame                    
     00000000  _PSGSFXPlay                     
     00000000  _SMS_VDPturnOnFeature           
     00000000  _SMS_VRAMmemcpy                 
     00000000  _SMS_VRAMmemsetW                
     00000000  _SMS_addSprite_f                
     00000000  _SMS_getKeysHeld                
     00000000  _SMS_getKeysPressed             
     00000000  _SMS_init                       
     00000000  _SMS_initSprites                
     00000000  _SMS_loadBGPalette              
     00000000  _SMS_loadSpritePalette          
     00000000  _SMS_queryPauseRequested        
     00000000  _SMS_resetPauseRequest          
     00000000  _SMS_setBGScrollX               
     00000000  _SMS_setBGScrollY               
     00000000  _SMS_setFrameInterruptHandler   
     00000000  _SMS_setSpriteMode              
     00000000  _SMS_setSpritePaletteColor      
     00000000  _SMS_updateSpritePosition       
     00000000  _SMS_waitForVBlank              
     00000000  _SpriteNextFree                 
     00000000  _SpriteTableXN                  
     00000000  _SpriteTableY                   
     00000000  _emeraldhill_psg                
     00000000  _paleta_de_prueba2_inc          
     00000000  _palleteAlex_inc                
     00000000  _puno_inc                       
     00000000  _putchar                        
     00000000  _salto_psg                      
     00000000  _sonicpalette_inc               
     00000000  _special_psg                    
     00000000  _spriteAlex_inc                 
     00000000  _spritePajaro_inc               
     00000000  _tilemap_de_prueba2_inc         
     00000000  _tiles_de_prueba2_inc           
     00000000  _titulo_psg                     
     00000000  l__BSEG                         
     00000000  l__BSS                          
     00000000  l__CABS                         
     00000000  l__DABS                         
     00000000  l__HEADER                       
     00000000  l__HEAP                         
     00000000  s__CABS                         
     00000000  s__CABS0                        
     00000000  s__CABS1                        
     00000000  s__CABS2                        
ASxxxx Linker V03.00/V05.40 + sdld,  page 2.
Hexadecimal  [32-Bits]

Area                                    Addr        Size        Decimal Bytes (Attributes)
--------------------------------        ----        ----        ------- ----- ------------
.  .ABS.                            00000000    00000000 =           0. bytes (ABS,CON)

      Value  Global                              Global Defined In Module
      -----  --------------------------------   ------------------------
     00000000  s__CABS3                        
     00000000  s__CABS4                        
     00000000  s__DABS                         
     00000000  s__HEADER                       
     00000000  s__HEADER0                      
     00000000  s__HEADER1                      
     00000000  s__HEADER2                      
     00000000  s__HEADER3                      
     00000000  s__HEADER4                      
     00000000  s__HEADER5                      
     00000000  s__HEADER6                      
     00000000  s__HEADER7                      
     00000000  s__HEADER8                      
     00000001  l__GSFINAL                      
     00000002  l__HOME                         
     00000003  l__HEADER0                      
     00000003  l__HEADER1                      
     00000003  l__HEADER2                      
     00000003  l__HEADER3                      
     00000003  l__HEADER4                      
     00000003  l__HEADER5                      
     00000003  l__HEADER6                      
     00000003  l__HEADER7                      
     00000005  l__CABS1                        
     0000000E  l__CABS2                        
     00000010  l__CABS0                        
     00000010  l__CABS4                        
     00000010  l__HEADER8                      
     00000011  l__CABS3                        
     00000025  l__GSINIT                       
     0000012C  l__INITIALIZED                  
     0000012C  l__INITIALIZER                  
     00000200  s__CODE                         
     00000406  l__DATA                         
     00001E5C  l__CODE                         
     0000205C  s__HOME                         
     0000205E  s__INITIALIZER                  
     0000218A  s__GSINIT                       
     000021AF  s__GSFINAL                      
     00008000  _SMS_SRAM                          main
     00008000  s__DATA                         
     00008406  s__INITIALIZED                  
     00008532  s__BSEG                         
     00008532  s__BSS                          
     00008532  s__HEAP                         
     0000FFFC  _SRAM_bank_to_be_mapped_on_slot2   main
     0000FFFD  _ROM_bank_to_be_mapped_on_slot0    main
     0000FFFE  _ROM_bank_to_be_mapped_on_slot1    main
     0000FFFF  _ROM_bank_to_be_mapped_on_slot2    main
ASxxxx Linker V03.00/V05.40 + sdld,  page 3.
Hexadecimal  [32-Bits]

Area                                    Addr        Size        Decimal Bytes (Attributes)
--------------------------------        ----        ----        ------- ----- ------------
_CODE                               00000200    00001E5C =        7772. bytes (REL,CON)

      Value  Global                              Global Defined In Module
      -----  --------------------------------   ------------------------
     00000200  __clock                            crt0
     00000204  _exit                              crt0
     0000020A  _generateSpriteFlip                main
     0000040B  _generateSprite                    main
     000004B5  _generateSpriteNoRAM               main
     00000564  _addHardwareSprite                 main
     000007E8  _initSpritesVariables              main
     00000817  _copySpritestoSAT                  main
     0000084B  _draw_entidad                      main
     00000C71  _canUp                             main
     00000C7D  _canDown                           main
     00000C8B  _canLeft                           main
     00000C97  _canRight                          main
     00000CA5  _moveAlexSuelo                     main
     00000E6D  _moveAlexAire                      main
     00000FA7  _drawAlex                          main
     00001028  _moveAlex                          main
     00001062  _inicializaPajaros                 main
     00001124  _loadGrapVRAM                      main
     00001203  _dibujaPajaros                     main
     0000132B  _playMusic                         main
     00001331  _disableSprites                    main
     0000134F  _main                              main
     00001456  __mulint                           
     00001458  __mul16                            
     00001473  _vprintf                           vprintf
     0000147F  _printf                            vprintf
     00001496  __divschar                         
     00001498  __div8                             
     0000149C  __div_signexte                     
     000014A0  __div16                            
     000014A0  __divsint                          
     000014C6  __get_remainder                    
     000015AF  __print_format                     printf_large
     0000201B  __divuchar                         
     0000201D  __divu8                            
     00002020  __divu16                           
     00002020  __divuint                          
     0000204F  ___sdcc_call_hl                    
     00002050  _strlen                            

ASxxxx Linker V03.00/V05.40 + sdld,  page 4.
Hexadecimal  [32-Bits]

Area                                    Addr        Size        Decimal Bytes (Attributes)
--------------------------------        ----        ----        ------- ----- ------------
_HEADER0                            00000000    00000003 =           3. bytes (ABS,CON)

      Value  Global                              Global Defined In Module
      -----  --------------------------------   ------------------------
ASxxxx Linker V03.00/V05.40 + sdld,  page 5.
Hexadecimal  [32-Bits]

Area                                    Addr        Size        Decimal Bytes (Attributes)
--------------------------------        ----        ----        ------- ----- ------------
_HEADER1                            00000000    00000003 =           3. bytes (ABS,CON)

      Value  Global                              Global Defined In Module
      -----  --------------------------------   ------------------------
ASxxxx Linker V03.00/V05.40 + sdld,  page 6.
Hexadecimal  [32-Bits]

Area                                    Addr        Size        Decimal Bytes (Attributes)
--------------------------------        ----        ----        ------- ----- ------------
_HEADER2                            00000000    00000003 =           3. bytes (ABS,CON)

      Value  Global                              Global Defined In Module
      -----  --------------------------------   ------------------------
ASxxxx Linker V03.00/V05.40 + sdld,  page 7.
Hexadecimal  [32-Bits]

Area                                    Addr        Size        Decimal Bytes (Attributes)
--------------------------------        ----        ----        ------- ----- ------------
_HEADER3                            00000000    00000003 =           3. bytes (ABS,CON)

      Value  Global                              Global Defined In Module
      -----  --------------------------------   ------------------------
ASxxxx Linker V03.00/V05.40 + sdld,  page 8.
Hexadecimal  [32-Bits]

Area                                    Addr        Size        Decimal Bytes (Attributes)
--------------------------------        ----        ----        ------- ----- ------------
_HEADER4                            00000000    00000003 =           3. bytes (ABS,CON)

      Value  Global                              Global Defined In Module
      -----  --------------------------------   ------------------------
ASxxxx Linker V03.00/V05.40 + sdld,  page 9.
Hexadecimal  [32-Bits]

Area                                    Addr        Size        Decimal Bytes (Attributes)
--------------------------------        ----        ----        ------- ----- ------------
_HEADER5                            00000000    00000003 =           3. bytes (ABS,CON)

      Value  Global                              Global Defined In Module
      -----  --------------------------------   ------------------------
ASxxxx Linker V03.00/V05.40 + sdld,  page 10.
Hexadecimal  [32-Bits]

Area                                    Addr        Size        Decimal Bytes (Attributes)
--------------------------------        ----        ----        ------- ----- ------------
_HEADER6                            00000000    00000003 =           3. bytes (ABS,CON)

      Value  Global                              Global Defined In Module
      -----  --------------------------------   ------------------------
ASxxxx Linker V03.00/V05.40 + sdld,  page 11.
Hexadecimal  [32-Bits]

Area                                    Addr        Size        Decimal Bytes (Attributes)
--------------------------------        ----        ----        ------- ----- ------------
_HEADER7                            00000000    00000003 =           3. bytes (ABS,CON)

      Value  Global                              Global Defined In Module
      -----  --------------------------------   ------------------------
ASxxxx Linker V03.00/V05.40 + sdld,  page 12.
Hexadecimal  [32-Bits]

Area                                    Addr        Size        Decimal Bytes (Attributes)
--------------------------------        ----        ----        ------- ----- ------------
_HEADER8                            00000000    00000010 =          16. bytes (ABS,CON)

      Value  Global                              Global Defined In Module
      -----  --------------------------------   ------------------------
ASxxxx Linker V03.00/V05.40 + sdld,  page 13.
Hexadecimal  [32-Bits]

Area                                    Addr        Size        Decimal Bytes (Attributes)
--------------------------------        ----        ----        ------- ----- ------------
_HOME                               0000205C    00000002 =           2. bytes (REL,CON)

      Value  Global                              Global Defined In Module
      -----  --------------------------------   ------------------------
     0000205C  ___sdcc_external_startup           _startup

ASxxxx Linker V03.00/V05.40 + sdld,  page 14.
Hexadecimal  [32-Bits]

Area                                    Addr        Size        Decimal Bytes (Attributes)
--------------------------------        ----        ----        ------- ----- ------------
_INITIALIZER                        0000205E    0000012C =         300. bytes (REL,CON)

      Value  Global                              Global Defined In Module
      -----  --------------------------------   ------------------------
ASxxxx Linker V03.00/V05.40 + sdld,  page 15.
Hexadecimal  [32-Bits]

Area                                    Addr        Size        Decimal Bytes (Attributes)
--------------------------------        ----        ----        ------- ----- ------------
_GSINIT                             0000218A    00000025 =          37. bytes (REL,CON)

      Value  Global                              Global Defined In Module
      -----  --------------------------------   ------------------------
     0000218A  gsinit                             crt0

ASxxxx Linker V03.00/V05.40 + sdld,  page 16.
Hexadecimal  [32-Bits]

Area                                    Addr        Size        Decimal Bytes (Attributes)
--------------------------------        ----        ----        ------- ----- ------------
_GSFINAL                            000021AF    00000001 =           1. bytes (REL,CON)

      Value  Global                              Global Defined In Module
      -----  --------------------------------   ------------------------
ASxxxx Linker V03.00/V05.40 + sdld,  page 17.
Hexadecimal  [32-Bits]

Area                                    Addr        Size        Decimal Bytes (Attributes)
--------------------------------        ----        ----        ------- ----- ------------
_DATA                               00008000    00000406 =        1030. bytes (REL,CON)

      Value  Global                              Global Defined In Module
      -----  --------------------------------   ------------------------
     00008000  _buffer64                          main
     00008040  _hardwareSprites                   main
     00008340  _SpriteTableY2                     main
     00008342  _SpriteTableXN2                    main
     00008344  _SpriteNextFree2                   main
     00008346  _pajaros                           main
     00008404  _numSprites                        main

ASxxxx Linker V03.00/V05.40 + sdld,  page 18.
Hexadecimal  [32-Bits]

Area                                    Addr        Size        Decimal Bytes (Attributes)
--------------------------------        ----        ----        ------- ----- ------------
_INITIALIZED                        00008406    0000012C =         300. bytes (REL,CON)

      Value  Global                              Global Defined In Module
      -----  --------------------------------   ------------------------
     00008406  _nextVRAMsprites                   main
     00008408  _flipArray                         main
     00008508  _maxSalto                          main
     00008509  _alex                              main
     00008513  _lastFrame                         main
     00008514  _spriteAlex                        main
     0000851E  _spritePajaro                      main
     00008528  _spritePuno                        main

ASxxxx Linker V03.00/V05.40 + sdld,  page 19.
Hexadecimal  [32-Bits]

Area                                    Addr        Size        Decimal Bytes (Attributes)
--------------------------------        ----        ----        ------- ----- ------------
_CABS0                              00000000    00000010 =          16. bytes (ABS,CON)

      Value  Global                              Global Defined In Module
      -----  --------------------------------   ------------------------
     00007FF0  ___SMS__SEGA_signature             main

ASxxxx Linker V03.00/V05.40 + sdld,  page 20.
Hexadecimal  [32-Bits]

Area                                    Addr        Size        Decimal Bytes (Attributes)
--------------------------------        ----        ----        ------- ----- ------------
_CABS1                              00000000    00000005 =           5. bytes (ABS,CON)

      Value  Global                              Global Defined In Module
      -----  --------------------------------   ------------------------
     00007FDB  ___SMS__SDSC_author                main

ASxxxx Linker V03.00/V05.40 + sdld,  page 21.
Hexadecimal  [32-Bits]

Area                                    Addr        Size        Decimal Bytes (Attributes)
--------------------------------        ----        ----        ------- ----- ------------
_CABS2                              00000000    0000000E =          14. bytes (ABS,CON)

      Value  Global                              Global Defined In Module
      -----  --------------------------------   ------------------------
     00007FCD  ___SMS__SDSC_name                  main

ASxxxx Linker V03.00/V05.40 + sdld,  page 22.
Hexadecimal  [32-Bits]

Area                                    Addr        Size        Decimal Bytes (Attributes)
--------------------------------        ----        ----        ------- ----- ------------
_CABS3                              00000000    00000011 =          17. bytes (ABS,CON)

      Value  Global                              Global Defined In Module
      -----  --------------------------------   ------------------------
     00007FBC  ___SMS__SDSC_descr                 main

ASxxxx Linker V03.00/V05.40 + sdld,  page 23.
Hexadecimal  [32-Bits]

Area                                    Addr        Size        Decimal Bytes (Attributes)
--------------------------------        ----        ----        ------- ----- ------------
_CABS4                              00000000    00000010 =          16. bytes (ABS,CON)

      Value  Global                              Global Defined In Module
      -----  --------------------------------   ------------------------
     00007FE0  ___SMS__SDSC_signature             main

ASxxxx Linker V03.00/V05.40 + sdld,  page 24.

Files Linked                              [ module(s) ]

./sdcc/bin/../share/sdcc/lib/z80/crt0.rel
                                          [ crt0 ]
main.rel                                  [ main ]


Libraries Linked                          [ object file ]

./sdcc/bin/../share/sdcc/lib/z80/z80.lib  [ mul.rel ]
./sdcc/bin/../share/sdcc/lib/z80/z80.lib  [ _startup.rel ]
./sdcc/bin/../share/sdcc/lib/z80/z80.lib  [ vprintf.rel ]
./sdcc/bin/../share/sdcc/lib/z80/z80.lib  [ divsigned.rel ]
./sdcc/bin/../share/sdcc/lib/z80/z80.lib  [ printf_large.rel ]
./sdcc/bin/../share/sdcc/lib/z80/z80.lib  [ divunsigned.rel ]
./sdcc/bin/../share/sdcc/lib/z80/z80.lib  [ __sdcc_call_hl.rel ]
./sdcc/bin/../share/sdcc/lib/z80/z80.lib  [ strlen.rel ]

ASxxxx Linker V03.00/V05.40 + sdld,  page 25.

User Base Address Definitions

_CODE = 0x0200
_DATA = 0x8000


?ASlink-Warning-Undefined Global '_SMS_updateSpritePosition' referenced by module 'main'

?ASlink-Warning-Undefined Global '_SMS_setSpritePaletteColor' referenced by module 'main'

?ASlink-Warning-Undefined Global '_sonicpalette_inc' referenced by module 'main'

?ASlink-Warning-Undefined Global '_SMS_VRAMmemsetW' referenced by module 'main'

?ASlink-Warning-Undefined Global '_SMS_getKeysHeld' referenced by module 'main'

?ASlink-Warning-Undefined Global '_SMS_waitForVBlank' referenced by module 'main'

?ASlink-Warning-Undefined Global '_emeraldhill_psg' referenced by module 'main'

?ASlink-Warning-Undefined Global '_SMS_setBGScrollX' referenced by module 'main'

?ASlink-Warning-Undefined Global '_SMS_setBGScrollY' referenced by module 'main'

?ASlink-Warning-Undefined Global '_SMS_initSprites' referenced by module 'main'

?ASlink-Warning-Undefined Global '_PSGSFXPlay' referenced by module 'main'

?ASlink-Warning-Undefined Global '_tiles_de_prueba2_inc' referenced by module 'main'

?ASlink-Warning-Undefined Global '_putchar' referenced by module 'vprintf'

?ASlink-Warning-Undefined Global '_SMS_addSprite_f' referenced by module 'main'

?ASlink-Warning-Undefined Global '_SMS_queryPauseRequested' referenced by module 'main'

?ASlink-Warning-Undefined Global '_SMS_loadSpritePalette' referenced by module 'main'

?ASlink-Warning-Undefined Global '_SpriteTableY' referenced by module 'main'

?ASlink-Warning-Undefined Global '_spriteAlex_inc' referenced by module 'main'

?ASlink-Warning-Undefined Global '_tilemap_de_prueba2_inc' referenced by module 'main'

?ASlink-Warning-Undefined Global '_PSGPlay' referenced by module 'main'

?ASlink-Warning-Undefined Global '_SMS_getKeysPressed' referenced by module 'main'

?ASlink-Warning-Undefined Global '_SpriteTableXN' referenced by module 'main'

?ASlink-Warning-Undefined Global '_PSGSFXFrame' referenced by module 'main'

?ASlink-Warning-Undefined Global '_SMS_init' referenced by module 'main'

?ASlink-Warning-Undefined Global '_paleta_de_prueba2_inc' referenced by module 'main'

?ASlink-Warning-Undefined Global '_SMS_loadBGPalette' referenced by module 'main'

?ASlink-Warning-Undefined Global '_palleteAlex_inc' referenced by module 'main'

?ASlink-Warning-Undefined Global '_special_psg' referenced by module 'main'

?ASlink-Warning-Undefined Global '_titulo_psg' referenced by module 'main'

?ASlink-Warning-Undefined Global '_salto_psg' referenced by module 'main'

?ASlink-Warning-Undefined Global '_spritePajaro_inc' referenced by module 'main'

?ASlink-Warning-Undefined Global '_SMS_VDPturnOnFeature' referenced by module 'main'

?ASlink-Warning-Undefined Global '_SMS_VRAMmemcpy' referenced by module 'main'

?ASlink-Warning-Undefined Global '_SMS_setFrameInterruptHandler' referenced by module 'main'

?ASlink-Warning-Undefined Global '_PSGFrame' referenced by module 'main'

?ASlink-Warning-Undefined Global '_SpriteNextFree' referenced by module 'main'

?ASlink-Warning-Undefined Global '_SMS_setSpriteMode' referenced by module 'main'

?ASlink-Warning-Undefined Global '_puno_inc' referenced by module 'main'

?ASlink-Warning-Undefined Global '_SMS_resetPauseRequest' referenced by module 'main'
