ASxxxx Linker V03.00/V05.40 + sdld,  page 1.
Hexadecimal  [32-Bits]

Area                                    Addr        Size        Decimal Bytes (Attributes)
--------------------------------        ----        ----        ------- ----- ------------
.  .ABS.                            00000000    00000000 =           0. bytes (ABS,CON)

      Value  Global                              Global Defined In Module
      -----  --------------------------------   ------------------------
     00000000  .__.ABS.                           
     00000000  l__BSEG                         
     00000000  l__BSS                          
     00000000  l__CABS                         
     00000000  l__DABS                         
     00000000  l__HEADER                       
     00000000  l__HEAP                         
     00000000  l__HOME                         
     00000000  s__CABS                         
     00000000  s__CABS0                        
     00000000  s__CABS1                        
     00000000  s__CABS2                        
     00000000  s__CABS3                        
     00000000  s__CABS4                        
     00000000  s__DABS                         
     00000000  s__HEADER                       
     00000000  s__HEADER0                      
     00000000  s__HEADER1                      
     00000000  s__HEADER2                      
     00000000  s__HEADER3                      
     00000000  s__HEADER4                      
     00000001  l__GSFINAL                      
     00000005  l__CABS1                        
     00000008  l__HEADER0                      
     00000009  l__HEADER1                      
     0000000E  l__CABS2                        
     0000000F  l__GSINIT                       
     00000010  l__CABS0                        
     00000010  l__CABS4                        
     00000011  l__CABS3                        
     0000001F  l__HEADER2                      
     0000002B  l__HEADER3                      
     0000002C  l__INITIALIZED                  
     0000002C  l__INITIALIZER                  
     00000104  l__HEADER4                      
     00000200  s__CODE                         
     00000441  l__DATA                         
     00008000  _SMS_SRAM                          SMSlib_textrenderer
     00008B84  l__CODE                         
     00008D84  s__HOME                         
     00008D84  s__INITIALIZER                  
     00008DB0  s__GSINIT                       
     00008DBF  s__GSFINAL                      
     0000C000  s__DATA                         
     0000C441  s__INITIALIZED                  
     0000C46D  s__BSEG                         
     0000C46D  s__BSS                          
     0000C46D  s__HEAP                         
     0000FFFC  _SRAM_bank_to_be_mapped_on_slot2   SMSlib_textrenderer
     0000FFFD  _ROM_bank_to_be_mapped_on_slot0    SMSlib_textrenderer
ASxxxx Linker V03.00/V05.40 + sdld,  page 2.
Hexadecimal  [32-Bits]

Area                                    Addr        Size        Decimal Bytes (Attributes)
--------------------------------        ----        ----        ------- ----- ------------
.  .ABS.                            00000000    00000000 =           0. bytes (ABS,CON)

      Value  Global                              Global Defined In Module
      -----  --------------------------------   ------------------------
     0000FFFE  _ROM_bank_to_be_mapped_on_slot1    SMSlib_textrenderer
     0000FFFF  _ROM_bank_to_be_mapped_on_slot2    SMSlib_textrenderer

ASxxxx Linker V03.00/V05.40 + sdld,  page 3.
Hexadecimal  [32-Bits]

Area                                    Addr        Size        Decimal Bytes (Attributes)
--------------------------------        ----        ----        ------- ----- ------------
_CODE                               00000200    00008B84 =       35716. bytes (REL,CON)

      Value  Global                              Global Defined In Module
      -----  --------------------------------   ------------------------
     00000200  _generateSprite                    main
     000002AA  _generateSpriteNoRAM               main
     00000359  _addHardwareSprite                 main
     0000040B  _initSpritesVariables              main
     0000043A  _draw_entidad                      main
     00000684  _canUp                             main
     00000690  _canDown                           main
     0000069E  _canLeft                           main
     000006AA  _canRight                          main
     000006B8  _moveAlexSuelo                     main
     00000835  _moveAlexAire                      main
     00000931  _moveAlex                          main
     00000968  _inicializaPajaros                 main
     000009B0  _loadGrapVRAM                      main
     00000A69  _dibujaPajaros                     main
     00000AC9  _playMusic                         main
     00000ACF  _disableSprites                    main
     00000AED  _main                              main
     00000C05  _sonicpalette_inc                  bank1
     00000C13  _sonictilemap_inc                  bank1
     00001213  _puno_inc                          bank1
     00001293  _spriteAlex_inc                    bank1
     00002293  _sonictiles_inc                    bank1
     00003753  _palleteAlex_inc                   bank1
     0000375B  _spritePajaro_inc                  bank1
     000038DB  _emeraldhill_psg                   bank2
     00003BC1  _special_psg                       bank2
     000064AA  _salto_psg                         bank2
     000064E9  _nuestro_psg                       bank2
     00006934  _greenhill_psg                     bank2
     00006D6F  _titulo_psg                        bank2
     000076DA  _PSGStop                           PSGlib
     0000770D  _PSGResume                         PSGlib
     0000782E  _PSGPlay                           PSGlib
     0000786D  _PSGPlayLoops                      PSGlib
     00007884  _PSGCancelLoop                     PSGlib
     0000788F  _PSGPlayNoRepeat                   PSGlib
     0000789D  _PSGGetStatus                      PSGlib
     000078A1  _PSGSilenceChannels                PSGlib
     000078B2  _PSGRestoreVolumes                 PSGlib
     000079AF  _PSGSetMusicVolumeAttenuation      PSGlib
     00007A95  _PSGSFXStop                        PSGlib
     00007BFA  _PSGSFXPlay                        PSGlib
     00007C5E  _PSGSFXCancelLoop                  PSGlib
     00007C64  _PSGSFXGetStatus                   PSGlib
     00007C68  _PSGSFXPlayLoop                    PSGlib
     00007C83  _PSGFrame                          PSGlib
     00007DEB  _PSGSFXFrame                       PSGlib
     00007E83  _SMS_reserveSprite                 SMSlib_spriteAdv
     00007EA2  _SMS_updateSpritePosition          SMSlib_spriteAdv
ASxxxx Linker V03.00/V05.40 + sdld,  page 4.
Hexadecimal  [32-Bits]

Area                                    Addr        Size        Decimal Bytes (Attributes)
--------------------------------        ----        ----        ------- ----- ------------
_CODE                               00000200    00008B84 =       35716. bytes (REL,CON)

      Value  Global                              Global Defined In Module
      -----  --------------------------------   ------------------------
     00007ED6  _SMS_updateSpriteImage             SMSlib_spriteAdv
     00007EE3  _SMS_hideSprite                    SMSlib_spriteAdv
     00007EED  _SMS_VRAMmemset_f                  SMSlib_VRAMmemset
     00007F09  _SMS_VRAMmemsetW                   SMSlib_VRAMmemset
     00007F1C  _SMS_init                          SMSlib
     00007F48  _VDPReg_init                       SMSlib
     00007F53  _SMS_VDPturnOnFeature              SMSlib
     00007F68  _SMS_VDPturnOffFeature             SMSlib
     00007F80  _SMS_setBGScrollX                  SMSlib
     00007F8A  _SMS_setBGScrollY                  SMSlib
     00007F94  _SMS_setBackdropColor              SMSlib
     00007F9E  _SMS_useFirstHalfTilesforSprites   SMSlib
     00007FB4  _SMS_setSpriteMode                 SMSlib
     00008001  _SMS_setBGPaletteColor             SMSlib
     0000800E  _SMS_setSpritePaletteColor         SMSlib
     0000801B  _SMS_loadBGPalette                 SMSlib
     0000802F  _SMS_loadSpritePalette             SMSlib
     00008043  _SMS_setColor                      SMSlib
     00008047  _SMS_waitForVBlank                 SMSlib
     00008054  _SMS_getKeysStatus                 SMSlib
     00008059  _SMS_getKeysPressed                SMSlib
     0000806E  _SMS_getKeysHeld                   SMSlib
     00008081  _SMS_getKeysReleased               SMSlib
     0000809A  _SMS_queryPauseRequested           SMSlib
     0000809E  _SMS_resetPauseRequest             SMSlib
     000080A4  _SMS_setFrameInterruptHandler      SMSlib
     000080A8  _SMS_setLineInterruptHandler       SMSlib
     000080AC  _SMS_setLineCounter                SMSlib
     000080B6  _SMS_getVCount                     SMSlib
     000080B9  _SMS_getHCount                     SMSlib
     000080BC  _SMS_isr                           SMSlib
     00008104  _SMS_nmi_isr                       SMSlib
     0000810D  _SMS_initSprites                   SMSlib_sprite
     00008113  _SMS_addSprite_f                   SMSlib_sprite
     0000813E  _SMS_copySpritestoSAT              SMSlib_sprite
     00008172  ___sdcc_call_hl                    
     00008173  _SMS_VRAMmemcpy                    SMSlib_VRAMmemcpy
     00008190  _vprintf                           vprintf
     0000819C  _printf                            vprintf
     000081B3  __divschar                         
     000081B5  __div8                             
     000081B9  __div_signexte                     
     000081BD  __div16                            
     000081BD  __divsint                          
     000081E3  __get_remainder                    
     000082CC  __print_format                     printf_large
     00008D38  _SMS_configureTextRenderer         SMSlib_textrenderer
     00008D3C  _putchar                           SMSlib_textrenderer
     00008D44  __divuchar                         
     00008D46  __divu8                            
     00008D49  __divu16                           
ASxxxx Linker V03.00/V05.40 + sdld,  page 5.
Hexadecimal  [32-Bits]

Area                                    Addr        Size        Decimal Bytes (Attributes)
--------------------------------        ----        ----        ------- ----- ------------
_CODE                               00000200    00008B84 =       35716. bytes (REL,CON)

      Value  Global                              Global Defined In Module
      -----  --------------------------------   ------------------------
     00008D49  __divuint                          
     00008D78  _strlen                            

ASxxxx Linker V03.00/V05.40 + sdld,  page 6.
Hexadecimal  [32-Bits]

Area                                    Addr        Size        Decimal Bytes (Attributes)
--------------------------------        ----        ----        ------- ----- ------------
_HEADER0                            00000000    00000008 =           8. bytes (ABS,CON)

      Value  Global                              Global Defined In Module
      -----  --------------------------------   ------------------------
ASxxxx Linker V03.00/V05.40 + sdld,  page 7.
Hexadecimal  [32-Bits]

Area                                    Addr        Size        Decimal Bytes (Attributes)
--------------------------------        ----        ----        ------- ----- ------------
_HEADER1                            00000000    00000009 =           9. bytes (ABS,CON)

      Value  Global                              Global Defined In Module
      -----  --------------------------------   ------------------------
     00000008  _SMS_crt0_RST08                    crt0

ASxxxx Linker V03.00/V05.40 + sdld,  page 8.
Hexadecimal  [32-Bits]

Area                                    Addr        Size        Decimal Bytes (Attributes)
--------------------------------        ----        ----        ------- ----- ------------
_HEADER2                            00000000    0000001F =          31. bytes (ABS,CON)

      Value  Global                              Global Defined In Module
      -----  --------------------------------   ------------------------
     00000018  _SMS_crt0_RST18                    crt0
     0000002F  get_bank                           crt0
     00000033  set_bank                           crt0
ASxxxx Linker V03.00/V05.40 + sdld,  page 9.
Hexadecimal  [32-Bits]

Area                                    Addr        Size        Decimal Bytes (Attributes)
--------------------------------        ----        ----        ------- ----- ------------
_HEADER3                            00000000    0000002B =          43. bytes (ABS,CON)

      Value  Global                              Global Defined In Module
      -----  --------------------------------   ------------------------
ASxxxx Linker V03.00/V05.40 + sdld,  page 10.
Hexadecimal  [32-Bits]

Area                                    Addr        Size        Decimal Bytes (Attributes)
--------------------------------        ----        ----        ------- ----- ------------
_HEADER4                            00000000    00000104 =         260. bytes (ABS,CON)

      Value  Global                              Global Defined In Module
      -----  --------------------------------   ------------------------
     00000069  _OUTI128                           crt0
     000000E9  _OUTI64                            crt0
     00000129  _OUTI32                            crt0
     00000169  _outi_block                        crt0

ASxxxx Linker V03.00/V05.40 + sdld,  page 11.
Hexadecimal  [32-Bits]

Area                                    Addr        Size        Decimal Bytes (Attributes)
--------------------------------        ----        ----        ------- ----- ------------
_INITIALIZER                        00008D84    0000002C =          44. bytes (REL,CON)

      Value  Global                              Global Defined In Module
      -----  --------------------------------   ------------------------
ASxxxx Linker V03.00/V05.40 + sdld,  page 12.
Hexadecimal  [32-Bits]

Area                                    Addr        Size        Decimal Bytes (Attributes)
--------------------------------        ----        ----        ------- ----- ------------
_GSINIT                             00008DB0    0000000F =          15. bytes (REL,CON)

      Value  Global                              Global Defined In Module
      -----  --------------------------------   ------------------------
     00008DB0  gsinit                             crt0

ASxxxx Linker V03.00/V05.40 + sdld,  page 13.
Hexadecimal  [32-Bits]

Area                                    Addr        Size        Decimal Bytes (Attributes)
--------------------------------        ----        ----        ------- ----- ------------
_GSFINAL                            00008DBF    00000001 =           1. bytes (REL,CON)

      Value  Global                              Global Defined In Module
      -----  --------------------------------   ------------------------
ASxxxx Linker V03.00/V05.40 + sdld,  page 14.
Hexadecimal  [32-Bits]

Area                                    Addr        Size        Decimal Bytes (Attributes)
--------------------------------        ----        ----        ------- ----- ------------
_DATA                               0000C000    00000441 =        1089. bytes (REL,CON)

      Value  Global                              Global Defined In Module
      -----  --------------------------------   ------------------------
     0000C000  _hardwareSprites                   main
     0000C300  _SpriteTableY2                     main
     0000C302  _SpriteTableXN2                    main
     0000C304  _SpriteNextFree2                   main
     0000C306  _pajaros                           main
     0000C342  _numSprites                        main
     0000C344  _PSGMusicStatus                    PSGlib
     0000C345  _PSGMusicStart                     PSGlib
     0000C347  _PSGMusicPointer                   PSGlib
     0000C349  _PSGMusicLoopPoint                 PSGlib
     0000C34B  _PSGMusicSkipFrames                PSGlib
     0000C34C  _PSGLoopFlag                       PSGlib
     0000C34D  _PSGLoopCounter                    PSGlib
     0000C34E  _PSGMusicLastLatch                 PSGlib
     0000C34F  _PSGMusicVolumeAttenuation         PSGlib
     0000C350  _PSGMusicSubstringLen              PSGlib
     0000C351  _PSGMusicSubstringRetAddr          PSGlib
     0000C353  _PSGChan0Volume                    PSGlib
     0000C354  _PSGChan1Volume                    PSGlib
     0000C355  _PSGChan2Volume                    PSGlib
     0000C356  _PSGChan3Volume                    PSGlib
     0000C357  _PSGChan0LowTone                   PSGlib
     0000C358  _PSGChan0HighTone                  PSGlib
     0000C359  _PSGChan1LowTone                   PSGlib
     0000C35A  _PSGChan1HighTone                  PSGlib
     0000C35B  _PSGChan2LowTone                   PSGlib
     0000C35C  _PSGChan2HighTone                  PSGlib
     0000C35D  _PSGChan3LowTone                   PSGlib
     0000C35E  _PSGChannel0SFX                    PSGlib
     0000C35F  _PSGChannel1SFX                    PSGlib
     0000C360  _PSGChannel2SFX                    PSGlib
     0000C361  _PSGChannel3SFX                    PSGlib
     0000C362  _PSGSFXChan0Volume                 PSGlib
     0000C363  _PSGSFXChan1Volume                 PSGlib
     0000C364  _PSGSFXChan2Volume                 PSGlib
     0000C365  _PSGSFXChan3Volume                 PSGlib
     0000C366  _PSGSFXStatus                      PSGlib
     0000C367  _PSGSFXStart                       PSGlib
     0000C369  _PSGSFXPointer                     PSGlib
     0000C36B  _PSGSFXLoopPoint                   PSGlib
     0000C36D  _PSGSFXSkipFrames                  PSGlib
     0000C36E  _PSGSFXLoopFlag                    PSGlib
     0000C36F  _PSGSFXSubstringLen                PSGlib
     0000C370  _PSGSFXSubstringRetAddr            PSGlib
     0000C372  _VDPBlank                          SMSlib
     0000C373  _SMS_VDPFlags                      SMSlib
     0000C374  _PauseRequested                    SMSlib
     0000C375  _SMS_Port3EBIOSvalue               SMSlib
     0000C376  _SMS_theFrameInterruptHandler      SMSlib
     0000C378  _KeysStatus                        SMSlib
ASxxxx Linker V03.00/V05.40 + sdld,  page 15.
Hexadecimal  [32-Bits]

Area                                    Addr        Size        Decimal Bytes (Attributes)
--------------------------------        ----        ----        ------- ----- ------------
_DATA                               0000C000    00000441 =        1089. bytes (REL,CON)

      Value  Global                              Global Defined In Module
      -----  --------------------------------   ------------------------
     0000C37A  _PreviousKeysStatus                SMSlib
     0000C37C  _SMS_theLineInterruptHandler       SMSlib
     0000C37E  _SpriteTableY                      SMSlib_sprite
     0000C3BE  _SpriteTableXN                     SMSlib_sprite
     0000C43E  _SpriteNextFree                    SMSlib_sprite
     0000C43F  _SMS_TextRenderer_offset           SMSlib_textrenderer

ASxxxx Linker V03.00/V05.40 + sdld,  page 16.
Hexadecimal  [32-Bits]

Area                                    Addr        Size        Decimal Bytes (Attributes)
--------------------------------        ----        ----        ------- ----- ------------
_INITIALIZED                        0000C441    0000002C =          44. bytes (REL,CON)

      Value  Global                              Global Defined In Module
      -----  --------------------------------   ------------------------
     0000C441  _nextVRAMsprites                   main
     0000C443  _maxSalto                          main
     0000C444  _alex                              main
     0000C44A  _spriteAlex                        main
     0000C454  _spritePajaro                      main
     0000C45E  _spritePuno                        main
     0000C468  _VDPReg                            SMSlib
     0000C46A  _spritesHeight                     SMSlib
     0000C46B  _spritesWidth                      SMSlib
     0000C46C  _spritesTileOffset                 SMSlib

ASxxxx Linker V03.00/V05.40 + sdld,  page 17.
Hexadecimal  [32-Bits]

Area                                    Addr        Size        Decimal Bytes (Attributes)
--------------------------------        ----        ----        ------- ----- ------------
_CABS0                              00000000    00000010 =          16. bytes (ABS,CON)

      Value  Global                              Global Defined In Module
      -----  --------------------------------   ------------------------
     00007FF0  ___SMS__SEGA_signature             main

ASxxxx Linker V03.00/V05.40 + sdld,  page 18.
Hexadecimal  [32-Bits]

Area                                    Addr        Size        Decimal Bytes (Attributes)
--------------------------------        ----        ----        ------- ----- ------------
_CABS1                              00000000    00000005 =           5. bytes (ABS,CON)

      Value  Global                              Global Defined In Module
      -----  --------------------------------   ------------------------
     00007FDB  ___SMS__SDSC_author                main

ASxxxx Linker V03.00/V05.40 + sdld,  page 19.
Hexadecimal  [32-Bits]

Area                                    Addr        Size        Decimal Bytes (Attributes)
--------------------------------        ----        ----        ------- ----- ------------
_CABS2                              00000000    0000000E =          14. bytes (ABS,CON)

      Value  Global                              Global Defined In Module
      -----  --------------------------------   ------------------------
     00007FCD  ___SMS__SDSC_name                  main

ASxxxx Linker V03.00/V05.40 + sdld,  page 20.
Hexadecimal  [32-Bits]

Area                                    Addr        Size        Decimal Bytes (Attributes)
--------------------------------        ----        ----        ------- ----- ------------
_CABS3                              00000000    00000011 =          17. bytes (ABS,CON)

      Value  Global                              Global Defined In Module
      -----  --------------------------------   ------------------------
     00007FBC  ___SMS__SDSC_descr                 main

ASxxxx Linker V03.00/V05.40 + sdld,  page 21.
Hexadecimal  [32-Bits]

Area                                    Addr        Size        Decimal Bytes (Attributes)
--------------------------------        ----        ----        ------- ----- ------------
_CABS4                              00000000    00000010 =          16. bytes (ABS,CON)

      Value  Global                              Global Defined In Module
      -----  --------------------------------   ------------------------
     00007FE0  ___SMS__SDSC_signature             main

ASxxxx Linker V03.00/V05.40 + sdld,  page 22.

Files Linked                              [ module(s) ]

crt0_sms.rel                              [ crt0 ]
main.rel                                  [ main ]
bank1.rel                                 [ bank1 ]
bank2.rel                                 [ bank2 ]
PSGlib.rel                                [ PSGlib ]


Libraries Linked                          [ object file ]

SMSlib.lib                                [ SMSlib_spriteAdv.rel ]
SMSlib.lib                                [ SMSlib_VRAMmemset.rel ]
SMSlib.lib                                [ SMSlib.rel ]
SMSlib.lib                                [ SMSlib_sprite.rel ]
./sdcc/bin/../share/sdcc/lib/z80/z80.lib  [ __sdcc_call_hl.rel ]
SMSlib.lib                                [ SMSlib_VRAMmemcpy.rel ]
./sdcc/bin/../share/sdcc/lib/z80/z80.lib  [ vprintf.rel ]
./sdcc/bin/../share/sdcc/lib/z80/z80.lib  [ divsigned.rel ]
./sdcc/bin/../share/sdcc/lib/z80/z80.lib  [ printf_large.rel ]
SMSlib.lib                                [ SMSlib_textrenderer.rel ]
./sdcc/bin/../share/sdcc/lib/z80/z80.lib  [ divunsigned.rel ]
./sdcc/bin/../share/sdcc/lib/z80/z80.lib  [ strlen.rel ]

ASxxxx Linker V03.00/V05.40 + sdld,  page 23.

User Base Address Definitions

_CODE = 0x0200
_DATA = 0xc000

