ASxxxx Linker V03.00/V05.40 + sdld,  page 1.
Hexadecimal  [32-Bits]

Area                                    Addr        Size        Decimal Bytes (Attributes)
--------------------------------        ----        ----        ------- ----- ------------
.  .ABS.                            00000000    00000000 =           0. bytes (ABS,CON)

      Value  Global                              Global Defined In Module
      -----  --------------------------------   ------------------------
     00000000  .__.ABS.                           
     00000000  l__BSEG                         
     00000000  l__BSS                          
     00000000  l__CABS                         
     00000000  l__DABS                         
     00000000  l__HEADER                       
     00000000  l__HEAP                         
     00000000  l__HOME                         
     00000000  s__CABS                         
     00000000  s__CABS0                        
     00000000  s__CABS1                        
     00000000  s__CABS2                        
     00000000  s__CABS3                        
     00000000  s__CABS4                        
     00000000  s__DABS                         
     00000000  s__HEADER                       
     00000000  s__HEADER0                      
     00000000  s__HEADER1                      
     00000000  s__HEADER2                      
     00000000  s__HEADER3                      
     00000000  s__HEADER4                      
     00000001  l__GSFINAL                      
     00000008  l__CABS1                        
     00000008  l__HEADER0                      
     00000009  l__HEADER1                      
     0000000E  l__CABS2                        
     0000000F  l__GSINIT                       
     00000010  l__CABS0                        
     00000010  l__CABS4                        
     00000011  l__CABS3                        
     0000001F  l__HEADER2                      
     00000023  l__INITIALIZED                  
     00000023  l__INITIALIZER                  
     0000002B  l__HEADER3                      
     00000104  l__HEADER4                      
     0000014B  l__DATA                         
     00000200  s__CODE                         
     00008000  _SMS_SRAM                          SMSlib_textrenderer
     00008567  l__CODE                         
     00008767  s__HOME                         
     00008767  s__INITIALIZER                  
     0000878A  s__GSINIT                       
     00008799  s__GSFINAL                      
     0000C000  s__DATA                         
     0000C14B  s__INITIALIZED                  
     0000C16E  s__BSEG                         
     0000C16E  s__BSS                          
     0000C16E  s__HEAP                         
     0000FFFC  _SRAM_bank_to_be_mapped_on_slot2   SMSlib_textrenderer
     0000FFFD  _ROM_bank_to_be_mapped_on_slot0    SMSlib_textrenderer
ASxxxx Linker V03.00/V05.40 + sdld,  page 2.
Hexadecimal  [32-Bits]

Area                                    Addr        Size        Decimal Bytes (Attributes)
--------------------------------        ----        ----        ------- ----- ------------
.  .ABS.                            00000000    00000000 =           0. bytes (ABS,CON)

      Value  Global                              Global Defined In Module
      -----  --------------------------------   ------------------------
     0000FFFE  _ROM_bank_to_be_mapped_on_slot1    SMSlib_textrenderer
     0000FFFF  _ROM_bank_to_be_mapped_on_slot2    SMSlib_textrenderer

ASxxxx Linker V03.00/V05.40 + sdld,  page 3.
Hexadecimal  [32-Bits]

Area                                    Addr        Size        Decimal Bytes (Attributes)
--------------------------------        ----        ----        ------- ----- ------------
_CODE                               00000200    00008567 =       34151. bytes (REL,CON)

      Value  Global                              Global Defined In Module
      -----  --------------------------------   ------------------------
     00000200  _generateSprite                    main
     000002AA  _generateSpriteNoRAM               main
     00000359  _draw_entidad                      main
     00000589  _moveAlex                          main
     0000071F  _inicializaPajaros                 main
     00000767  _loadGrapVRAM                      main
     00000800  _dibujaPajaros                     main
     00000857  _main                              main
     00000941  _sonicpalette_inc                  bank1
     0000094F  _sonictilemap_inc                  bank1
     00000F4F  _spriteAlex_inc                    bank1
     00001F4F  _sonictiles_inc                    bank1
     0000340F  _palleteAlex_inc                   bank1
     00003417  _spritePajaro_inc                  bank1
     00003597  _emeraldhill_psg                   bank2
     0000387D  _special_psg                       bank2
     00006166  _nuestro_psg                       bank2
     000065B1  _greenhill_psg                     bank2
     000069EC  _titulo_psg                        bank2
     00007357  _PSGStop                           PSGlib
     0000737E  _PSGResume                         PSGlib
     000073CA  _PSGPlay                           PSGlib
     000073F5  _PSGPlayLoops                      PSGlib
     0000740C  _PSGCancelLoop                     PSGlib
     00007417  _PSGPlayNoRepeat                   PSGlib
     00007425  _PSGGetStatus                      PSGlib
     00007429  _PSGSilenceChannels                PSGlib
     0000743A  _PSGRestoreVolumes                 PSGlib
     00007513  _PSGSetMusicVolumeAttenuation      PSGlib
     000075ED  _PSGSFXStop                        PSGlib
     000076B0  _PSGSFXPlay                        PSGlib
     00007700  _PSGSFXCancelLoop                  PSGlib
     00007706  _PSGSFXGetStatus                   PSGlib
     0000770A  _PSGSFXPlayLoop                    PSGlib
     00007725  _PSGFrame                          PSGlib
     00007849  _PSGSFXFrame                       PSGlib
     000078CF  _SMS_VRAMmemset_f                  SMSlib_VRAMmemset
     000078EB  _SMS_VRAMmemsetW                   SMSlib_VRAMmemset
     000078FE  _SMS_init                          SMSlib
     0000792A  _VDPReg_init                       SMSlib
     00007935  _SMS_VDPturnOnFeature              SMSlib
     0000794A  _SMS_VDPturnOffFeature             SMSlib
     00007962  _SMS_setBGScrollX                  SMSlib
     0000796C  _SMS_setBGScrollY                  SMSlib
     00007976  _SMS_setBackdropColor              SMSlib
     00007980  _SMS_useFirstHalfTilesforSprites   SMSlib
     00007996  _SMS_setSpriteMode                 SMSlib
     000079E3  _SMS_setBGPaletteColor             SMSlib
     000079F0  _SMS_setSpritePaletteColor         SMSlib
     000079FD  _SMS_loadBGPalette                 SMSlib
ASxxxx Linker V03.00/V05.40 + sdld,  page 4.
Hexadecimal  [32-Bits]

Area                                    Addr        Size        Decimal Bytes (Attributes)
--------------------------------        ----        ----        ------- ----- ------------
_CODE                               00000200    00008567 =       34151. bytes (REL,CON)

      Value  Global                              Global Defined In Module
      -----  --------------------------------   ------------------------
     00007A11  _SMS_loadSpritePalette             SMSlib
     00007A25  _SMS_setColor                      SMSlib
     00007A29  _SMS_waitForVBlank                 SMSlib
     00007A36  _SMS_getKeysStatus                 SMSlib
     00007A3B  _SMS_getKeysPressed                SMSlib
     00007A50  _SMS_getKeysHeld                   SMSlib
     00007A63  _SMS_getKeysReleased               SMSlib
     00007A7C  _SMS_queryPauseRequested           SMSlib
     00007A80  _SMS_resetPauseRequest             SMSlib
     00007A86  _SMS_setFrameInterruptHandler      SMSlib
     00007A8A  _SMS_setLineInterruptHandler       SMSlib
     00007A8E  _SMS_setLineCounter                SMSlib
     00007A98  _SMS_getVCount                     SMSlib
     00007A9B  _SMS_getHCount                     SMSlib
     00007A9E  _SMS_isr                           SMSlib
     00007AE6  _SMS_nmi_isr                       SMSlib
     00007AEF  _SMS_initSprites                   SMSlib_sprite
     00007AF5  _SMS_addSprite_f                   SMSlib_sprite
     00007B20  _SMS_copySpritestoSAT              SMSlib_sprite
     00007B54  ___sdcc_call_hl                    
     00007B55  _SMS_finalizeSprites               SMSlib_deprecated
     00007B56  _SMS_VRAMmemcpy                    SMSlib_VRAMmemcpy
     00007B73  _vprintf                           vprintf
     00007B7F  _printf                            vprintf
     00007B96  __divschar                         
     00007B98  __div8                             
     00007B9C  __div_signexte                     
     00007BA0  __div16                            
     00007BA0  __divsint                          
     00007BC6  __get_remainder                    
     00007CAF  __print_format                     printf_large
     0000871B  _SMS_configureTextRenderer         SMSlib_textrenderer
     0000871F  _putchar                           SMSlib_textrenderer
     00008727  __divuchar                         
     00008729  __divu8                            
     0000872C  __divu16                           
     0000872C  __divuint                          
     0000875B  _strlen                            

ASxxxx Linker V03.00/V05.40 + sdld,  page 5.
Hexadecimal  [32-Bits]

Area                                    Addr        Size        Decimal Bytes (Attributes)
--------------------------------        ----        ----        ------- ----- ------------
_HEADER0                            00000000    00000008 =           8. bytes (ABS,CON)

      Value  Global                              Global Defined In Module
      -----  --------------------------------   ------------------------
ASxxxx Linker V03.00/V05.40 + sdld,  page 6.
Hexadecimal  [32-Bits]

Area                                    Addr        Size        Decimal Bytes (Attributes)
--------------------------------        ----        ----        ------- ----- ------------
_HEADER1                            00000000    00000009 =           9. bytes (ABS,CON)

      Value  Global                              Global Defined In Module
      -----  --------------------------------   ------------------------
     00000008  _SMS_crt0_RST08                    crt0

ASxxxx Linker V03.00/V05.40 + sdld,  page 7.
Hexadecimal  [32-Bits]

Area                                    Addr        Size        Decimal Bytes (Attributes)
--------------------------------        ----        ----        ------- ----- ------------
_HEADER2                            00000000    0000001F =          31. bytes (ABS,CON)

      Value  Global                              Global Defined In Module
      -----  --------------------------------   ------------------------
     00000018  _SMS_crt0_RST18                    crt0
     0000002F  get_bank                           crt0
     00000033  set_bank                           crt0
ASxxxx Linker V03.00/V05.40 + sdld,  page 8.
Hexadecimal  [32-Bits]

Area                                    Addr        Size        Decimal Bytes (Attributes)
--------------------------------        ----        ----        ------- ----- ------------
_HEADER3                            00000000    0000002B =          43. bytes (ABS,CON)

      Value  Global                              Global Defined In Module
      -----  --------------------------------   ------------------------
ASxxxx Linker V03.00/V05.40 + sdld,  page 9.
Hexadecimal  [32-Bits]

Area                                    Addr        Size        Decimal Bytes (Attributes)
--------------------------------        ----        ----        ------- ----- ------------
_HEADER4                            00000000    00000104 =         260. bytes (ABS,CON)

      Value  Global                              Global Defined In Module
      -----  --------------------------------   ------------------------
     00000069  _OUTI128                           crt0
     000000E9  _OUTI64                            crt0
     00000129  _OUTI32                            crt0
     00000169  _outi_block                        crt0

ASxxxx Linker V03.00/V05.40 + sdld,  page 10.
Hexadecimal  [32-Bits]

Area                                    Addr        Size        Decimal Bytes (Attributes)
--------------------------------        ----        ----        ------- ----- ------------
_INITIALIZER                        00008767    00000023 =          35. bytes (REL,CON)

      Value  Global                              Global Defined In Module
      -----  --------------------------------   ------------------------
ASxxxx Linker V03.00/V05.40 + sdld,  page 11.
Hexadecimal  [32-Bits]

Area                                    Addr        Size        Decimal Bytes (Attributes)
--------------------------------        ----        ----        ------- ----- ------------
_GSINIT                             0000878A    0000000F =          15. bytes (REL,CON)

      Value  Global                              Global Defined In Module
      -----  --------------------------------   ------------------------
     0000878A  gsinit                             crt0

ASxxxx Linker V03.00/V05.40 + sdld,  page 12.
Hexadecimal  [32-Bits]

Area                                    Addr        Size        Decimal Bytes (Attributes)
--------------------------------        ----        ----        ------- ----- ------------
_GSFINAL                            00008799    00000001 =           1. bytes (REL,CON)

      Value  Global                              Global Defined In Module
      -----  --------------------------------   ------------------------
ASxxxx Linker V03.00/V05.40 + sdld,  page 13.
Hexadecimal  [32-Bits]

Area                                    Addr        Size        Decimal Bytes (Attributes)
--------------------------------        ----        ----        ------- ----- ------------
_DATA                               0000C000    0000014B =         331. bytes (REL,CON)

      Value  Global                              Global Defined In Module
      -----  --------------------------------   ------------------------
     0000C000  _finSalto                          main
     0000C002  _pajaros                           main
     0000C056  _PSGMusicStatus                    PSGlib
     0000C057  _PSGMusicStart                     PSGlib
     0000C059  _PSGMusicPointer                   PSGlib
     0000C05B  _PSGMusicLoopPoint                 PSGlib
     0000C05D  _PSGMusicSkipFrames                PSGlib
     0000C05E  _PSGLoopFlag                       PSGlib
     0000C05F  _PSGLoopCounter                    PSGlib
     0000C060  _PSGMusicLastLatch                 PSGlib
     0000C061  _PSGMusicVolumeAttenuation         PSGlib
     0000C062  _PSGMusicSubstringLen              PSGlib
     0000C063  _PSGMusicSubstringRetAddr          PSGlib
     0000C065  _PSGChan0Volume                    PSGlib
     0000C066  _PSGChan1Volume                    PSGlib
     0000C067  _PSGChan2Volume                    PSGlib
     0000C068  _PSGChan3Volume                    PSGlib
     0000C069  _PSGChan2LowTone                   PSGlib
     0000C06A  _PSGChan2HighTone                  PSGlib
     0000C06B  _PSGChan3LowTone                   PSGlib
     0000C06C  _PSGChannel2SFX                    PSGlib
     0000C06D  _PSGChannel3SFX                    PSGlib
     0000C06E  _PSGSFXChan2Volume                 PSGlib
     0000C06F  _PSGSFXChan3Volume                 PSGlib
     0000C070  _PSGSFXStatus                      PSGlib
     0000C071  _PSGSFXStart                       PSGlib
     0000C073  _PSGSFXPointer                     PSGlib
     0000C075  _PSGSFXLoopPoint                   PSGlib
     0000C077  _PSGSFXSkipFrames                  PSGlib
     0000C078  _PSGSFXLoopFlag                    PSGlib
     0000C079  _PSGSFXSubstringLen                PSGlib
     0000C07A  _PSGSFXSubstringRetAddr            PSGlib
     0000C07C  _VDPBlank                          SMSlib
     0000C07D  _SMS_VDPFlags                      SMSlib
     0000C07E  _PauseRequested                    SMSlib
     0000C07F  _SMS_Port3EBIOSvalue               SMSlib
     0000C080  _SMS_theFrameInterruptHandler      SMSlib
     0000C082  _KeysStatus                        SMSlib
     0000C084  _PreviousKeysStatus                SMSlib
     0000C086  _SMS_theLineInterruptHandler       SMSlib
     0000C088  _SpriteTableY                      SMSlib_sprite
     0000C0C8  _SpriteTableXN                     SMSlib_sprite
     0000C148  _SpriteNextFree                    SMSlib_sprite
     0000C149  _SMS_TextRenderer_offset           SMSlib_textrenderer

ASxxxx Linker V03.00/V05.40 + sdld,  page 14.
Hexadecimal  [32-Bits]

Area                                    Addr        Size        Decimal Bytes (Attributes)
--------------------------------        ----        ----        ------- ----- ------------
_INITIALIZED                        0000C14B    00000023 =          35. bytes (REL,CON)

      Value  Global                              Global Defined In Module
      -----  --------------------------------   ------------------------
     0000C14B  _nextVRAMsprites                   main
     0000C14D  _vY                                main
     0000C14F  _alex                              main
     0000C155  _spriteAlex                        main
     0000C15F  _spritePajaro                      main
     0000C169  _VDPReg                            SMSlib
     0000C16B  _spritesHeight                     SMSlib
     0000C16C  _spritesWidth                      SMSlib
     0000C16D  _spritesTileOffset                 SMSlib
ASxxxx Linker V03.00/V05.40 + sdld,  page 15.
Hexadecimal  [32-Bits]

Area                                    Addr        Size        Decimal Bytes (Attributes)
--------------------------------        ----        ----        ------- ----- ------------
_CABS0                              00000000    00000010 =          16. bytes (ABS,CON)

      Value  Global                              Global Defined In Module
      -----  --------------------------------   ------------------------
     00007FF0  ___SMS__SEGA_signature             main

ASxxxx Linker V03.00/V05.40 + sdld,  page 16.
Hexadecimal  [32-Bits]

Area                                    Addr        Size        Decimal Bytes (Attributes)
--------------------------------        ----        ----        ------- ----- ------------
_CABS1                              00000000    00000008 =           8. bytes (ABS,CON)

      Value  Global                              Global Defined In Module
      -----  --------------------------------   ------------------------
     00007FD8  ___SMS__SDSC_author                main

ASxxxx Linker V03.00/V05.40 + sdld,  page 17.
Hexadecimal  [32-Bits]

Area                                    Addr        Size        Decimal Bytes (Attributes)
--------------------------------        ----        ----        ------- ----- ------------
_CABS2                              00000000    0000000E =          14. bytes (ABS,CON)

      Value  Global                              Global Defined In Module
      -----  --------------------------------   ------------------------
     00007FCA  ___SMS__SDSC_name                  main

ASxxxx Linker V03.00/V05.40 + sdld,  page 18.
Hexadecimal  [32-Bits]

Area                                    Addr        Size        Decimal Bytes (Attributes)
--------------------------------        ----        ----        ------- ----- ------------
_CABS3                              00000000    00000011 =          17. bytes (ABS,CON)

      Value  Global                              Global Defined In Module
      -----  --------------------------------   ------------------------
     00007FB9  ___SMS__SDSC_descr                 main

ASxxxx Linker V03.00/V05.40 + sdld,  page 19.
Hexadecimal  [32-Bits]

Area                                    Addr        Size        Decimal Bytes (Attributes)
--------------------------------        ----        ----        ------- ----- ------------
_CABS4                              00000000    00000010 =          16. bytes (ABS,CON)

      Value  Global                              Global Defined In Module
      -----  --------------------------------   ------------------------
     00007FE0  ___SMS__SDSC_signature             main

ASxxxx Linker V03.00/V05.40 + sdld,  page 20.

Files Linked                              [ module(s) ]

crt0_sms.rel                              [ crt0 ]
main.rel                                  [ main ]
bank1.rel                                 [ bank1 ]
bank2.rel                                 [ bank2 ]
PSGlib.rel                                [ PSGlib ]


Libraries Linked                          [ object file ]

SMSlib.lib                                [ SMSlib_VRAMmemset.rel ]
SMSlib.lib                                [ SMSlib.rel ]
SMSlib.lib                                [ SMSlib_sprite.rel ]
./sdcc/bin/../share/sdcc/lib/z80/z80.lib  [ __sdcc_call_hl.rel ]
SMSlib.lib                                [ SMSlib_deprecated.rel ]
SMSlib.lib                                [ SMSlib_VRAMmemcpy.rel ]
./sdcc/bin/../share/sdcc/lib/z80/z80.lib  [ vprintf.rel ]
./sdcc/bin/../share/sdcc/lib/z80/z80.lib  [ divsigned.rel ]
./sdcc/bin/../share/sdcc/lib/z80/z80.lib  [ printf_large.rel ]
SMSlib.lib                                [ SMSlib_textrenderer.rel ]
./sdcc/bin/../share/sdcc/lib/z80/z80.lib  [ divunsigned.rel ]
./sdcc/bin/../share/sdcc/lib/z80/z80.lib  [ strlen.rel ]

ASxxxx Linker V03.00/V05.40 + sdld,  page 21.

User Base Address Definitions

_CODE = 0x0200
_DATA = 0xc000

