ASxxxx Linker V03.00/V05.40 + sdld,  page 1.
Hexadecimal  [32-Bits]

Area                                    Addr        Size        Decimal Bytes (Attributes)
--------------------------------        ----        ----        ------- ----- ------------
.  .ABS.                            00000000    00000000 =           0. bytes (ABS,CON)

      Value  Global                              Global Defined In Module
      -----  --------------------------------   ------------------------
     00000000  .__.ABS.                           
     00000000  l__BSEG                         
     00000000  l__BSS                          
     00000000  l__CABS                         
     00000000  l__DABS                         
     00000000  l__HEADER                       
     00000000  l__HEAP                         
     00000000  l__HOME                         
     00000000  s__CABS                         
     00000000  s__CABS0                        
     00000000  s__CABS1                        
     00000000  s__CABS2                        
     00000000  s__CABS3                        
     00000000  s__CABS4                        
     00000000  s__DABS                         
     00000000  s__HEADER                       
     00000000  s__HEADER0                      
     00000000  s__HEADER1                      
     00000000  s__HEADER2                      
     00000000  s__HEADER3                      
     00000000  s__HEADER4                      
     00000001  l__GSFINAL                      
     00000005  l__CABS1                        
     00000008  l__HEADER0                      
     00000009  l__HEADER1                      
     0000000E  l__CABS2                        
     0000000F  l__GSINIT                       
     00000010  l__CABS0                        
     00000010  l__CABS4                        
     00000011  l__CABS3                        
     0000001F  l__HEADER2                      
     0000002B  l__HEADER3                      
     00000104  l__HEADER4                      
     00000135  l__INITIALIZED                  
     00000135  l__INITIALIZER                  
     00000200  s__CODE                         
     0000054F  l__DATA                         
     00008000  _SMS_SRAM                          SMSlib_textrenderer
     00009C55  l__CODE                         
     00009E55  s__HOME                         
     00009E55  s__INITIALIZER                  
     00009F8A  s__GSINIT                       
     00009F99  s__GSFINAL                      
     0000C000  s__DATA                         
     0000C54F  s__INITIALIZED                  
     0000C684  s__BSEG                         
     0000C684  s__BSS                          
     0000C684  s__HEAP                         
     0000FFFC  _SRAM_bank_to_be_mapped_on_slot2   SMSlib_textrenderer
     0000FFFD  _ROM_bank_to_be_mapped_on_slot0    SMSlib_textrenderer
ASxxxx Linker V03.00/V05.40 + sdld,  page 2.
Hexadecimal  [32-Bits]

Area                                    Addr        Size        Decimal Bytes (Attributes)
--------------------------------        ----        ----        ------- ----- ------------
.  .ABS.                            00000000    00000000 =           0. bytes (ABS,CON)

      Value  Global                              Global Defined In Module
      -----  --------------------------------   ------------------------
     0000FFFE  _ROM_bank_to_be_mapped_on_slot1    SMSlib_textrenderer
     0000FFFF  _ROM_bank_to_be_mapped_on_slot2    SMSlib_textrenderer

ASxxxx Linker V03.00/V05.40 + sdld,  page 3.
Hexadecimal  [32-Bits]

Area                                    Addr        Size        Decimal Bytes (Attributes)
--------------------------------        ----        ----        ------- ----- ------------
_CODE                               00000200    00009C55 =       40021. bytes (REL,CON)

      Value  Global                              Global Defined In Module
      -----  --------------------------------   ------------------------
     00000200  _generateSpriteFlip                main
     0000039C  _generateSprite                    main
     00000446  _generateSpriteNoRAM               main
     000004F5  _addHardwareSprite                 main
     00000779  _initSpritesVariables              main
     000007A8  _copySpritestoSAT                  main
     000007DC  _draw_entidad                      main
     00000C02  _canUp                             main
     00000C0E  _canDown                           main
     00000C1C  _canLeft                           main
     00000C28  _canRight                          main
     00000C36  _moveAlexSuelo                     main
     00000DFE  _moveAlexAire                      main
     00000F38  _drawAlex                          main
     00000FB9  _moveAlex                          main
     00000FF3  _inicializaPajaros                 main
     000010F8  _loadGrapVRAM                      main
     000011D7  _dibujaPajaros                     main
     000013A1  _playMusic                         main
     000013A7  _disableSprites                    main
     000013C5  _main                              main
     000014CC  _sonicpalette_inc                  bank1
     000014DA  _sonictilemap_inc                  bank1
     00001ADA  _puno_inc                          bank1
     00001B5A  _spriteAlex_inc                    bank1
     00002B5A  _sonictiles_inc                    bank1
     0000401A  _palleteAlex_inc                   bank1
     00004022  _tiles_de_prueba2_inc              bank1
     000040C2  _tilemap_de_prueba2_inc            bank1
     00004802  _paleta_de_prueba2_inc             bank1
     00004807  _spritePajaro_inc                  bank1
     00004987  _emeraldhill_psg                   bank2
     00004C6D  _special_psg                       bank2
     00007556  _salto_psg                         bank2
     00007595  _nuestro_psg                       bank2
     000079E0  _greenhill_psg                     bank2
     00007E1B  _titulo_psg                        bank2
     00008786  _PSGStop                           PSGlib
     000087B9  _PSGResume                         PSGlib
     000088DA  _PSGPlay                           PSGlib
     00008919  _PSGPlayLoops                      PSGlib
     00008930  _PSGCancelLoop                     PSGlib
     0000893B  _PSGPlayNoRepeat                   PSGlib
     00008949  _PSGGetStatus                      PSGlib
     0000894D  _PSGSilenceChannels                PSGlib
     0000895E  _PSGRestoreVolumes                 PSGlib
     00008A5B  _PSGSetMusicVolumeAttenuation      PSGlib
     00008B41  _PSGSFXStop                        PSGlib
     00008CA6  _PSGSFXPlay                        PSGlib
     00008D0A  _PSGSFXCancelLoop                  PSGlib
ASxxxx Linker V03.00/V05.40 + sdld,  page 4.
Hexadecimal  [32-Bits]

Area                                    Addr        Size        Decimal Bytes (Attributes)
--------------------------------        ----        ----        ------- ----- ------------
_CODE                               00000200    00009C55 =       40021. bytes (REL,CON)

      Value  Global                              Global Defined In Module
      -----  --------------------------------   ------------------------
     00008D10  _PSGSFXGetStatus                   PSGlib
     00008D14  _PSGSFXPlayLoop                    PSGlib
     00008D2F  _PSGFrame                          PSGlib
     00008E97  _PSGSFXFrame                       PSGlib
     00008F2F  _SMS_reserveSprite                 SMSlib_spriteAdv
     00008F4E  _SMS_updateSpritePosition          SMSlib_spriteAdv
     00008F82  _SMS_updateSpriteImage             SMSlib_spriteAdv
     00008F8F  _SMS_hideSprite                    SMSlib_spriteAdv
     00008F99  _SMS_init                          SMSlib
     00008FC5  _VDPReg_init                       SMSlib
     00008FD0  _SMS_VDPturnOnFeature              SMSlib
     00008FE5  _SMS_VDPturnOffFeature             SMSlib
     00008FFD  _SMS_setBGScrollX                  SMSlib
     00009007  _SMS_setBGScrollY                  SMSlib
     00009011  _SMS_setBackdropColor              SMSlib
     0000901B  _SMS_useFirstHalfTilesforSprites   SMSlib
     00009031  _SMS_setSpriteMode                 SMSlib
     0000907E  _SMS_setBGPaletteColor             SMSlib
     0000908B  _SMS_setSpritePaletteColor         SMSlib
     00009098  _SMS_loadBGPalette                 SMSlib
     000090AC  _SMS_loadSpritePalette             SMSlib
     000090C0  _SMS_setColor                      SMSlib
     000090C4  _SMS_waitForVBlank                 SMSlib
     000090D1  _SMS_getKeysStatus                 SMSlib
     000090D6  _SMS_getKeysPressed                SMSlib
     000090EB  _SMS_getKeysHeld                   SMSlib
     000090FE  _SMS_getKeysReleased               SMSlib
     00009117  _SMS_queryPauseRequested           SMSlib
     0000911B  _SMS_resetPauseRequest             SMSlib
     00009121  _SMS_setFrameInterruptHandler      SMSlib
     00009125  _SMS_setLineInterruptHandler       SMSlib
     00009129  _SMS_setLineCounter                SMSlib
     00009133  _SMS_getVCount                     SMSlib
     00009136  _SMS_getHCount                     SMSlib
     00009139  _SMS_isr                           SMSlib
     00009181  _SMS_nmi_isr                       SMSlib
     0000918A  _SMS_VRAMmemset_f                  SMSlib_VRAMmemset
     000091A6  _SMS_VRAMmemsetW                   SMSlib_VRAMmemset
     000091B9  _SMS_initSprites                   SMSlib_sprite
     000091BF  _SMS_addSprite_f                   SMSlib_sprite
     000091EA  _SMS_copySpritestoSAT              SMSlib_sprite
     0000921E  __mulint                           
     00009220  __mul16                            
     00009235  ___sdcc_call_hl                    
     00009236  _SMS_VRAMmemcpy                    SMSlib_VRAMmemcpy
     00009253  _vprintf                           vprintf
     0000925F  _printf                            vprintf
     00009276  __modschar                         
     0000927E  __modsint                          
     00009284  __divschar                         
     00009286  __div8                             
ASxxxx Linker V03.00/V05.40 + sdld,  page 5.
Hexadecimal  [32-Bits]

Area                                    Addr        Size        Decimal Bytes (Attributes)
--------------------------------        ----        ----        ------- ----- ------------
_CODE                               00000200    00009C55 =       40021. bytes (REL,CON)

      Value  Global                              Global Defined In Module
      -----  --------------------------------   ------------------------
     0000928A  __div_signexte                     
     0000928E  __div16                            
     0000928E  __divsint                          
     000092B4  __get_remainder                    
     0000939D  __print_format                     printf_large
     00009E09  _SMS_configureTextRenderer         SMSlib_textrenderer
     00009E0D  _putchar                           SMSlib_textrenderer
     00009E15  __divuchar                         
     00009E17  __divu8                            
     00009E1A  __divu16                           
     00009E1A  __divuint                          
     00009E49  _strlen                            

ASxxxx Linker V03.00/V05.40 + sdld,  page 6.
Hexadecimal  [32-Bits]

Area                                    Addr        Size        Decimal Bytes (Attributes)
--------------------------------        ----        ----        ------- ----- ------------
_HEADER0                            00000000    00000008 =           8. bytes (ABS,CON)

      Value  Global                              Global Defined In Module
      -----  --------------------------------   ------------------------
ASxxxx Linker V03.00/V05.40 + sdld,  page 7.
Hexadecimal  [32-Bits]

Area                                    Addr        Size        Decimal Bytes (Attributes)
--------------------------------        ----        ----        ------- ----- ------------
_HEADER1                            00000000    00000009 =           9. bytes (ABS,CON)

      Value  Global                              Global Defined In Module
      -----  --------------------------------   ------------------------
     00000008  _SMS_crt0_RST08                    crt0

ASxxxx Linker V03.00/V05.40 + sdld,  page 8.
Hexadecimal  [32-Bits]

Area                                    Addr        Size        Decimal Bytes (Attributes)
--------------------------------        ----        ----        ------- ----- ------------
_HEADER2                            00000000    0000001F =          31. bytes (ABS,CON)

      Value  Global                              Global Defined In Module
      -----  --------------------------------   ------------------------
     00000018  _SMS_crt0_RST18                    crt0
     0000002F  get_bank                           crt0
     00000033  set_bank                           crt0
ASxxxx Linker V03.00/V05.40 + sdld,  page 9.
Hexadecimal  [32-Bits]

Area                                    Addr        Size        Decimal Bytes (Attributes)
--------------------------------        ----        ----        ------- ----- ------------
_HEADER3                            00000000    0000002B =          43. bytes (ABS,CON)

      Value  Global                              Global Defined In Module
      -----  --------------------------------   ------------------------
ASxxxx Linker V03.00/V05.40 + sdld,  page 10.
Hexadecimal  [32-Bits]

Area                                    Addr        Size        Decimal Bytes (Attributes)
--------------------------------        ----        ----        ------- ----- ------------
_HEADER4                            00000000    00000104 =         260. bytes (ABS,CON)

      Value  Global                              Global Defined In Module
      -----  --------------------------------   ------------------------
     00000069  _OUTI128                           crt0
     000000E9  _OUTI64                            crt0
     00000129  _OUTI32                            crt0
     00000169  _outi_block                        crt0

ASxxxx Linker V03.00/V05.40 + sdld,  page 11.
Hexadecimal  [32-Bits]

Area                                    Addr        Size        Decimal Bytes (Attributes)
--------------------------------        ----        ----        ------- ----- ------------
_INITIALIZER                        00009E55    00000135 =         309. bytes (REL,CON)

      Value  Global                              Global Defined In Module
      -----  --------------------------------   ------------------------
ASxxxx Linker V03.00/V05.40 + sdld,  page 12.
Hexadecimal  [32-Bits]

Area                                    Addr        Size        Decimal Bytes (Attributes)
--------------------------------        ----        ----        ------- ----- ------------
_GSINIT                             00009F8A    0000000F =          15. bytes (REL,CON)

      Value  Global                              Global Defined In Module
      -----  --------------------------------   ------------------------
     00009F8A  gsinit                             crt0

ASxxxx Linker V03.00/V05.40 + sdld,  page 13.
Hexadecimal  [32-Bits]

Area                                    Addr        Size        Decimal Bytes (Attributes)
--------------------------------        ----        ----        ------- ----- ------------
_GSFINAL                            00009F99    00000001 =           1. bytes (REL,CON)

      Value  Global                              Global Defined In Module
      -----  --------------------------------   ------------------------
ASxxxx Linker V03.00/V05.40 + sdld,  page 14.
Hexadecimal  [32-Bits]

Area                                    Addr        Size        Decimal Bytes (Attributes)
--------------------------------        ----        ----        ------- ----- ------------
_DATA                               0000C000    0000054F =        1359. bytes (REL,CON)

      Value  Global                              Global Defined In Module
      -----  --------------------------------   ------------------------
     0000C000  _buffer64                          main
     0000C040  _hardwareSprites                   main
     0000C340  _SpriteTableY2                     main
     0000C342  _SpriteTableXN2                    main
     0000C344  _SpriteNextFree2                   main
     0000C346  _pajaros                           main
     0000C450  _numSprites                        main
     0000C452  _PSGMusicStatus                    PSGlib
     0000C453  _PSGMusicStart                     PSGlib
     0000C455  _PSGMusicPointer                   PSGlib
     0000C457  _PSGMusicLoopPoint                 PSGlib
     0000C459  _PSGMusicSkipFrames                PSGlib
     0000C45A  _PSGLoopFlag                       PSGlib
     0000C45B  _PSGLoopCounter                    PSGlib
     0000C45C  _PSGMusicLastLatch                 PSGlib
     0000C45D  _PSGMusicVolumeAttenuation         PSGlib
     0000C45E  _PSGMusicSubstringLen              PSGlib
     0000C45F  _PSGMusicSubstringRetAddr          PSGlib
     0000C461  _PSGChan0Volume                    PSGlib
     0000C462  _PSGChan1Volume                    PSGlib
     0000C463  _PSGChan2Volume                    PSGlib
     0000C464  _PSGChan3Volume                    PSGlib
     0000C465  _PSGChan0LowTone                   PSGlib
     0000C466  _PSGChan0HighTone                  PSGlib
     0000C467  _PSGChan1LowTone                   PSGlib
     0000C468  _PSGChan1HighTone                  PSGlib
     0000C469  _PSGChan2LowTone                   PSGlib
     0000C46A  _PSGChan2HighTone                  PSGlib
     0000C46B  _PSGChan3LowTone                   PSGlib
     0000C46C  _PSGChannel0SFX                    PSGlib
     0000C46D  _PSGChannel1SFX                    PSGlib
     0000C46E  _PSGChannel2SFX                    PSGlib
     0000C46F  _PSGChannel3SFX                    PSGlib
     0000C470  _PSGSFXChan0Volume                 PSGlib
     0000C471  _PSGSFXChan1Volume                 PSGlib
     0000C472  _PSGSFXChan2Volume                 PSGlib
     0000C473  _PSGSFXChan3Volume                 PSGlib
     0000C474  _PSGSFXStatus                      PSGlib
     0000C475  _PSGSFXStart                       PSGlib
     0000C477  _PSGSFXPointer                     PSGlib
     0000C479  _PSGSFXLoopPoint                   PSGlib
     0000C47B  _PSGSFXSkipFrames                  PSGlib
     0000C47C  _PSGSFXLoopFlag                    PSGlib
     0000C47D  _PSGSFXSubstringLen                PSGlib
     0000C47E  _PSGSFXSubstringRetAddr            PSGlib
     0000C480  _VDPBlank                          SMSlib
     0000C481  _SMS_VDPFlags                      SMSlib
     0000C482  _PauseRequested                    SMSlib
     0000C483  _SMS_Port3EBIOSvalue               SMSlib
     0000C484  _SMS_theFrameInterruptHandler      SMSlib
ASxxxx Linker V03.00/V05.40 + sdld,  page 15.
Hexadecimal  [32-Bits]

Area                                    Addr        Size        Decimal Bytes (Attributes)
--------------------------------        ----        ----        ------- ----- ------------
_DATA                               0000C000    0000054F =        1359. bytes (REL,CON)

      Value  Global                              Global Defined In Module
      -----  --------------------------------   ------------------------
     0000C486  _KeysStatus                        SMSlib
     0000C488  _PreviousKeysStatus                SMSlib
     0000C48A  _SMS_theLineInterruptHandler       SMSlib
     0000C48C  _SpriteTableY                      SMSlib_sprite
     0000C4CC  _SpriteTableXN                     SMSlib_sprite
     0000C54C  _SpriteNextFree                    SMSlib_sprite
     0000C54D  _SMS_TextRenderer_offset           SMSlib_textrenderer
ASxxxx Linker V03.00/V05.40 + sdld,  page 16.
Hexadecimal  [32-Bits]

Area                                    Addr        Size        Decimal Bytes (Attributes)
--------------------------------        ----        ----        ------- ----- ------------
_INITIALIZED                        0000C54F    00000135 =         309. bytes (REL,CON)

      Value  Global                              Global Defined In Module
      -----  --------------------------------   ------------------------
     0000C54F  _nextVRAMsprites                   main
     0000C551  _flipArray                         main
     0000C651  _maxSalto                          main
     0000C652  _alex                              main
     0000C660  _lastFrame                         main
     0000C661  _spriteAlex                        main
     0000C66B  _spritePajaro                      main
     0000C675  _spritePuno                        main
     0000C67F  _VDPReg                            SMSlib
     0000C681  _spritesHeight                     SMSlib
     0000C682  _spritesWidth                      SMSlib
     0000C683  _spritesTileOffset                 SMSlib
ASxxxx Linker V03.00/V05.40 + sdld,  page 17.
Hexadecimal  [32-Bits]

Area                                    Addr        Size        Decimal Bytes (Attributes)
--------------------------------        ----        ----        ------- ----- ------------
_CABS0                              00000000    00000010 =          16. bytes (ABS,CON)

      Value  Global                              Global Defined In Module
      -----  --------------------------------   ------------------------
     00007FF0  ___SMS__SEGA_signature             main

ASxxxx Linker V03.00/V05.40 + sdld,  page 18.
Hexadecimal  [32-Bits]

Area                                    Addr        Size        Decimal Bytes (Attributes)
--------------------------------        ----        ----        ------- ----- ------------
_CABS1                              00000000    00000005 =           5. bytes (ABS,CON)

      Value  Global                              Global Defined In Module
      -----  --------------------------------   ------------------------
     00007FDB  ___SMS__SDSC_author                main

ASxxxx Linker V03.00/V05.40 + sdld,  page 19.
Hexadecimal  [32-Bits]

Area                                    Addr        Size        Decimal Bytes (Attributes)
--------------------------------        ----        ----        ------- ----- ------------
_CABS2                              00000000    0000000E =          14. bytes (ABS,CON)

      Value  Global                              Global Defined In Module
      -----  --------------------------------   ------------------------
     00007FCD  ___SMS__SDSC_name                  main

ASxxxx Linker V03.00/V05.40 + sdld,  page 20.
Hexadecimal  [32-Bits]

Area                                    Addr        Size        Decimal Bytes (Attributes)
--------------------------------        ----        ----        ------- ----- ------------
_CABS3                              00000000    00000011 =          17. bytes (ABS,CON)

      Value  Global                              Global Defined In Module
      -----  --------------------------------   ------------------------
     00007FBC  ___SMS__SDSC_descr                 main

ASxxxx Linker V03.00/V05.40 + sdld,  page 21.
Hexadecimal  [32-Bits]

Area                                    Addr        Size        Decimal Bytes (Attributes)
--------------------------------        ----        ----        ------- ----- ------------
_CABS4                              00000000    00000010 =          16. bytes (ABS,CON)

      Value  Global                              Global Defined In Module
      -----  --------------------------------   ------------------------
     00007FE0  ___SMS__SDSC_signature             main

ASxxxx Linker V03.00/V05.40 + sdld,  page 22.

Files Linked                              [ module(s) ]

crt0_sms.rel                              [ crt0 ]
main.rel                                  [ main ]
bank1.rel                                 [ bank1 ]
bank2.rel                                 [ bank2 ]
PSGlib.rel                                [ PSGlib ]


Libraries Linked                          [ object file ]

SMSlib.lib                                [ SMSlib_spriteAdv.rel ]
SMSlib.lib                                [ SMSlib.rel ]
SMSlib.lib                                [ SMSlib_VRAMmemset.rel ]
SMSlib.lib                                [ SMSlib_sprite.rel ]
./sdcc/bin/../share/sdcc/lib/z80/z80.lib  [ mul.rel ]
./sdcc/bin/../share/sdcc/lib/z80/z80.lib  [ __sdcc_call_hl.rel ]
SMSlib.lib                                [ SMSlib_VRAMmemcpy.rel ]
./sdcc/bin/../share/sdcc/lib/z80/z80.lib  [ vprintf.rel ]
./sdcc/bin/../share/sdcc/lib/z80/z80.lib  [ modsigned.rel ]
./sdcc/bin/../share/sdcc/lib/z80/z80.lib  [ divsigned.rel ]
./sdcc/bin/../share/sdcc/lib/z80/z80.lib  [ printf_large.rel ]
SMSlib.lib                                [ SMSlib_textrenderer.rel ]
./sdcc/bin/../share/sdcc/lib/z80/z80.lib  [ divunsigned.rel ]
./sdcc/bin/../share/sdcc/lib/z80/z80.lib  [ strlen.rel ]

ASxxxx Linker V03.00/V05.40 + sdld,  page 23.

User Base Address Definitions

_CODE = 0x0200
_DATA = 0xc000

