ASxxxx Linker V03.00/V05.40 + sdld,  page 1.
Hexadecimal  [32-Bits]

Area                                    Addr        Size        Decimal Bytes (Attributes)
--------------------------------        ----        ----        ------- ----- ------------
.  .ABS.                            00000000    00000000 =           0. bytes (ABS,CON)

      Value  Global                              Global Defined In Module
      -----  --------------------------------   ------------------------
     00000000  .__.ABS.                           
     00000000  l__BSEG                         
     00000000  l__BSS                          
     00000000  l__CABS                         
     00000000  l__DABS                         
     00000000  l__HEADER                       
     00000000  l__HEAP                         
     00000000  l__HOME                         
     00000000  s__CABS                         
     00000000  s__CABS0                        
     00000000  s__CABS1                        
     00000000  s__CABS2                        
     00000000  s__CABS3                        
     00000000  s__CABS4                        
     00000000  s__DABS                         
     00000000  s__HEADER                       
     00000000  s__HEADER0                      
     00000000  s__HEADER1                      
     00000000  s__HEADER2                      
     00000000  s__HEADER3                      
     00000000  s__HEADER4                      
     00000001  l__GSFINAL                      
     00000008  l__CABS1                        
     00000008  l__HEADER0                      
     00000009  l__HEADER1                      
     0000000E  l__CABS2                        
     0000000F  l__GSINIT                       
     00000010  l__CABS0                        
     00000010  l__CABS4                        
     00000011  l__CABS3                        
     0000001F  l__HEADER2                      
     00000022  l__INITIALIZED                  
     00000022  l__INITIALIZER                  
     0000002B  l__HEADER3                      
     00000104  l__HEADER4                      
     00000131  l__DATA                         
     00000200  s__CODE                         
     00008000  _SMS_SRAM                          SMSlib_textrenderer
     000085A9  l__CODE                         
     000087A9  s__HOME                         
     000087A9  s__INITIALIZER                  
     000087CB  s__GSINIT                       
     000087DA  s__GSFINAL                      
     0000C000  s__DATA                         
     0000C131  s__INITIALIZED                  
     0000C153  s__BSEG                         
     0000C153  s__BSS                          
     0000C153  s__HEAP                         
     0000FFFC  _SRAM_bank_to_be_mapped_on_slot2   SMSlib_textrenderer
     0000FFFD  _ROM_bank_to_be_mapped_on_slot0    SMSlib_textrenderer
ASxxxx Linker V03.00/V05.40 + sdld,  page 2.
Hexadecimal  [32-Bits]

Area                                    Addr        Size        Decimal Bytes (Attributes)
--------------------------------        ----        ----        ------- ----- ------------
.  .ABS.                            00000000    00000000 =           0. bytes (ABS,CON)

      Value  Global                              Global Defined In Module
      -----  --------------------------------   ------------------------
     0000FFFE  _ROM_bank_to_be_mapped_on_slot1    SMSlib_textrenderer
     0000FFFF  _ROM_bank_to_be_mapped_on_slot2    SMSlib_textrenderer

ASxxxx Linker V03.00/V05.40 + sdld,  page 3.
Hexadecimal  [32-Bits]

Area                                    Addr        Size        Decimal Bytes (Attributes)
--------------------------------        ----        ----        ------- ----- ------------
_CODE                               00000200    000085A9 =       34217. bytes (REL,CON)

      Value  Global                              Global Defined In Module
      -----  --------------------------------   ------------------------
     00000200  _generateSprite                    main
     000002AA  _generateSpriteNoRAM               main
     00000359  _draw_entidad                      main
     00000589  _canUp                             main
     00000595  _canDown                           main
     000005A3  _canLeft                           main
     000005AF  _canRight                          main
     000005BD  _moveAlexSuelo                     main
     000006C0  _moveAlexAire                      main
     0000072A  _moveAlex                          main
     00000761  _inicializaPajaros                 main
     000007A9  _loadGrapVRAM                      main
     00000842  _dibujaPajaros                     main
     00000899  _main                              main
     00000983  _sonicpalette_inc                  bank1
     00000991  _sonictilemap_inc                  bank1
     00000F91  _spriteAlex_inc                    bank1
     00001F91  _sonictiles_inc                    bank1
     00003451  _palleteAlex_inc                   bank1
     00003459  _spritePajaro_inc                  bank1
     000035D9  _emeraldhill_psg                   bank2
     000038BF  _special_psg                       bank2
     000061A8  _nuestro_psg                       bank2
     000065F3  _greenhill_psg                     bank2
     00006A2E  _titulo_psg                        bank2
     00007399  _PSGStop                           PSGlib
     000073C0  _PSGResume                         PSGlib
     0000740C  _PSGPlay                           PSGlib
     00007437  _PSGPlayLoops                      PSGlib
     0000744E  _PSGCancelLoop                     PSGlib
     00007459  _PSGPlayNoRepeat                   PSGlib
     00007467  _PSGGetStatus                      PSGlib
     0000746B  _PSGSilenceChannels                PSGlib
     0000747C  _PSGRestoreVolumes                 PSGlib
     00007555  _PSGSetMusicVolumeAttenuation      PSGlib
     0000762F  _PSGSFXStop                        PSGlib
     000076F2  _PSGSFXPlay                        PSGlib
     00007742  _PSGSFXCancelLoop                  PSGlib
     00007748  _PSGSFXGetStatus                   PSGlib
     0000774C  _PSGSFXPlayLoop                    PSGlib
     00007767  _PSGFrame                          PSGlib
     0000788B  _PSGSFXFrame                       PSGlib
     00007911  _SMS_VRAMmemset_f                  SMSlib_VRAMmemset
     0000792D  _SMS_VRAMmemsetW                   SMSlib_VRAMmemset
     00007940  _SMS_init                          SMSlib
     0000796C  _VDPReg_init                       SMSlib
     00007977  _SMS_VDPturnOnFeature              SMSlib
     0000798C  _SMS_VDPturnOffFeature             SMSlib
     000079A4  _SMS_setBGScrollX                  SMSlib
     000079AE  _SMS_setBGScrollY                  SMSlib
ASxxxx Linker V03.00/V05.40 + sdld,  page 4.
Hexadecimal  [32-Bits]

Area                                    Addr        Size        Decimal Bytes (Attributes)
--------------------------------        ----        ----        ------- ----- ------------
_CODE                               00000200    000085A9 =       34217. bytes (REL,CON)

      Value  Global                              Global Defined In Module
      -----  --------------------------------   ------------------------
     000079B8  _SMS_setBackdropColor              SMSlib
     000079C2  _SMS_useFirstHalfTilesforSprites   SMSlib
     000079D8  _SMS_setSpriteMode                 SMSlib
     00007A25  _SMS_setBGPaletteColor             SMSlib
     00007A32  _SMS_setSpritePaletteColor         SMSlib
     00007A3F  _SMS_loadBGPalette                 SMSlib
     00007A53  _SMS_loadSpritePalette             SMSlib
     00007A67  _SMS_setColor                      SMSlib
     00007A6B  _SMS_waitForVBlank                 SMSlib
     00007A78  _SMS_getKeysStatus                 SMSlib
     00007A7D  _SMS_getKeysPressed                SMSlib
     00007A92  _SMS_getKeysHeld                   SMSlib
     00007AA5  _SMS_getKeysReleased               SMSlib
     00007ABE  _SMS_queryPauseRequested           SMSlib
     00007AC2  _SMS_resetPauseRequest             SMSlib
     00007AC8  _SMS_setFrameInterruptHandler      SMSlib
     00007ACC  _SMS_setLineInterruptHandler       SMSlib
     00007AD0  _SMS_setLineCounter                SMSlib
     00007ADA  _SMS_getVCount                     SMSlib
     00007ADD  _SMS_getHCount                     SMSlib
     00007AE0  _SMS_isr                           SMSlib
     00007B28  _SMS_nmi_isr                       SMSlib
     00007B31  _SMS_initSprites                   SMSlib_sprite
     00007B37  _SMS_addSprite_f                   SMSlib_sprite
     00007B62  _SMS_copySpritestoSAT              SMSlib_sprite
     00007B96  ___sdcc_call_hl                    
     00007B97  _SMS_finalizeSprites               SMSlib_deprecated
     00007B98  _SMS_VRAMmemcpy                    SMSlib_VRAMmemcpy
     00007BB5  _vprintf                           vprintf
     00007BC1  _printf                            vprintf
     00007BD8  __divschar                         
     00007BDA  __div8                             
     00007BDE  __div_signexte                     
     00007BE2  __div16                            
     00007BE2  __divsint                          
     00007C08  __get_remainder                    
     00007CF1  __print_format                     printf_large
     0000875D  _SMS_configureTextRenderer         SMSlib_textrenderer
     00008761  _putchar                           SMSlib_textrenderer
     00008769  __divuchar                         
     0000876B  __divu8                            
     0000876E  __divu16                           
     0000876E  __divuint                          
     0000879D  _strlen                            

ASxxxx Linker V03.00/V05.40 + sdld,  page 5.
Hexadecimal  [32-Bits]

Area                                    Addr        Size        Decimal Bytes (Attributes)
--------------------------------        ----        ----        ------- ----- ------------
_HEADER0                            00000000    00000008 =           8. bytes (ABS,CON)

      Value  Global                              Global Defined In Module
      -----  --------------------------------   ------------------------
ASxxxx Linker V03.00/V05.40 + sdld,  page 6.
Hexadecimal  [32-Bits]

Area                                    Addr        Size        Decimal Bytes (Attributes)
--------------------------------        ----        ----        ------- ----- ------------
_HEADER1                            00000000    00000009 =           9. bytes (ABS,CON)

      Value  Global                              Global Defined In Module
      -----  --------------------------------   ------------------------
     00000008  _SMS_crt0_RST08                    crt0

ASxxxx Linker V03.00/V05.40 + sdld,  page 7.
Hexadecimal  [32-Bits]

Area                                    Addr        Size        Decimal Bytes (Attributes)
--------------------------------        ----        ----        ------- ----- ------------
_HEADER2                            00000000    0000001F =          31. bytes (ABS,CON)

      Value  Global                              Global Defined In Module
      -----  --------------------------------   ------------------------
     00000018  _SMS_crt0_RST18                    crt0
     0000002F  get_bank                           crt0
     00000033  set_bank                           crt0
ASxxxx Linker V03.00/V05.40 + sdld,  page 8.
Hexadecimal  [32-Bits]

Area                                    Addr        Size        Decimal Bytes (Attributes)
--------------------------------        ----        ----        ------- ----- ------------
_HEADER3                            00000000    0000002B =          43. bytes (ABS,CON)

      Value  Global                              Global Defined In Module
      -----  --------------------------------   ------------------------
ASxxxx Linker V03.00/V05.40 + sdld,  page 9.
Hexadecimal  [32-Bits]

Area                                    Addr        Size        Decimal Bytes (Attributes)
--------------------------------        ----        ----        ------- ----- ------------
_HEADER4                            00000000    00000104 =         260. bytes (ABS,CON)

      Value  Global                              Global Defined In Module
      -----  --------------------------------   ------------------------
     00000069  _OUTI128                           crt0
     000000E9  _OUTI64                            crt0
     00000129  _OUTI32                            crt0
     00000169  _outi_block                        crt0

ASxxxx Linker V03.00/V05.40 + sdld,  page 10.
Hexadecimal  [32-Bits]

Area                                    Addr        Size        Decimal Bytes (Attributes)
--------------------------------        ----        ----        ------- ----- ------------
_INITIALIZER                        000087A9    00000022 =          34. bytes (REL,CON)

      Value  Global                              Global Defined In Module
      -----  --------------------------------   ------------------------
ASxxxx Linker V03.00/V05.40 + sdld,  page 11.
Hexadecimal  [32-Bits]

Area                                    Addr        Size        Decimal Bytes (Attributes)
--------------------------------        ----        ----        ------- ----- ------------
_GSINIT                             000087CB    0000000F =          15. bytes (REL,CON)

      Value  Global                              Global Defined In Module
      -----  --------------------------------   ------------------------
     000087CB  gsinit                             crt0

ASxxxx Linker V03.00/V05.40 + sdld,  page 12.
Hexadecimal  [32-Bits]

Area                                    Addr        Size        Decimal Bytes (Attributes)
--------------------------------        ----        ----        ------- ----- ------------
_GSFINAL                            000087DA    00000001 =           1. bytes (REL,CON)

      Value  Global                              Global Defined In Module
      -----  --------------------------------   ------------------------
ASxxxx Linker V03.00/V05.40 + sdld,  page 13.
Hexadecimal  [32-Bits]

Area                                    Addr        Size        Decimal Bytes (Attributes)
--------------------------------        ----        ----        ------- ----- ------------
_DATA                               0000C000    00000131 =         305. bytes (REL,CON)

      Value  Global                              Global Defined In Module
      -----  --------------------------------   ------------------------
     0000C000  _pajaros                           main
     0000C03C  _PSGMusicStatus                    PSGlib
     0000C03D  _PSGMusicStart                     PSGlib
     0000C03F  _PSGMusicPointer                   PSGlib
     0000C041  _PSGMusicLoopPoint                 PSGlib
     0000C043  _PSGMusicSkipFrames                PSGlib
     0000C044  _PSGLoopFlag                       PSGlib
     0000C045  _PSGLoopCounter                    PSGlib
     0000C046  _PSGMusicLastLatch                 PSGlib
     0000C047  _PSGMusicVolumeAttenuation         PSGlib
     0000C048  _PSGMusicSubstringLen              PSGlib
     0000C049  _PSGMusicSubstringRetAddr          PSGlib
     0000C04B  _PSGChan0Volume                    PSGlib
     0000C04C  _PSGChan1Volume                    PSGlib
     0000C04D  _PSGChan2Volume                    PSGlib
     0000C04E  _PSGChan3Volume                    PSGlib
     0000C04F  _PSGChan2LowTone                   PSGlib
     0000C050  _PSGChan2HighTone                  PSGlib
     0000C051  _PSGChan3LowTone                   PSGlib
     0000C052  _PSGChannel2SFX                    PSGlib
     0000C053  _PSGChannel3SFX                    PSGlib
     0000C054  _PSGSFXChan2Volume                 PSGlib
     0000C055  _PSGSFXChan3Volume                 PSGlib
     0000C056  _PSGSFXStatus                      PSGlib
     0000C057  _PSGSFXStart                       PSGlib
     0000C059  _PSGSFXPointer                     PSGlib
     0000C05B  _PSGSFXLoopPoint                   PSGlib
     0000C05D  _PSGSFXSkipFrames                  PSGlib
     0000C05E  _PSGSFXLoopFlag                    PSGlib
     0000C05F  _PSGSFXSubstringLen                PSGlib
     0000C060  _PSGSFXSubstringRetAddr            PSGlib
     0000C062  _VDPBlank                          SMSlib
     0000C063  _SMS_VDPFlags                      SMSlib
     0000C064  _PauseRequested                    SMSlib
     0000C065  _SMS_Port3EBIOSvalue               SMSlib
     0000C066  _SMS_theFrameInterruptHandler      SMSlib
     0000C068  _KeysStatus                        SMSlib
     0000C06A  _PreviousKeysStatus                SMSlib
     0000C06C  _SMS_theLineInterruptHandler       SMSlib
     0000C06E  _SpriteTableY                      SMSlib_sprite
     0000C0AE  _SpriteTableXN                     SMSlib_sprite
     0000C12E  _SpriteNextFree                    SMSlib_sprite
     0000C12F  _SMS_TextRenderer_offset           SMSlib_textrenderer

ASxxxx Linker V03.00/V05.40 + sdld,  page 14.
Hexadecimal  [32-Bits]

Area                                    Addr        Size        Decimal Bytes (Attributes)
--------------------------------        ----        ----        ------- ----- ------------
_INITIALIZED                        0000C131    00000022 =          34. bytes (REL,CON)

      Value  Global                              Global Defined In Module
      -----  --------------------------------   ------------------------
     0000C131  _nextVRAMsprites                   main
     0000C133  _maxSalto                          main
     0000C134  _alex                              main
     0000C13A  _spriteAlex                        main
     0000C144  _spritePajaro                      main
     0000C14E  _VDPReg                            SMSlib
     0000C150  _spritesHeight                     SMSlib
     0000C151  _spritesWidth                      SMSlib
     0000C152  _spritesTileOffset                 SMSlib
ASxxxx Linker V03.00/V05.40 + sdld,  page 15.
Hexadecimal  [32-Bits]

Area                                    Addr        Size        Decimal Bytes (Attributes)
--------------------------------        ----        ----        ------- ----- ------------
_CABS0                              00000000    00000010 =          16. bytes (ABS,CON)

      Value  Global                              Global Defined In Module
      -----  --------------------------------   ------------------------
     00007FF0  ___SMS__SEGA_signature             main

ASxxxx Linker V03.00/V05.40 + sdld,  page 16.
Hexadecimal  [32-Bits]

Area                                    Addr        Size        Decimal Bytes (Attributes)
--------------------------------        ----        ----        ------- ----- ------------
_CABS1                              00000000    00000008 =           8. bytes (ABS,CON)

      Value  Global                              Global Defined In Module
      -----  --------------------------------   ------------------------
     00007FD8  ___SMS__SDSC_author                main

ASxxxx Linker V03.00/V05.40 + sdld,  page 17.
Hexadecimal  [32-Bits]

Area                                    Addr        Size        Decimal Bytes (Attributes)
--------------------------------        ----        ----        ------- ----- ------------
_CABS2                              00000000    0000000E =          14. bytes (ABS,CON)

      Value  Global                              Global Defined In Module
      -----  --------------------------------   ------------------------
     00007FCA  ___SMS__SDSC_name                  main

ASxxxx Linker V03.00/V05.40 + sdld,  page 18.
Hexadecimal  [32-Bits]

Area                                    Addr        Size        Decimal Bytes (Attributes)
--------------------------------        ----        ----        ------- ----- ------------
_CABS3                              00000000    00000011 =          17. bytes (ABS,CON)

      Value  Global                              Global Defined In Module
      -----  --------------------------------   ------------------------
     00007FB9  ___SMS__SDSC_descr                 main

ASxxxx Linker V03.00/V05.40 + sdld,  page 19.
Hexadecimal  [32-Bits]

Area                                    Addr        Size        Decimal Bytes (Attributes)
--------------------------------        ----        ----        ------- ----- ------------
_CABS4                              00000000    00000010 =          16. bytes (ABS,CON)

      Value  Global                              Global Defined In Module
      -----  --------------------------------   ------------------------
     00007FE0  ___SMS__SDSC_signature             main

ASxxxx Linker V03.00/V05.40 + sdld,  page 20.

Files Linked                              [ module(s) ]

crt0_sms.rel                              [ crt0 ]
main.rel                                  [ main ]
bank1.rel                                 [ bank1 ]
bank2.rel                                 [ bank2 ]
PSGlib.rel                                [ PSGlib ]


Libraries Linked                          [ object file ]

SMSlib.lib                                [ SMSlib_VRAMmemset.rel ]
SMSlib.lib                                [ SMSlib.rel ]
SMSlib.lib                                [ SMSlib_sprite.rel ]
./sdcc/bin/../share/sdcc/lib/z80/z80.lib  [ __sdcc_call_hl.rel ]
SMSlib.lib                                [ SMSlib_deprecated.rel ]
SMSlib.lib                                [ SMSlib_VRAMmemcpy.rel ]
./sdcc/bin/../share/sdcc/lib/z80/z80.lib  [ vprintf.rel ]
./sdcc/bin/../share/sdcc/lib/z80/z80.lib  [ divsigned.rel ]
./sdcc/bin/../share/sdcc/lib/z80/z80.lib  [ printf_large.rel ]
SMSlib.lib                                [ SMSlib_textrenderer.rel ]
./sdcc/bin/../share/sdcc/lib/z80/z80.lib  [ divunsigned.rel ]
./sdcc/bin/../share/sdcc/lib/z80/z80.lib  [ strlen.rel ]

ASxxxx Linker V03.00/V05.40 + sdld,  page 21.

User Base Address Definitions

_CODE = 0x0200
_DATA = 0xc000

