ASxxxx Linker V03.00/V05.40 + sdld,  page 1.
Hexadecimal  [32-Bits]

Area                                    Addr        Size        Decimal Bytes (Attributes)
--------------------------------        ----        ----        ------- ----- ------------
.  .ABS.                            00000000    00000000 =           0. bytes (ABS,CON)

      Value  Global                              Global Defined In Module
      -----  --------------------------------   ------------------------
     00000000  .__.ABS.                           
     00000000  l__BSEG                         
     00000000  l__BSS                          
     00000000  l__CABS                         
     00000000  l__DABS                         
     00000000  l__HEADER                       
     00000000  l__HEAP                         
     00000000  l__HOME                         
     00000000  s__CABS                         
     00000000  s__CABS0                        
     00000000  s__CABS1                        
     00000000  s__CABS2                        
     00000000  s__CABS3                        
     00000000  s__CABS4                        
     00000000  s__DABS                         
     00000000  s__HEADER                       
     00000000  s__HEADER0                      
     00000000  s__HEADER1                      
     00000000  s__HEADER2                      
     00000000  s__HEADER3                      
     00000000  s__HEADER4                      
     00000001  l__GSFINAL                      
     00000005  l__CABS1                        
     00000008  l__HEADER0                      
     00000009  l__HEADER1                      
     0000000E  l__CABS2                        
     0000000F  l__GSINIT                       
     00000010  l__CABS0                        
     00000010  l__CABS4                        
     00000011  l__CABS3                        
     0000001F  l__HEADER2                      
     0000002B  l__HEADER3                      
     0000002E  l__INITIALIZED                  
     0000002E  l__INITIALIZER                  
     00000104  l__HEADER4                      
     00000200  s__CODE                         
     0000049D  l__DATA                         
     00008000  _SMS_SRAM                          SMSlib_textrenderer
     000098D4  l__CODE                         
     00009AD4  s__HOME                         
     00009AD4  s__INITIALIZER                  
     00009B02  s__GSINIT                       
     00009B11  s__GSFINAL                      
     0000C000  s__DATA                         
     0000C49D  s__INITIALIZED                  
     0000C4CB  s__BSEG                         
     0000C4CB  s__BSS                          
     0000C4CB  s__HEAP                         
     0000FFFC  _SRAM_bank_to_be_mapped_on_slot2   SMSlib_textrenderer
     0000FFFD  _ROM_bank_to_be_mapped_on_slot0    SMSlib_textrenderer
ASxxxx Linker V03.00/V05.40 + sdld,  page 2.
Hexadecimal  [32-Bits]

Area                                    Addr        Size        Decimal Bytes (Attributes)
--------------------------------        ----        ----        ------- ----- ------------
.  .ABS.                            00000000    00000000 =           0. bytes (ABS,CON)

      Value  Global                              Global Defined In Module
      -----  --------------------------------   ------------------------
     0000FFFE  _ROM_bank_to_be_mapped_on_slot1    SMSlib_textrenderer
     0000FFFF  _ROM_bank_to_be_mapped_on_slot2    SMSlib_textrenderer

ASxxxx Linker V03.00/V05.40 + sdld,  page 3.
Hexadecimal  [32-Bits]

Area                                    Addr        Size        Decimal Bytes (Attributes)
--------------------------------        ----        ----        ------- ----- ------------
_CODE                               00000200    000098D4 =       39124. bytes (REL,CON)

      Value  Global                              Global Defined In Module
      -----  --------------------------------   ------------------------
     00000200  _generateSprite                    main
     000002AA  _generateSpriteNoRAM               main
     00000359  _addHardwareSprite                 main
     000005DD  _initSpritesVariables              main
     0000060C  _copySpritestoSAT                  main
     00000640  _draw_entidad                      main
     00000A47  _canUp                             main
     00000A53  _canDown                           main
     00000A61  _canLeft                           main
     00000A6D  _canRight                          main
     00000A7B  _moveAlexSuelo                     main
     00000C1F  _moveAlexAire                      main
     00000CEA  _drawAlex                          main
     00000D33  _moveAlex                          main
     00000D6D  _inicializaPajaros                 main
     00000E30  _loadGrapVRAM                      main
     00000F0F  _dibujaPajaros                     main
     00001034  _playMusic                         main
     0000103A  _disableSprites                    main
     00001058  _main                              main
     00001159  _sonicpalette_inc                  bank1
     00001167  _sonictilemap_inc                  bank1
     00001767  _puno_inc                          bank1
     000017E7  _spriteAlex_inc                    bank1
     000027E7  _sonictiles_inc                    bank1
     00003CA7  _palleteAlex_inc                   bank1
     00003CAF  _tiles_de_prueba2_inc              bank1
     00003D4F  _tilemap_de_prueba2_inc            bank1
     0000448F  _paleta_de_prueba2_inc             bank1
     00004494  _spritePajaro_inc                  bank1
     00004614  _emeraldhill_psg                   bank2
     000048FA  _special_psg                       bank2
     000071E3  _salto_psg                         bank2
     00007222  _nuestro_psg                       bank2
     0000766D  _greenhill_psg                     bank2
     00007AA8  _titulo_psg                        bank2
     00008413  _PSGStop                           PSGlib
     00008446  _PSGResume                         PSGlib
     00008567  _PSGPlay                           PSGlib
     000085A6  _PSGPlayLoops                      PSGlib
     000085BD  _PSGCancelLoop                     PSGlib
     000085C8  _PSGPlayNoRepeat                   PSGlib
     000085D6  _PSGGetStatus                      PSGlib
     000085DA  _PSGSilenceChannels                PSGlib
     000085EB  _PSGRestoreVolumes                 PSGlib
     000086E8  _PSGSetMusicVolumeAttenuation      PSGlib
     000087CE  _PSGSFXStop                        PSGlib
     00008933  _PSGSFXPlay                        PSGlib
     00008997  _PSGSFXCancelLoop                  PSGlib
     0000899D  _PSGSFXGetStatus                   PSGlib
ASxxxx Linker V03.00/V05.40 + sdld,  page 4.
Hexadecimal  [32-Bits]

Area                                    Addr        Size        Decimal Bytes (Attributes)
--------------------------------        ----        ----        ------- ----- ------------
_CODE                               00000200    000098D4 =       39124. bytes (REL,CON)

      Value  Global                              Global Defined In Module
      -----  --------------------------------   ------------------------
     000089A1  _PSGSFXPlayLoop                    PSGlib
     000089BC  _PSGFrame                          PSGlib
     00008B24  _PSGSFXFrame                       PSGlib
     00008BBC  _SMS_reserveSprite                 SMSlib_spriteAdv
     00008BDB  _SMS_updateSpritePosition          SMSlib_spriteAdv
     00008C0F  _SMS_updateSpriteImage             SMSlib_spriteAdv
     00008C1C  _SMS_hideSprite                    SMSlib_spriteAdv
     00008C26  _SMS_init                          SMSlib
     00008C52  _VDPReg_init                       SMSlib
     00008C5D  _SMS_VDPturnOnFeature              SMSlib
     00008C72  _SMS_VDPturnOffFeature             SMSlib
     00008C8A  _SMS_setBGScrollX                  SMSlib
     00008C94  _SMS_setBGScrollY                  SMSlib
     00008C9E  _SMS_setBackdropColor              SMSlib
     00008CA8  _SMS_useFirstHalfTilesforSprites   SMSlib
     00008CBE  _SMS_setSpriteMode                 SMSlib
     00008D0B  _SMS_setBGPaletteColor             SMSlib
     00008D18  _SMS_setSpritePaletteColor         SMSlib
     00008D25  _SMS_loadBGPalette                 SMSlib
     00008D39  _SMS_loadSpritePalette             SMSlib
     00008D4D  _SMS_setColor                      SMSlib
     00008D51  _SMS_waitForVBlank                 SMSlib
     00008D5E  _SMS_getKeysStatus                 SMSlib
     00008D63  _SMS_getKeysPressed                SMSlib
     00008D78  _SMS_getKeysHeld                   SMSlib
     00008D8B  _SMS_getKeysReleased               SMSlib
     00008DA4  _SMS_queryPauseRequested           SMSlib
     00008DA8  _SMS_resetPauseRequest             SMSlib
     00008DAE  _SMS_setFrameInterruptHandler      SMSlib
     00008DB2  _SMS_setLineInterruptHandler       SMSlib
     00008DB6  _SMS_setLineCounter                SMSlib
     00008DC0  _SMS_getVCount                     SMSlib
     00008DC3  _SMS_getHCount                     SMSlib
     00008DC6  _SMS_isr                           SMSlib
     00008E0E  _SMS_nmi_isr                       SMSlib
     00008E17  _SMS_VRAMmemset_f                  SMSlib_VRAMmemset
     00008E33  _SMS_VRAMmemsetW                   SMSlib_VRAMmemset
     00008E46  _SMS_initSprites                   SMSlib_sprite
     00008E4C  _SMS_addSprite_f                   SMSlib_sprite
     00008E77  _SMS_copySpritestoSAT              SMSlib_sprite
     00008EAB  __mulint                           
     00008EAD  __mul16                            
     00008EC2  ___sdcc_call_hl                    
     00008EC3  _SMS_VRAMmemcpy                    SMSlib_VRAMmemcpy
     00008EE0  _vprintf                           vprintf
     00008EEC  _printf                            vprintf
     00008F03  __divschar                         
     00008F05  __div8                             
     00008F09  __div_signexte                     
     00008F0D  __div16                            
     00008F0D  __divsint                          
ASxxxx Linker V03.00/V05.40 + sdld,  page 5.
Hexadecimal  [32-Bits]

Area                                    Addr        Size        Decimal Bytes (Attributes)
--------------------------------        ----        ----        ------- ----- ------------
_CODE                               00000200    000098D4 =       39124. bytes (REL,CON)

      Value  Global                              Global Defined In Module
      -----  --------------------------------   ------------------------
     00008F33  __get_remainder                    
     0000901C  __print_format                     printf_large
     00009A88  _SMS_configureTextRenderer         SMSlib_textrenderer
     00009A8C  _putchar                           SMSlib_textrenderer
     00009A94  __divuchar                         
     00009A96  __divu8                            
     00009A99  __divu16                           
     00009A99  __divuint                          
     00009AC8  _strlen                            

ASxxxx Linker V03.00/V05.40 + sdld,  page 6.
Hexadecimal  [32-Bits]

Area                                    Addr        Size        Decimal Bytes (Attributes)
--------------------------------        ----        ----        ------- ----- ------------
_HEADER0                            00000000    00000008 =           8. bytes (ABS,CON)

      Value  Global                              Global Defined In Module
      -----  --------------------------------   ------------------------
ASxxxx Linker V03.00/V05.40 + sdld,  page 7.
Hexadecimal  [32-Bits]

Area                                    Addr        Size        Decimal Bytes (Attributes)
--------------------------------        ----        ----        ------- ----- ------------
_HEADER1                            00000000    00000009 =           9. bytes (ABS,CON)

      Value  Global                              Global Defined In Module
      -----  --------------------------------   ------------------------
     00000008  _SMS_crt0_RST08                    crt0

ASxxxx Linker V03.00/V05.40 + sdld,  page 8.
Hexadecimal  [32-Bits]

Area                                    Addr        Size        Decimal Bytes (Attributes)
--------------------------------        ----        ----        ------- ----- ------------
_HEADER2                            00000000    0000001F =          31. bytes (ABS,CON)

      Value  Global                              Global Defined In Module
      -----  --------------------------------   ------------------------
     00000018  _SMS_crt0_RST18                    crt0
     0000002F  get_bank                           crt0
     00000033  set_bank                           crt0
ASxxxx Linker V03.00/V05.40 + sdld,  page 9.
Hexadecimal  [32-Bits]

Area                                    Addr        Size        Decimal Bytes (Attributes)
--------------------------------        ----        ----        ------- ----- ------------
_HEADER3                            00000000    0000002B =          43. bytes (ABS,CON)

      Value  Global                              Global Defined In Module
      -----  --------------------------------   ------------------------
ASxxxx Linker V03.00/V05.40 + sdld,  page 10.
Hexadecimal  [32-Bits]

Area                                    Addr        Size        Decimal Bytes (Attributes)
--------------------------------        ----        ----        ------- ----- ------------
_HEADER4                            00000000    00000104 =         260. bytes (ABS,CON)

      Value  Global                              Global Defined In Module
      -----  --------------------------------   ------------------------
     00000069  _OUTI128                           crt0
     000000E9  _OUTI64                            crt0
     00000129  _OUTI32                            crt0
     00000169  _outi_block                        crt0

ASxxxx Linker V03.00/V05.40 + sdld,  page 11.
Hexadecimal  [32-Bits]

Area                                    Addr        Size        Decimal Bytes (Attributes)
--------------------------------        ----        ----        ------- ----- ------------
_INITIALIZER                        00009AD4    0000002E =          46. bytes (REL,CON)

      Value  Global                              Global Defined In Module
      -----  --------------------------------   ------------------------
ASxxxx Linker V03.00/V05.40 + sdld,  page 12.
Hexadecimal  [32-Bits]

Area                                    Addr        Size        Decimal Bytes (Attributes)
--------------------------------        ----        ----        ------- ----- ------------
_GSINIT                             00009B02    0000000F =          15. bytes (REL,CON)

      Value  Global                              Global Defined In Module
      -----  --------------------------------   ------------------------
     00009B02  gsinit                             crt0

ASxxxx Linker V03.00/V05.40 + sdld,  page 13.
Hexadecimal  [32-Bits]

Area                                    Addr        Size        Decimal Bytes (Attributes)
--------------------------------        ----        ----        ------- ----- ------------
_GSFINAL                            00009B11    00000001 =           1. bytes (REL,CON)

      Value  Global                              Global Defined In Module
      -----  --------------------------------   ------------------------
ASxxxx Linker V03.00/V05.40 + sdld,  page 14.
Hexadecimal  [32-Bits]

Area                                    Addr        Size        Decimal Bytes (Attributes)
--------------------------------        ----        ----        ------- ----- ------------
_DATA                               0000C000    0000049D =        1181. bytes (REL,CON)

      Value  Global                              Global Defined In Module
      -----  --------------------------------   ------------------------
     0000C000  _hardwareSprites                   main
     0000C300  _SpriteTableY2                     main
     0000C302  _SpriteTableXN2                    main
     0000C304  _SpriteNextFree2                   main
     0000C306  _pajaros                           main
     0000C39E  _numSprites                        main
     0000C3A0  _PSGMusicStatus                    PSGlib
     0000C3A1  _PSGMusicStart                     PSGlib
     0000C3A3  _PSGMusicPointer                   PSGlib
     0000C3A5  _PSGMusicLoopPoint                 PSGlib
     0000C3A7  _PSGMusicSkipFrames                PSGlib
     0000C3A8  _PSGLoopFlag                       PSGlib
     0000C3A9  _PSGLoopCounter                    PSGlib
     0000C3AA  _PSGMusicLastLatch                 PSGlib
     0000C3AB  _PSGMusicVolumeAttenuation         PSGlib
     0000C3AC  _PSGMusicSubstringLen              PSGlib
     0000C3AD  _PSGMusicSubstringRetAddr          PSGlib
     0000C3AF  _PSGChan0Volume                    PSGlib
     0000C3B0  _PSGChan1Volume                    PSGlib
     0000C3B1  _PSGChan2Volume                    PSGlib
     0000C3B2  _PSGChan3Volume                    PSGlib
     0000C3B3  _PSGChan0LowTone                   PSGlib
     0000C3B4  _PSGChan0HighTone                  PSGlib
     0000C3B5  _PSGChan1LowTone                   PSGlib
     0000C3B6  _PSGChan1HighTone                  PSGlib
     0000C3B7  _PSGChan2LowTone                   PSGlib
     0000C3B8  _PSGChan2HighTone                  PSGlib
     0000C3B9  _PSGChan3LowTone                   PSGlib
     0000C3BA  _PSGChannel0SFX                    PSGlib
     0000C3BB  _PSGChannel1SFX                    PSGlib
     0000C3BC  _PSGChannel2SFX                    PSGlib
     0000C3BD  _PSGChannel3SFX                    PSGlib
     0000C3BE  _PSGSFXChan0Volume                 PSGlib
     0000C3BF  _PSGSFXChan1Volume                 PSGlib
     0000C3C0  _PSGSFXChan2Volume                 PSGlib
     0000C3C1  _PSGSFXChan3Volume                 PSGlib
     0000C3C2  _PSGSFXStatus                      PSGlib
     0000C3C3  _PSGSFXStart                       PSGlib
     0000C3C5  _PSGSFXPointer                     PSGlib
     0000C3C7  _PSGSFXLoopPoint                   PSGlib
     0000C3C9  _PSGSFXSkipFrames                  PSGlib
     0000C3CA  _PSGSFXLoopFlag                    PSGlib
     0000C3CB  _PSGSFXSubstringLen                PSGlib
     0000C3CC  _PSGSFXSubstringRetAddr            PSGlib
     0000C3CE  _VDPBlank                          SMSlib
     0000C3CF  _SMS_VDPFlags                      SMSlib
     0000C3D0  _PauseRequested                    SMSlib
     0000C3D1  _SMS_Port3EBIOSvalue               SMSlib
     0000C3D2  _SMS_theFrameInterruptHandler      SMSlib
     0000C3D4  _KeysStatus                        SMSlib
ASxxxx Linker V03.00/V05.40 + sdld,  page 15.
Hexadecimal  [32-Bits]

Area                                    Addr        Size        Decimal Bytes (Attributes)
--------------------------------        ----        ----        ------- ----- ------------
_DATA                               0000C000    0000049D =        1181. bytes (REL,CON)

      Value  Global                              Global Defined In Module
      -----  --------------------------------   ------------------------
     0000C3D6  _PreviousKeysStatus                SMSlib
     0000C3D8  _SMS_theLineInterruptHandler       SMSlib
     0000C3DA  _SpriteTableY                      SMSlib_sprite
     0000C41A  _SpriteTableXN                     SMSlib_sprite
     0000C49A  _SpriteNextFree                    SMSlib_sprite
     0000C49B  _SMS_TextRenderer_offset           SMSlib_textrenderer

ASxxxx Linker V03.00/V05.40 + sdld,  page 16.
Hexadecimal  [32-Bits]

Area                                    Addr        Size        Decimal Bytes (Attributes)
--------------------------------        ----        ----        ------- ----- ------------
_INITIALIZED                        0000C49D    0000002E =          46. bytes (REL,CON)

      Value  Global                              Global Defined In Module
      -----  --------------------------------   ------------------------
     0000C49D  _nextVRAMsprites                   main
     0000C49F  _maxSalto                          main
     0000C4A0  _alex                              main
     0000C4A8  _spriteAlex                        main
     0000C4B2  _spritePajaro                      main
     0000C4BC  _spritePuno                        main
     0000C4C6  _VDPReg                            SMSlib
     0000C4C8  _spritesHeight                     SMSlib
     0000C4C9  _spritesWidth                      SMSlib
     0000C4CA  _spritesTileOffset                 SMSlib

ASxxxx Linker V03.00/V05.40 + sdld,  page 17.
Hexadecimal  [32-Bits]

Area                                    Addr        Size        Decimal Bytes (Attributes)
--------------------------------        ----        ----        ------- ----- ------------
_CABS0                              00000000    00000010 =          16. bytes (ABS,CON)

      Value  Global                              Global Defined In Module
      -----  --------------------------------   ------------------------
     00007FF0  ___SMS__SEGA_signature             main

ASxxxx Linker V03.00/V05.40 + sdld,  page 18.
Hexadecimal  [32-Bits]

Area                                    Addr        Size        Decimal Bytes (Attributes)
--------------------------------        ----        ----        ------- ----- ------------
_CABS1                              00000000    00000005 =           5. bytes (ABS,CON)

      Value  Global                              Global Defined In Module
      -----  --------------------------------   ------------------------
     00007FDB  ___SMS__SDSC_author                main

ASxxxx Linker V03.00/V05.40 + sdld,  page 19.
Hexadecimal  [32-Bits]

Area                                    Addr        Size        Decimal Bytes (Attributes)
--------------------------------        ----        ----        ------- ----- ------------
_CABS2                              00000000    0000000E =          14. bytes (ABS,CON)

      Value  Global                              Global Defined In Module
      -----  --------------------------------   ------------------------
     00007FCD  ___SMS__SDSC_name                  main

ASxxxx Linker V03.00/V05.40 + sdld,  page 20.
Hexadecimal  [32-Bits]

Area                                    Addr        Size        Decimal Bytes (Attributes)
--------------------------------        ----        ----        ------- ----- ------------
_CABS3                              00000000    00000011 =          17. bytes (ABS,CON)

      Value  Global                              Global Defined In Module
      -----  --------------------------------   ------------------------
     00007FBC  ___SMS__SDSC_descr                 main

ASxxxx Linker V03.00/V05.40 + sdld,  page 21.
Hexadecimal  [32-Bits]

Area                                    Addr        Size        Decimal Bytes (Attributes)
--------------------------------        ----        ----        ------- ----- ------------
_CABS4                              00000000    00000010 =          16. bytes (ABS,CON)

      Value  Global                              Global Defined In Module
      -----  --------------------------------   ------------------------
     00007FE0  ___SMS__SDSC_signature             main

ASxxxx Linker V03.00/V05.40 + sdld,  page 22.

Files Linked                              [ module(s) ]

crt0_sms.rel                              [ crt0 ]
main.rel                                  [ main ]
bank1.rel                                 [ bank1 ]
bank2.rel                                 [ bank2 ]
PSGlib.rel                                [ PSGlib ]


Libraries Linked                          [ object file ]

SMSlib.lib                                [ SMSlib_spriteAdv.rel ]
SMSlib.lib                                [ SMSlib.rel ]
SMSlib.lib                                [ SMSlib_VRAMmemset.rel ]
SMSlib.lib                                [ SMSlib_sprite.rel ]
./sdcc/bin/../share/sdcc/lib/z80/z80.lib  [ mul.rel ]
./sdcc/bin/../share/sdcc/lib/z80/z80.lib  [ __sdcc_call_hl.rel ]
SMSlib.lib                                [ SMSlib_VRAMmemcpy.rel ]
./sdcc/bin/../share/sdcc/lib/z80/z80.lib  [ vprintf.rel ]
./sdcc/bin/../share/sdcc/lib/z80/z80.lib  [ divsigned.rel ]
./sdcc/bin/../share/sdcc/lib/z80/z80.lib  [ printf_large.rel ]
SMSlib.lib                                [ SMSlib_textrenderer.rel ]
./sdcc/bin/../share/sdcc/lib/z80/z80.lib  [ divunsigned.rel ]
./sdcc/bin/../share/sdcc/lib/z80/z80.lib  [ strlen.rel ]

ASxxxx Linker V03.00/V05.40 + sdld,  page 23.

User Base Address Definitions

_CODE = 0x0200
_DATA = 0xc000

