ASxxxx Linker V03.00/V05.40 + sdld,  page 1.
Hexadecimal  [32-Bits]

Area                                    Addr        Size        Decimal Bytes (Attributes)
--------------------------------        ----        ----        ------- ----- ------------
.  .ABS.                            00000000    00000000 =           0. bytes (ABS,CON)

      Value  Global                              Global Defined In Module
      -----  --------------------------------   ------------------------
     00000000  .__.ABS.                           
     00000000  l__BSEG                         
     00000000  l__BSS                          
     00000000  l__CABS                         
     00000000  l__DABS                         
     00000000  l__HEADER                       
     00000000  l__HEAP                         
     00000000  l__HOME                         
     00000000  s__CABS                         
     00000000  s__CABS0                        
     00000000  s__CABS1                        
     00000000  s__CABS2                        
     00000000  s__CABS3                        
     00000000  s__CABS4                        
     00000000  s__DABS                         
     00000000  s__HEADER                       
     00000000  s__HEADER0                      
     00000000  s__HEADER1                      
     00000000  s__HEADER2                      
     00000000  s__HEADER3                      
     00000000  s__HEADER4                      
     00000001  l__GSFINAL                      
     00000005  l__CABS1                        
     00000008  l__HEADER0                      
     00000009  l__HEADER1                      
     0000000E  l__CABS2                        
     0000000F  l__GSINIT                       
     00000010  l__CABS0                        
     00000010  l__CABS4                        
     00000011  l__CABS3                        
     0000001F  l__HEADER2                      
     0000002B  l__HEADER3                      
     00000104  l__HEADER4                      
     00000131  l__INITIALIZED                  
     00000131  l__INITIALIZER                  
     00000200  s__CODE                         
     00000503  l__DATA                         
     00008000  _SMS_SRAM                          SMSlib_textrenderer
     00009BC7  l__CODE                         
     00009DC7  s__HOME                         
     00009DC7  s__INITIALIZER                  
     00009EF8  s__GSINIT                       
     00009F07  s__GSFINAL                      
     0000C000  s__DATA                         
     0000C503  s__INITIALIZED                  
     0000C634  s__BSEG                         
     0000C634  s__BSS                          
     0000C634  s__HEAP                         
     0000FFFC  _SRAM_bank_to_be_mapped_on_slot2   SMSlib_textrenderer
     0000FFFD  _ROM_bank_to_be_mapped_on_slot0    SMSlib_textrenderer
ASxxxx Linker V03.00/V05.40 + sdld,  page 2.
Hexadecimal  [32-Bits]

Area                                    Addr        Size        Decimal Bytes (Attributes)
--------------------------------        ----        ----        ------- ----- ------------
.  .ABS.                            00000000    00000000 =           0. bytes (ABS,CON)

      Value  Global                              Global Defined In Module
      -----  --------------------------------   ------------------------
     0000FFFE  _ROM_bank_to_be_mapped_on_slot1    SMSlib_textrenderer
     0000FFFF  _ROM_bank_to_be_mapped_on_slot2    SMSlib_textrenderer

ASxxxx Linker V03.00/V05.40 + sdld,  page 3.
Hexadecimal  [32-Bits]

Area                                    Addr        Size        Decimal Bytes (Attributes)
--------------------------------        ----        ----        ------- ----- ------------
_CODE                               00000200    00009BC7 =       39879. bytes (REL,CON)

      Value  Global                              Global Defined In Module
      -----  --------------------------------   ------------------------
     00000200  _generateSpriteFlip                main
     00000401  _generateSprite                    main
     000004AB  _generateSpriteNoRAM               main
     0000055A  _addHardwareSprite                 main
     000007DE  _initSpritesVariables              main
     0000080D  _copySpritestoSAT                  main
     00000841  _draw_entidad                      main
     00000C67  _canUp                             main
     00000C73  _canDown                           main
     00000C81  _canLeft                           main
     00000C8D  _canRight                          main
     00000C9B  _moveAlexSuelo                     main
     00000E63  _moveAlexAire                      main
     00000F9D  _drawAlex                          main
     0000101E  _moveAlex                          main
     00001058  _inicializaPajaros                 main
     0000111A  _loadGrapVRAM                      main
     000011F9  _dibujaPajaros                     main
     00001321  _playMusic                         main
     00001327  _disableSprites                    main
     00001345  _main                              main
     0000144C  _sonicpalette_inc                  bank1
     0000145A  _sonictilemap_inc                  bank1
     00001A5A  _puno_inc                          bank1
     00001ADA  _spriteAlex_inc                    bank1
     00002ADA  _sonictiles_inc                    bank1
     00003F9A  _palleteAlex_inc                   bank1
     00003FA2  _tiles_de_prueba2_inc              bank1
     00004042  _tilemap_de_prueba2_inc            bank1
     00004782  _paleta_de_prueba2_inc             bank1
     00004787  _spritePajaro_inc                  bank1
     00004907  _emeraldhill_psg                   bank2
     00004BED  _special_psg                       bank2
     000074D6  _salto_psg                         bank2
     00007515  _nuestro_psg                       bank2
     00007960  _greenhill_psg                     bank2
     00007D9B  _titulo_psg                        bank2
     00008706  _PSGStop                           PSGlib
     00008739  _PSGResume                         PSGlib
     0000885A  _PSGPlay                           PSGlib
     00008899  _PSGPlayLoops                      PSGlib
     000088B0  _PSGCancelLoop                     PSGlib
     000088BB  _PSGPlayNoRepeat                   PSGlib
     000088C9  _PSGGetStatus                      PSGlib
     000088CD  _PSGSilenceChannels                PSGlib
     000088DE  _PSGRestoreVolumes                 PSGlib
     000089DB  _PSGSetMusicVolumeAttenuation      PSGlib
     00008AC1  _PSGSFXStop                        PSGlib
     00008C26  _PSGSFXPlay                        PSGlib
     00008C8A  _PSGSFXCancelLoop                  PSGlib
ASxxxx Linker V03.00/V05.40 + sdld,  page 4.
Hexadecimal  [32-Bits]

Area                                    Addr        Size        Decimal Bytes (Attributes)
--------------------------------        ----        ----        ------- ----- ------------
_CODE                               00000200    00009BC7 =       39879. bytes (REL,CON)

      Value  Global                              Global Defined In Module
      -----  --------------------------------   ------------------------
     00008C90  _PSGSFXGetStatus                   PSGlib
     00008C94  _PSGSFXPlayLoop                    PSGlib
     00008CAF  _PSGFrame                          PSGlib
     00008E17  _PSGSFXFrame                       PSGlib
     00008EAF  _SMS_reserveSprite                 SMSlib_spriteAdv
     00008ECE  _SMS_updateSpritePosition          SMSlib_spriteAdv
     00008F02  _SMS_updateSpriteImage             SMSlib_spriteAdv
     00008F0F  _SMS_hideSprite                    SMSlib_spriteAdv
     00008F19  _SMS_init                          SMSlib
     00008F45  _VDPReg_init                       SMSlib
     00008F50  _SMS_VDPturnOnFeature              SMSlib
     00008F65  _SMS_VDPturnOffFeature             SMSlib
     00008F7D  _SMS_setBGScrollX                  SMSlib
     00008F87  _SMS_setBGScrollY                  SMSlib
     00008F91  _SMS_setBackdropColor              SMSlib
     00008F9B  _SMS_useFirstHalfTilesforSprites   SMSlib
     00008FB1  _SMS_setSpriteMode                 SMSlib
     00008FFE  _SMS_setBGPaletteColor             SMSlib
     0000900B  _SMS_setSpritePaletteColor         SMSlib
     00009018  _SMS_loadBGPalette                 SMSlib
     0000902C  _SMS_loadSpritePalette             SMSlib
     00009040  _SMS_setColor                      SMSlib
     00009044  _SMS_waitForVBlank                 SMSlib
     00009051  _SMS_getKeysStatus                 SMSlib
     00009056  _SMS_getKeysPressed                SMSlib
     0000906B  _SMS_getKeysHeld                   SMSlib
     0000907E  _SMS_getKeysReleased               SMSlib
     00009097  _SMS_queryPauseRequested           SMSlib
     0000909B  _SMS_resetPauseRequest             SMSlib
     000090A1  _SMS_setFrameInterruptHandler      SMSlib
     000090A5  _SMS_setLineInterruptHandler       SMSlib
     000090A9  _SMS_setLineCounter                SMSlib
     000090B3  _SMS_getVCount                     SMSlib
     000090B6  _SMS_getHCount                     SMSlib
     000090B9  _SMS_isr                           SMSlib
     00009101  _SMS_nmi_isr                       SMSlib
     0000910A  _SMS_VRAMmemset_f                  SMSlib_VRAMmemset
     00009126  _SMS_VRAMmemsetW                   SMSlib_VRAMmemset
     00009139  _SMS_initSprites                   SMSlib_sprite
     0000913F  _SMS_addSprite_f                   SMSlib_sprite
     0000916A  _SMS_copySpritestoSAT              SMSlib_sprite
     0000919E  __mulint                           
     000091A0  __mul16                            
     000091B5  ___sdcc_call_hl                    
     000091B6  _SMS_VRAMmemcpy                    SMSlib_VRAMmemcpy
     000091D3  _vprintf                           vprintf
     000091DF  _printf                            vprintf
     000091F6  __divschar                         
     000091F8  __div8                             
     000091FC  __div_signexte                     
     00009200  __div16                            
ASxxxx Linker V03.00/V05.40 + sdld,  page 5.
Hexadecimal  [32-Bits]

Area                                    Addr        Size        Decimal Bytes (Attributes)
--------------------------------        ----        ----        ------- ----- ------------
_CODE                               00000200    00009BC7 =       39879. bytes (REL,CON)

      Value  Global                              Global Defined In Module
      -----  --------------------------------   ------------------------
     00009200  __divsint                          
     00009226  __get_remainder                    
     0000930F  __print_format                     printf_large
     00009D7B  _SMS_configureTextRenderer         SMSlib_textrenderer
     00009D7F  _putchar                           SMSlib_textrenderer
     00009D87  __divuchar                         
     00009D89  __divu8                            
     00009D8C  __divu16                           
     00009D8C  __divuint                          
     00009DBB  _strlen                            
ASxxxx Linker V03.00/V05.40 + sdld,  page 6.
Hexadecimal  [32-Bits]

Area                                    Addr        Size        Decimal Bytes (Attributes)
--------------------------------        ----        ----        ------- ----- ------------
_HEADER0                            00000000    00000008 =           8. bytes (ABS,CON)

      Value  Global                              Global Defined In Module
      -----  --------------------------------   ------------------------
ASxxxx Linker V03.00/V05.40 + sdld,  page 7.
Hexadecimal  [32-Bits]

Area                                    Addr        Size        Decimal Bytes (Attributes)
--------------------------------        ----        ----        ------- ----- ------------
_HEADER1                            00000000    00000009 =           9. bytes (ABS,CON)

      Value  Global                              Global Defined In Module
      -----  --------------------------------   ------------------------
     00000008  _SMS_crt0_RST08                    crt0

ASxxxx Linker V03.00/V05.40 + sdld,  page 8.
Hexadecimal  [32-Bits]

Area                                    Addr        Size        Decimal Bytes (Attributes)
--------------------------------        ----        ----        ------- ----- ------------
_HEADER2                            00000000    0000001F =          31. bytes (ABS,CON)

      Value  Global                              Global Defined In Module
      -----  --------------------------------   ------------------------
     00000018  _SMS_crt0_RST18                    crt0
     0000002F  get_bank                           crt0
     00000033  set_bank                           crt0
ASxxxx Linker V03.00/V05.40 + sdld,  page 9.
Hexadecimal  [32-Bits]

Area                                    Addr        Size        Decimal Bytes (Attributes)
--------------------------------        ----        ----        ------- ----- ------------
_HEADER3                            00000000    0000002B =          43. bytes (ABS,CON)

      Value  Global                              Global Defined In Module
      -----  --------------------------------   ------------------------
ASxxxx Linker V03.00/V05.40 + sdld,  page 10.
Hexadecimal  [32-Bits]

Area                                    Addr        Size        Decimal Bytes (Attributes)
--------------------------------        ----        ----        ------- ----- ------------
_HEADER4                            00000000    00000104 =         260. bytes (ABS,CON)

      Value  Global                              Global Defined In Module
      -----  --------------------------------   ------------------------
     00000069  _OUTI128                           crt0
     000000E9  _OUTI64                            crt0
     00000129  _OUTI32                            crt0
     00000169  _outi_block                        crt0

ASxxxx Linker V03.00/V05.40 + sdld,  page 11.
Hexadecimal  [32-Bits]

Area                                    Addr        Size        Decimal Bytes (Attributes)
--------------------------------        ----        ----        ------- ----- ------------
_INITIALIZER                        00009DC7    00000131 =         305. bytes (REL,CON)

      Value  Global                              Global Defined In Module
      -----  --------------------------------   ------------------------
ASxxxx Linker V03.00/V05.40 + sdld,  page 12.
Hexadecimal  [32-Bits]

Area                                    Addr        Size        Decimal Bytes (Attributes)
--------------------------------        ----        ----        ------- ----- ------------
_GSINIT                             00009EF8    0000000F =          15. bytes (REL,CON)

      Value  Global                              Global Defined In Module
      -----  --------------------------------   ------------------------
     00009EF8  gsinit                             crt0

ASxxxx Linker V03.00/V05.40 + sdld,  page 13.
Hexadecimal  [32-Bits]

Area                                    Addr        Size        Decimal Bytes (Attributes)
--------------------------------        ----        ----        ------- ----- ------------
_GSFINAL                            00009F07    00000001 =           1. bytes (REL,CON)

      Value  Global                              Global Defined In Module
      -----  --------------------------------   ------------------------
ASxxxx Linker V03.00/V05.40 + sdld,  page 14.
Hexadecimal  [32-Bits]

Area                                    Addr        Size        Decimal Bytes (Attributes)
--------------------------------        ----        ----        ------- ----- ------------
_DATA                               0000C000    00000503 =        1283. bytes (REL,CON)

      Value  Global                              Global Defined In Module
      -----  --------------------------------   ------------------------
     0000C000  _buffer64                          main
     0000C040  _hardwareSprites                   main
     0000C340  _SpriteTableY2                     main
     0000C342  _SpriteTableXN2                    main
     0000C344  _SpriteNextFree2                   main
     0000C346  _pajaros                           main
     0000C404  _numSprites                        main
     0000C406  _PSGMusicStatus                    PSGlib
     0000C407  _PSGMusicStart                     PSGlib
     0000C409  _PSGMusicPointer                   PSGlib
     0000C40B  _PSGMusicLoopPoint                 PSGlib
     0000C40D  _PSGMusicSkipFrames                PSGlib
     0000C40E  _PSGLoopFlag                       PSGlib
     0000C40F  _PSGLoopCounter                    PSGlib
     0000C410  _PSGMusicLastLatch                 PSGlib
     0000C411  _PSGMusicVolumeAttenuation         PSGlib
     0000C412  _PSGMusicSubstringLen              PSGlib
     0000C413  _PSGMusicSubstringRetAddr          PSGlib
     0000C415  _PSGChan0Volume                    PSGlib
     0000C416  _PSGChan1Volume                    PSGlib
     0000C417  _PSGChan2Volume                    PSGlib
     0000C418  _PSGChan3Volume                    PSGlib
     0000C419  _PSGChan0LowTone                   PSGlib
     0000C41A  _PSGChan0HighTone                  PSGlib
     0000C41B  _PSGChan1LowTone                   PSGlib
     0000C41C  _PSGChan1HighTone                  PSGlib
     0000C41D  _PSGChan2LowTone                   PSGlib
     0000C41E  _PSGChan2HighTone                  PSGlib
     0000C41F  _PSGChan3LowTone                   PSGlib
     0000C420  _PSGChannel0SFX                    PSGlib
     0000C421  _PSGChannel1SFX                    PSGlib
     0000C422  _PSGChannel2SFX                    PSGlib
     0000C423  _PSGChannel3SFX                    PSGlib
     0000C424  _PSGSFXChan0Volume                 PSGlib
     0000C425  _PSGSFXChan1Volume                 PSGlib
     0000C426  _PSGSFXChan2Volume                 PSGlib
     0000C427  _PSGSFXChan3Volume                 PSGlib
     0000C428  _PSGSFXStatus                      PSGlib
     0000C429  _PSGSFXStart                       PSGlib
     0000C42B  _PSGSFXPointer                     PSGlib
     0000C42D  _PSGSFXLoopPoint                   PSGlib
     0000C42F  _PSGSFXSkipFrames                  PSGlib
     0000C430  _PSGSFXLoopFlag                    PSGlib
     0000C431  _PSGSFXSubstringLen                PSGlib
     0000C432  _PSGSFXSubstringRetAddr            PSGlib
     0000C434  _VDPBlank                          SMSlib
     0000C435  _SMS_VDPFlags                      SMSlib
     0000C436  _PauseRequested                    SMSlib
     0000C437  _SMS_Port3EBIOSvalue               SMSlib
     0000C438  _SMS_theFrameInterruptHandler      SMSlib
ASxxxx Linker V03.00/V05.40 + sdld,  page 15.
Hexadecimal  [32-Bits]

Area                                    Addr        Size        Decimal Bytes (Attributes)
--------------------------------        ----        ----        ------- ----- ------------
_DATA                               0000C000    00000503 =        1283. bytes (REL,CON)

      Value  Global                              Global Defined In Module
      -----  --------------------------------   ------------------------
     0000C43A  _KeysStatus                        SMSlib
     0000C43C  _PreviousKeysStatus                SMSlib
     0000C43E  _SMS_theLineInterruptHandler       SMSlib
     0000C440  _SpriteTableY                      SMSlib_sprite
     0000C480  _SpriteTableXN                     SMSlib_sprite
     0000C500  _SpriteNextFree                    SMSlib_sprite
     0000C501  _SMS_TextRenderer_offset           SMSlib_textrenderer
ASxxxx Linker V03.00/V05.40 + sdld,  page 16.
Hexadecimal  [32-Bits]

Area                                    Addr        Size        Decimal Bytes (Attributes)
--------------------------------        ----        ----        ------- ----- ------------
_INITIALIZED                        0000C503    00000131 =         305. bytes (REL,CON)

      Value  Global                              Global Defined In Module
      -----  --------------------------------   ------------------------
     0000C503  _nextVRAMsprites                   main
     0000C505  _flipArray                         main
     0000C605  _maxSalto                          main
     0000C606  _alex                              main
     0000C610  _lastFrame                         main
     0000C611  _spriteAlex                        main
     0000C61B  _spritePajaro                      main
     0000C625  _spritePuno                        main
     0000C62F  _VDPReg                            SMSlib
     0000C631  _spritesHeight                     SMSlib
     0000C632  _spritesWidth                      SMSlib
     0000C633  _spritesTileOffset                 SMSlib
ASxxxx Linker V03.00/V05.40 + sdld,  page 17.
Hexadecimal  [32-Bits]

Area                                    Addr        Size        Decimal Bytes (Attributes)
--------------------------------        ----        ----        ------- ----- ------------
_CABS0                              00000000    00000010 =          16. bytes (ABS,CON)

      Value  Global                              Global Defined In Module
      -----  --------------------------------   ------------------------
     00007FF0  ___SMS__SEGA_signature             main

ASxxxx Linker V03.00/V05.40 + sdld,  page 18.
Hexadecimal  [32-Bits]

Area                                    Addr        Size        Decimal Bytes (Attributes)
--------------------------------        ----        ----        ------- ----- ------------
_CABS1                              00000000    00000005 =           5. bytes (ABS,CON)

      Value  Global                              Global Defined In Module
      -----  --------------------------------   ------------------------
     00007FDB  ___SMS__SDSC_author                main

ASxxxx Linker V03.00/V05.40 + sdld,  page 19.
Hexadecimal  [32-Bits]

Area                                    Addr        Size        Decimal Bytes (Attributes)
--------------------------------        ----        ----        ------- ----- ------------
_CABS2                              00000000    0000000E =          14. bytes (ABS,CON)

      Value  Global                              Global Defined In Module
      -----  --------------------------------   ------------------------
     00007FCD  ___SMS__SDSC_name                  main

ASxxxx Linker V03.00/V05.40 + sdld,  page 20.
Hexadecimal  [32-Bits]

Area                                    Addr        Size        Decimal Bytes (Attributes)
--------------------------------        ----        ----        ------- ----- ------------
_CABS3                              00000000    00000011 =          17. bytes (ABS,CON)

      Value  Global                              Global Defined In Module
      -----  --------------------------------   ------------------------
     00007FBC  ___SMS__SDSC_descr                 main

ASxxxx Linker V03.00/V05.40 + sdld,  page 21.
Hexadecimal  [32-Bits]

Area                                    Addr        Size        Decimal Bytes (Attributes)
--------------------------------        ----        ----        ------- ----- ------------
_CABS4                              00000000    00000010 =          16. bytes (ABS,CON)

      Value  Global                              Global Defined In Module
      -----  --------------------------------   ------------------------
     00007FE0  ___SMS__SDSC_signature             main

ASxxxx Linker V03.00/V05.40 + sdld,  page 22.

Files Linked                              [ module(s) ]

crt0_sms.rel                              [ crt0 ]
main.rel                                  [ main ]
bank1.rel                                 [ bank1 ]
bank2.rel                                 [ bank2 ]
PSGlib.rel                                [ PSGlib ]


Libraries Linked                          [ object file ]

SMSlib.lib                                [ SMSlib_spriteAdv.rel ]
SMSlib.lib                                [ SMSlib.rel ]
SMSlib.lib                                [ SMSlib_VRAMmemset.rel ]
SMSlib.lib                                [ SMSlib_sprite.rel ]
./sdcc/bin/../share/sdcc/lib/z80/z80.lib  [ mul.rel ]
./sdcc/bin/../share/sdcc/lib/z80/z80.lib  [ __sdcc_call_hl.rel ]
SMSlib.lib                                [ SMSlib_VRAMmemcpy.rel ]
./sdcc/bin/../share/sdcc/lib/z80/z80.lib  [ vprintf.rel ]
./sdcc/bin/../share/sdcc/lib/z80/z80.lib  [ divsigned.rel ]
./sdcc/bin/../share/sdcc/lib/z80/z80.lib  [ printf_large.rel ]
SMSlib.lib                                [ SMSlib_textrenderer.rel ]
./sdcc/bin/../share/sdcc/lib/z80/z80.lib  [ divunsigned.rel ]
./sdcc/bin/../share/sdcc/lib/z80/z80.lib  [ strlen.rel ]

ASxxxx Linker V03.00/V05.40 + sdld,  page 23.

User Base Address Definitions

_CODE = 0x0200
_DATA = 0xc000

