ASxxxx Linker V03.00/V05.40 + sdld,  page 1.
Hexadecimal  [32-Bits]

Area                                    Addr        Size        Decimal Bytes (Attributes)
--------------------------------        ----        ----        ------- ----- ------------
.  .ABS.                            00000000    00000000 =           0. bytes (ABS,CON)

      Value  Global                              Global Defined In Module
      -----  --------------------------------   ------------------------
     00000000  .__.ABS.                           
     00000000  l__BSEG                         
     00000000  l__BSS                          
     00000000  l__CABS                         
     00000000  l__DABS                         
     00000000  l__HEADER                       
     00000000  l__HEAP                         
     00000000  l__HOME                         
     00000000  s__CABS                         
     00000000  s__CABS0                        
     00000000  s__CABS1                        
     00000000  s__CABS2                        
     00000000  s__CABS3                        
     00000000  s__CABS4                        
     00000000  s__DABS                         
     00000000  s__HEADER                       
     00000000  s__HEADER0                      
     00000000  s__HEADER1                      
     00000000  s__HEADER2                      
     00000000  s__HEADER3                      
     00000000  s__HEADER4                      
     00000001  l__GSFINAL                      
     00000005  l__CABS1                        
     00000008  l__HEADER0                      
     00000009  l__HEADER1                      
     0000000E  l__CABS2                        
     0000000F  l__GSINIT                       
     00000010  l__CABS0                        
     00000010  l__CABS4                        
     00000011  l__CABS3                        
     0000001F  l__HEADER2                      
     0000002B  l__HEADER3                      
     00000030  l__INITIALIZED                  
     00000030  l__INITIALIZER                  
     00000104  l__HEADER4                      
     00000200  s__CODE                         
     000004C3  l__DATA                         
     00008000  _SMS_SRAM                          SMSlib_textrenderer
     000099B3  l__CODE                         
     00009BB3  s__HOME                         
     00009BB3  s__INITIALIZER                  
     00009BE3  s__GSINIT                       
     00009BF2  s__GSFINAL                      
     0000C000  s__DATA                         
     0000C4C3  s__INITIALIZED                  
     0000C4F3  s__BSEG                         
     0000C4F3  s__BSS                          
     0000C4F3  s__HEAP                         
     0000FFFC  _SRAM_bank_to_be_mapped_on_slot2   SMSlib_textrenderer
     0000FFFD  _ROM_bank_to_be_mapped_on_slot0    SMSlib_textrenderer
ASxxxx Linker V03.00/V05.40 + sdld,  page 2.
Hexadecimal  [32-Bits]

Area                                    Addr        Size        Decimal Bytes (Attributes)
--------------------------------        ----        ----        ------- ----- ------------
.  .ABS.                            00000000    00000000 =           0. bytes (ABS,CON)

      Value  Global                              Global Defined In Module
      -----  --------------------------------   ------------------------
     0000FFFE  _ROM_bank_to_be_mapped_on_slot1    SMSlib_textrenderer
     0000FFFF  _ROM_bank_to_be_mapped_on_slot2    SMSlib_textrenderer

ASxxxx Linker V03.00/V05.40 + sdld,  page 3.
Hexadecimal  [32-Bits]

Area                                    Addr        Size        Decimal Bytes (Attributes)
--------------------------------        ----        ----        ------- ----- ------------
_CODE                               00000200    000099B3 =       39347. bytes (REL,CON)

      Value  Global                              Global Defined In Module
      -----  --------------------------------   ------------------------
     00000200  _generateSprite                    main
     000002AA  _generateSpriteNoRAM               main
     00000359  _addHardwareSprite                 main
     000005DD  _initSpritesVariables              main
     0000060C  _copySpritestoSAT                  main
     00000640  _draw_entidad                      main
     00000A66  _canUp                             main
     00000A72  _canDown                           main
     00000A80  _canLeft                           main
     00000A8C  _canRight                          main
     00000A9A  _moveAlexSuelo                     main
     00000C62  _moveAlexAire                      main
     00000D9C  _drawAlex                          main
     00000E10  _moveAlex                          main
     00000E4A  _inicializaPajaros                 main
     00000F0C  _loadGrapVRAM                      main
     00000FEB  _dibujaPajaros                     main
     00001113  _playMusic                         main
     00001119  _disableSprites                    main
     00001137  _main                              main
     00001238  _sonicpalette_inc                  bank1
     00001246  _sonictilemap_inc                  bank1
     00001846  _puno_inc                          bank1
     000018C6  _spriteAlex_inc                    bank1
     000028C6  _sonictiles_inc                    bank1
     00003D86  _palleteAlex_inc                   bank1
     00003D8E  _tiles_de_prueba2_inc              bank1
     00003E2E  _tilemap_de_prueba2_inc            bank1
     0000456E  _paleta_de_prueba2_inc             bank1
     00004573  _spritePajaro_inc                  bank1
     000046F3  _emeraldhill_psg                   bank2
     000049D9  _special_psg                       bank2
     000072C2  _salto_psg                         bank2
     00007301  _nuestro_psg                       bank2
     0000774C  _greenhill_psg                     bank2
     00007B87  _titulo_psg                        bank2
     000084F2  _PSGStop                           PSGlib
     00008525  _PSGResume                         PSGlib
     00008646  _PSGPlay                           PSGlib
     00008685  _PSGPlayLoops                      PSGlib
     0000869C  _PSGCancelLoop                     PSGlib
     000086A7  _PSGPlayNoRepeat                   PSGlib
     000086B5  _PSGGetStatus                      PSGlib
     000086B9  _PSGSilenceChannels                PSGlib
     000086CA  _PSGRestoreVolumes                 PSGlib
     000087C7  _PSGSetMusicVolumeAttenuation      PSGlib
     000088AD  _PSGSFXStop                        PSGlib
     00008A12  _PSGSFXPlay                        PSGlib
     00008A76  _PSGSFXCancelLoop                  PSGlib
     00008A7C  _PSGSFXGetStatus                   PSGlib
ASxxxx Linker V03.00/V05.40 + sdld,  page 4.
Hexadecimal  [32-Bits]

Area                                    Addr        Size        Decimal Bytes (Attributes)
--------------------------------        ----        ----        ------- ----- ------------
_CODE                               00000200    000099B3 =       39347. bytes (REL,CON)

      Value  Global                              Global Defined In Module
      -----  --------------------------------   ------------------------
     00008A80  _PSGSFXPlayLoop                    PSGlib
     00008A9B  _PSGFrame                          PSGlib
     00008C03  _PSGSFXFrame                       PSGlib
     00008C9B  _SMS_reserveSprite                 SMSlib_spriteAdv
     00008CBA  _SMS_updateSpritePosition          SMSlib_spriteAdv
     00008CEE  _SMS_updateSpriteImage             SMSlib_spriteAdv
     00008CFB  _SMS_hideSprite                    SMSlib_spriteAdv
     00008D05  _SMS_init                          SMSlib
     00008D31  _VDPReg_init                       SMSlib
     00008D3C  _SMS_VDPturnOnFeature              SMSlib
     00008D51  _SMS_VDPturnOffFeature             SMSlib
     00008D69  _SMS_setBGScrollX                  SMSlib
     00008D73  _SMS_setBGScrollY                  SMSlib
     00008D7D  _SMS_setBackdropColor              SMSlib
     00008D87  _SMS_useFirstHalfTilesforSprites   SMSlib
     00008D9D  _SMS_setSpriteMode                 SMSlib
     00008DEA  _SMS_setBGPaletteColor             SMSlib
     00008DF7  _SMS_setSpritePaletteColor         SMSlib
     00008E04  _SMS_loadBGPalette                 SMSlib
     00008E18  _SMS_loadSpritePalette             SMSlib
     00008E2C  _SMS_setColor                      SMSlib
     00008E30  _SMS_waitForVBlank                 SMSlib
     00008E3D  _SMS_getKeysStatus                 SMSlib
     00008E42  _SMS_getKeysPressed                SMSlib
     00008E57  _SMS_getKeysHeld                   SMSlib
     00008E6A  _SMS_getKeysReleased               SMSlib
     00008E83  _SMS_queryPauseRequested           SMSlib
     00008E87  _SMS_resetPauseRequest             SMSlib
     00008E8D  _SMS_setFrameInterruptHandler      SMSlib
     00008E91  _SMS_setLineInterruptHandler       SMSlib
     00008E95  _SMS_setLineCounter                SMSlib
     00008E9F  _SMS_getVCount                     SMSlib
     00008EA2  _SMS_getHCount                     SMSlib
     00008EA5  _SMS_isr                           SMSlib
     00008EED  _SMS_nmi_isr                       SMSlib
     00008EF6  _SMS_VRAMmemset_f                  SMSlib_VRAMmemset
     00008F12  _SMS_VRAMmemsetW                   SMSlib_VRAMmemset
     00008F25  _SMS_initSprites                   SMSlib_sprite
     00008F2B  _SMS_addSprite_f                   SMSlib_sprite
     00008F56  _SMS_copySpritestoSAT              SMSlib_sprite
     00008F8A  __mulint                           
     00008F8C  __mul16                            
     00008FA1  ___sdcc_call_hl                    
     00008FA2  _SMS_VRAMmemcpy                    SMSlib_VRAMmemcpy
     00008FBF  _vprintf                           vprintf
     00008FCB  _printf                            vprintf
     00008FE2  __divschar                         
     00008FE4  __div8                             
     00008FE8  __div_signexte                     
     00008FEC  __div16                            
     00008FEC  __divsint                          
ASxxxx Linker V03.00/V05.40 + sdld,  page 5.
Hexadecimal  [32-Bits]

Area                                    Addr        Size        Decimal Bytes (Attributes)
--------------------------------        ----        ----        ------- ----- ------------
_CODE                               00000200    000099B3 =       39347. bytes (REL,CON)

      Value  Global                              Global Defined In Module
      -----  --------------------------------   ------------------------
     00009012  __get_remainder                    
     000090FB  __print_format                     printf_large
     00009B67  _SMS_configureTextRenderer         SMSlib_textrenderer
     00009B6B  _putchar                           SMSlib_textrenderer
     00009B73  __divuchar                         
     00009B75  __divu8                            
     00009B78  __divu16                           
     00009B78  __divuint                          
     00009BA7  _strlen                            

ASxxxx Linker V03.00/V05.40 + sdld,  page 6.
Hexadecimal  [32-Bits]

Area                                    Addr        Size        Decimal Bytes (Attributes)
--------------------------------        ----        ----        ------- ----- ------------
_HEADER0                            00000000    00000008 =           8. bytes (ABS,CON)

      Value  Global                              Global Defined In Module
      -----  --------------------------------   ------------------------
ASxxxx Linker V03.00/V05.40 + sdld,  page 7.
Hexadecimal  [32-Bits]

Area                                    Addr        Size        Decimal Bytes (Attributes)
--------------------------------        ----        ----        ------- ----- ------------
_HEADER1                            00000000    00000009 =           9. bytes (ABS,CON)

      Value  Global                              Global Defined In Module
      -----  --------------------------------   ------------------------
     00000008  _SMS_crt0_RST08                    crt0

ASxxxx Linker V03.00/V05.40 + sdld,  page 8.
Hexadecimal  [32-Bits]

Area                                    Addr        Size        Decimal Bytes (Attributes)
--------------------------------        ----        ----        ------- ----- ------------
_HEADER2                            00000000    0000001F =          31. bytes (ABS,CON)

      Value  Global                              Global Defined In Module
      -----  --------------------------------   ------------------------
     00000018  _SMS_crt0_RST18                    crt0
     0000002F  get_bank                           crt0
     00000033  set_bank                           crt0
ASxxxx Linker V03.00/V05.40 + sdld,  page 9.
Hexadecimal  [32-Bits]

Area                                    Addr        Size        Decimal Bytes (Attributes)
--------------------------------        ----        ----        ------- ----- ------------
_HEADER3                            00000000    0000002B =          43. bytes (ABS,CON)

      Value  Global                              Global Defined In Module
      -----  --------------------------------   ------------------------
ASxxxx Linker V03.00/V05.40 + sdld,  page 10.
Hexadecimal  [32-Bits]

Area                                    Addr        Size        Decimal Bytes (Attributes)
--------------------------------        ----        ----        ------- ----- ------------
_HEADER4                            00000000    00000104 =         260. bytes (ABS,CON)

      Value  Global                              Global Defined In Module
      -----  --------------------------------   ------------------------
     00000069  _OUTI128                           crt0
     000000E9  _OUTI64                            crt0
     00000129  _OUTI32                            crt0
     00000169  _outi_block                        crt0

ASxxxx Linker V03.00/V05.40 + sdld,  page 11.
Hexadecimal  [32-Bits]

Area                                    Addr        Size        Decimal Bytes (Attributes)
--------------------------------        ----        ----        ------- ----- ------------
_INITIALIZER                        00009BB3    00000030 =          48. bytes (REL,CON)

      Value  Global                              Global Defined In Module
      -----  --------------------------------   ------------------------
ASxxxx Linker V03.00/V05.40 + sdld,  page 12.
Hexadecimal  [32-Bits]

Area                                    Addr        Size        Decimal Bytes (Attributes)
--------------------------------        ----        ----        ------- ----- ------------
_GSINIT                             00009BE3    0000000F =          15. bytes (REL,CON)

      Value  Global                              Global Defined In Module
      -----  --------------------------------   ------------------------
     00009BE3  gsinit                             crt0

ASxxxx Linker V03.00/V05.40 + sdld,  page 13.
Hexadecimal  [32-Bits]

Area                                    Addr        Size        Decimal Bytes (Attributes)
--------------------------------        ----        ----        ------- ----- ------------
_GSFINAL                            00009BF2    00000001 =           1. bytes (REL,CON)

      Value  Global                              Global Defined In Module
      -----  --------------------------------   ------------------------
ASxxxx Linker V03.00/V05.40 + sdld,  page 14.
Hexadecimal  [32-Bits]

Area                                    Addr        Size        Decimal Bytes (Attributes)
--------------------------------        ----        ----        ------- ----- ------------
_DATA                               0000C000    000004C3 =        1219. bytes (REL,CON)

      Value  Global                              Global Defined In Module
      -----  --------------------------------   ------------------------
     0000C000  _hardwareSprites                   main
     0000C300  _SpriteTableY2                     main
     0000C302  _SpriteTableXN2                    main
     0000C304  _SpriteNextFree2                   main
     0000C306  _pajaros                           main
     0000C3C4  _numSprites                        main
     0000C3C6  _PSGMusicStatus                    PSGlib
     0000C3C7  _PSGMusicStart                     PSGlib
     0000C3C9  _PSGMusicPointer                   PSGlib
     0000C3CB  _PSGMusicLoopPoint                 PSGlib
     0000C3CD  _PSGMusicSkipFrames                PSGlib
     0000C3CE  _PSGLoopFlag                       PSGlib
     0000C3CF  _PSGLoopCounter                    PSGlib
     0000C3D0  _PSGMusicLastLatch                 PSGlib
     0000C3D1  _PSGMusicVolumeAttenuation         PSGlib
     0000C3D2  _PSGMusicSubstringLen              PSGlib
     0000C3D3  _PSGMusicSubstringRetAddr          PSGlib
     0000C3D5  _PSGChan0Volume                    PSGlib
     0000C3D6  _PSGChan1Volume                    PSGlib
     0000C3D7  _PSGChan2Volume                    PSGlib
     0000C3D8  _PSGChan3Volume                    PSGlib
     0000C3D9  _PSGChan0LowTone                   PSGlib
     0000C3DA  _PSGChan0HighTone                  PSGlib
     0000C3DB  _PSGChan1LowTone                   PSGlib
     0000C3DC  _PSGChan1HighTone                  PSGlib
     0000C3DD  _PSGChan2LowTone                   PSGlib
     0000C3DE  _PSGChan2HighTone                  PSGlib
     0000C3DF  _PSGChan3LowTone                   PSGlib
     0000C3E0  _PSGChannel0SFX                    PSGlib
     0000C3E1  _PSGChannel1SFX                    PSGlib
     0000C3E2  _PSGChannel2SFX                    PSGlib
     0000C3E3  _PSGChannel3SFX                    PSGlib
     0000C3E4  _PSGSFXChan0Volume                 PSGlib
     0000C3E5  _PSGSFXChan1Volume                 PSGlib
     0000C3E6  _PSGSFXChan2Volume                 PSGlib
     0000C3E7  _PSGSFXChan3Volume                 PSGlib
     0000C3E8  _PSGSFXStatus                      PSGlib
     0000C3E9  _PSGSFXStart                       PSGlib
     0000C3EB  _PSGSFXPointer                     PSGlib
     0000C3ED  _PSGSFXLoopPoint                   PSGlib
     0000C3EF  _PSGSFXSkipFrames                  PSGlib
     0000C3F0  _PSGSFXLoopFlag                    PSGlib
     0000C3F1  _PSGSFXSubstringLen                PSGlib
     0000C3F2  _PSGSFXSubstringRetAddr            PSGlib
     0000C3F4  _VDPBlank                          SMSlib
     0000C3F5  _SMS_VDPFlags                      SMSlib
     0000C3F6  _PauseRequested                    SMSlib
     0000C3F7  _SMS_Port3EBIOSvalue               SMSlib
     0000C3F8  _SMS_theFrameInterruptHandler      SMSlib
     0000C3FA  _KeysStatus                        SMSlib
ASxxxx Linker V03.00/V05.40 + sdld,  page 15.
Hexadecimal  [32-Bits]

Area                                    Addr        Size        Decimal Bytes (Attributes)
--------------------------------        ----        ----        ------- ----- ------------
_DATA                               0000C000    000004C3 =        1219. bytes (REL,CON)

      Value  Global                              Global Defined In Module
      -----  --------------------------------   ------------------------
     0000C3FC  _PreviousKeysStatus                SMSlib
     0000C3FE  _SMS_theLineInterruptHandler       SMSlib
     0000C400  _SpriteTableY                      SMSlib_sprite
     0000C440  _SpriteTableXN                     SMSlib_sprite
     0000C4C0  _SpriteNextFree                    SMSlib_sprite
     0000C4C1  _SMS_TextRenderer_offset           SMSlib_textrenderer

ASxxxx Linker V03.00/V05.40 + sdld,  page 16.
Hexadecimal  [32-Bits]

Area                                    Addr        Size        Decimal Bytes (Attributes)
--------------------------------        ----        ----        ------- ----- ------------
_INITIALIZED                        0000C4C3    00000030 =          48. bytes (REL,CON)

      Value  Global                              Global Defined In Module
      -----  --------------------------------   ------------------------
     0000C4C3  _nextVRAMsprites                   main
     0000C4C5  _maxSalto                          main
     0000C4C6  _alex                              main
     0000C4D0  _spriteAlex                        main
     0000C4DA  _spritePajaro                      main
     0000C4E4  _spritePuno                        main
     0000C4EE  _VDPReg                            SMSlib
     0000C4F0  _spritesHeight                     SMSlib
     0000C4F1  _spritesWidth                      SMSlib
     0000C4F2  _spritesTileOffset                 SMSlib

ASxxxx Linker V03.00/V05.40 + sdld,  page 17.
Hexadecimal  [32-Bits]

Area                                    Addr        Size        Decimal Bytes (Attributes)
--------------------------------        ----        ----        ------- ----- ------------
_CABS0                              00000000    00000010 =          16. bytes (ABS,CON)

      Value  Global                              Global Defined In Module
      -----  --------------------------------   ------------------------
     00007FF0  ___SMS__SEGA_signature             main

ASxxxx Linker V03.00/V05.40 + sdld,  page 18.
Hexadecimal  [32-Bits]

Area                                    Addr        Size        Decimal Bytes (Attributes)
--------------------------------        ----        ----        ------- ----- ------------
_CABS1                              00000000    00000005 =           5. bytes (ABS,CON)

      Value  Global                              Global Defined In Module
      -----  --------------------------------   ------------------------
     00007FDB  ___SMS__SDSC_author                main

ASxxxx Linker V03.00/V05.40 + sdld,  page 19.
Hexadecimal  [32-Bits]

Area                                    Addr        Size        Decimal Bytes (Attributes)
--------------------------------        ----        ----        ------- ----- ------------
_CABS2                              00000000    0000000E =          14. bytes (ABS,CON)

      Value  Global                              Global Defined In Module
      -----  --------------------------------   ------------------------
     00007FCD  ___SMS__SDSC_name                  main

ASxxxx Linker V03.00/V05.40 + sdld,  page 20.
Hexadecimal  [32-Bits]

Area                                    Addr        Size        Decimal Bytes (Attributes)
--------------------------------        ----        ----        ------- ----- ------------
_CABS3                              00000000    00000011 =          17. bytes (ABS,CON)

      Value  Global                              Global Defined In Module
      -----  --------------------------------   ------------------------
     00007FBC  ___SMS__SDSC_descr                 main

ASxxxx Linker V03.00/V05.40 + sdld,  page 21.
Hexadecimal  [32-Bits]

Area                                    Addr        Size        Decimal Bytes (Attributes)
--------------------------------        ----        ----        ------- ----- ------------
_CABS4                              00000000    00000010 =          16. bytes (ABS,CON)

      Value  Global                              Global Defined In Module
      -----  --------------------------------   ------------------------
     00007FE0  ___SMS__SDSC_signature             main

ASxxxx Linker V03.00/V05.40 + sdld,  page 22.

Files Linked                              [ module(s) ]

crt0_sms.rel                              [ crt0 ]
main.rel                                  [ main ]
bank1.rel                                 [ bank1 ]
bank2.rel                                 [ bank2 ]
PSGlib.rel                                [ PSGlib ]


Libraries Linked                          [ object file ]

SMSlib.lib                                [ SMSlib_spriteAdv.rel ]
SMSlib.lib                                [ SMSlib.rel ]
SMSlib.lib                                [ SMSlib_VRAMmemset.rel ]
SMSlib.lib                                [ SMSlib_sprite.rel ]
./sdcc/bin/../share/sdcc/lib/z80/z80.lib  [ mul.rel ]
./sdcc/bin/../share/sdcc/lib/z80/z80.lib  [ __sdcc_call_hl.rel ]
SMSlib.lib                                [ SMSlib_VRAMmemcpy.rel ]
./sdcc/bin/../share/sdcc/lib/z80/z80.lib  [ vprintf.rel ]
./sdcc/bin/../share/sdcc/lib/z80/z80.lib  [ divsigned.rel ]
./sdcc/bin/../share/sdcc/lib/z80/z80.lib  [ printf_large.rel ]
SMSlib.lib                                [ SMSlib_textrenderer.rel ]
./sdcc/bin/../share/sdcc/lib/z80/z80.lib  [ divunsigned.rel ]
./sdcc/bin/../share/sdcc/lib/z80/z80.lib  [ strlen.rel ]

ASxxxx Linker V03.00/V05.40 + sdld,  page 23.

User Base Address Definitions

_CODE = 0x0200
_DATA = 0xc000

