ASxxxx Linker V03.00/V05.40 + sdld,  page 1.
Hexadecimal  [32-Bits]

Area                                    Addr        Size        Decimal Bytes (Attributes)
--------------------------------        ----        ----        ------- ----- ------------
.  .ABS.                            00000000    00000000 =           0. bytes (ABS,CON)

      Value  Global                              Global Defined In Module
      -----  --------------------------------   ------------------------
     00000000  .__.ABS.                           
     00000000  l__BSEG                         
     00000000  l__BSS                          
     00000000  l__CABS                         
     00000000  l__DABS                         
     00000000  l__HEADER                       
     00000000  l__HEAP                         
     00000000  l__HOME                         
     00000000  s__CABS                         
     00000000  s__CABS0                        
     00000000  s__CABS1                        
     00000000  s__CABS2                        
     00000000  s__CABS3                        
     00000000  s__CABS4                        
     00000000  s__DABS                         
     00000000  s__HEADER                       
     00000000  s__HEADER0                      
     00000000  s__HEADER1                      
     00000000  s__HEADER2                      
     00000000  s__HEADER3                      
     00000000  s__HEADER4                      
     00000001  l__GSFINAL                      
     00000008  l__CABS1                        
     00000008  l__HEADER0                      
     00000009  l__HEADER1                      
     0000000E  l__CABS2                        
     0000000F  l__GSINIT                       
     0000000F  l__INITIALIZED                  
     0000000F  l__INITIALIZER                  
     00000010  l__CABS0                        
     00000010  l__CABS4                        
     00000011  l__CABS3                        
     0000001F  l__HEADER2                      
     0000002B  l__HEADER3                      
     000000F5  l__DATA                         
     00000104  l__HEADER4                      
     00000200  s__CODE                         
     00007911  l__CODE                         
     00007B11  s__HOME                         
     00007B11  s__INITIALIZER                  
     00007B20  s__GSINIT                       
     00007B2F  s__GSFINAL                      
     00008000  _SMS_SRAM                          SMSlib_textrenderer
     0000C000  s__DATA                         
     0000C0F5  s__INITIALIZED                  
     0000C104  s__BSEG                         
     0000C104  s__BSS                          
     0000C104  s__HEAP                         
     0000FFFC  _SRAM_bank_to_be_mapped_on_slot2   SMSlib_textrenderer
     0000FFFD  _ROM_bank_to_be_mapped_on_slot0    SMSlib_textrenderer
ASxxxx Linker V03.00/V05.40 + sdld,  page 2.
Hexadecimal  [32-Bits]

Area                                    Addr        Size        Decimal Bytes (Attributes)
--------------------------------        ----        ----        ------- ----- ------------
.  .ABS.                            00000000    00000000 =           0. bytes (ABS,CON)

      Value  Global                              Global Defined In Module
      -----  --------------------------------   ------------------------
     0000FFFE  _ROM_bank_to_be_mapped_on_slot1    SMSlib_textrenderer
     0000FFFF  _ROM_bank_to_be_mapped_on_slot2    SMSlib_textrenderer

ASxxxx Linker V03.00/V05.40 + sdld,  page 3.
Hexadecimal  [32-Bits]

Area                                    Addr        Size        Decimal Bytes (Attributes)
--------------------------------        ----        ----        ------- ----- ------------
_CODE                               00000200    00007911 =       30993. bytes (REL,CON)

      Value  Global                              Global Defined In Module
      -----  --------------------------------   ------------------------
     00000200  _init                              main
     00000203  _loadGrapVRAM                      main
     0000024F  _draw_main_character               main
     000003FF  _main                              main
     0000055D  _alexVarios_inc                    bank1
     00000B5D  _sonicpalette_inc                  bank1
     00000B6B  _sonictilemap_inc                  bank1
     0000116B  _sonictiles_inc                    bank1
     0000262B  _alexVariosPaleta_inc              bank1
     00002633  _alexAndando_inc                   bank1
     00002933  _emeraldhill_psg                   bank2
     00002C19  _special_psg                       bank2
     00005502  _nuestro_psg                       bank2
     0000594D  _greenhill_psg                     bank2
     00005D88  _titulo_psg                        bank2
     000066F3  _PSGStop                           PSGlib
     0000671A  _PSGResume                         PSGlib
     00006766  _PSGPlay                           PSGlib
     00006791  _PSGPlayLoops                      PSGlib
     000067A8  _PSGCancelLoop                     PSGlib
     000067B3  _PSGPlayNoRepeat                   PSGlib
     000067C1  _PSGGetStatus                      PSGlib
     000067C5  _PSGSilenceChannels                PSGlib
     000067D6  _PSGRestoreVolumes                 PSGlib
     000068AF  _PSGSetMusicVolumeAttenuation      PSGlib
     00006989  _PSGSFXStop                        PSGlib
     00006A4C  _PSGSFXPlay                        PSGlib
     00006A9C  _PSGSFXCancelLoop                  PSGlib
     00006AA2  _PSGSFXGetStatus                   PSGlib
     00006AA6  _PSGSFXPlayLoop                    PSGlib
     00006AC1  _PSGFrame                          PSGlib
     00006BE5  _PSGSFXFrame                       PSGlib
     00006C6B  _SMS_VRAMmemset_f                  SMSlib_VRAMmemset
     00006C87  _SMS_VRAMmemsetW                   SMSlib_VRAMmemset
     00006C9A  _SMS_init                          SMSlib
     00006CC6  _VDPReg_init                       SMSlib
     00006CD1  _SMS_VDPturnOnFeature              SMSlib
     00006CE6  _SMS_VDPturnOffFeature             SMSlib
     00006CFE  _SMS_setBGScrollX                  SMSlib
     00006D08  _SMS_setBGScrollY                  SMSlib
     00006D12  _SMS_setBackdropColor              SMSlib
     00006D1C  _SMS_useFirstHalfTilesforSprites   SMSlib
     00006D32  _SMS_setSpriteMode                 SMSlib
     00006D7F  _SMS_setBGPaletteColor             SMSlib
     00006D8C  _SMS_setSpritePaletteColor         SMSlib
     00006D99  _SMS_loadBGPalette                 SMSlib
     00006DAD  _SMS_loadSpritePalette             SMSlib
     00006DC1  _SMS_setColor                      SMSlib
     00006DC5  _SMS_waitForVBlank                 SMSlib
     00006DD2  _SMS_getKeysStatus                 SMSlib
ASxxxx Linker V03.00/V05.40 + sdld,  page 4.
Hexadecimal  [32-Bits]

Area                                    Addr        Size        Decimal Bytes (Attributes)
--------------------------------        ----        ----        ------- ----- ------------
_CODE                               00000200    00007911 =       30993. bytes (REL,CON)

      Value  Global                              Global Defined In Module
      -----  --------------------------------   ------------------------
     00006DD7  _SMS_getKeysPressed                SMSlib
     00006DEC  _SMS_getKeysHeld                   SMSlib
     00006DFF  _SMS_getKeysReleased               SMSlib
     00006E18  _SMS_queryPauseRequested           SMSlib
     00006E1C  _SMS_resetPauseRequest             SMSlib
     00006E22  _SMS_setFrameInterruptHandler      SMSlib
     00006E26  _SMS_setLineInterruptHandler       SMSlib
     00006E2A  _SMS_setLineCounter                SMSlib
     00006E34  _SMS_getVCount                     SMSlib
     00006E37  _SMS_getHCount                     SMSlib
     00006E3A  _SMS_isr                           SMSlib
     00006E82  _SMS_nmi_isr                       SMSlib
     00006E8B  _SMS_initSprites                   SMSlib_sprite
     00006E91  _SMS_addSprite_f                   SMSlib_sprite
     00006EBC  _SMS_copySpritestoSAT              SMSlib_sprite
     00006EF0  ___sdcc_call_hl                    
     00006EF1  _SMS_finalizeSprites               SMSlib_deprecated
     00006EF2  _SMS_VRAMmemcpy                    SMSlib_VRAMmemcpy
     00006F0F  _vprintf                           vprintf
     00006F1B  _printf                            vprintf
     00006F32  __modschar                         
     00006F3A  __modsint                          
     0000701F  __print_format                     printf_large
     00007A8B  __divschar                         
     00007A8D  __div8                             
     00007A91  __div_signexte                     
     00007A95  __div16                            
     00007A95  __divsint                          
     00007ABB  __get_remainder                    
     00007AC5  _SMS_configureTextRenderer         SMSlib_textrenderer
     00007AC9  _putchar                           SMSlib_textrenderer
     00007AD1  __divuchar                         
     00007AD3  __divu8                            
     00007AD6  __divu16                           
     00007AD6  __divuint                          
     00007B05  _strlen                            

ASxxxx Linker V03.00/V05.40 + sdld,  page 5.
Hexadecimal  [32-Bits]

Area                                    Addr        Size        Decimal Bytes (Attributes)
--------------------------------        ----        ----        ------- ----- ------------
_HEADER0                            00000000    00000008 =           8. bytes (ABS,CON)

      Value  Global                              Global Defined In Module
      -----  --------------------------------   ------------------------
ASxxxx Linker V03.00/V05.40 + sdld,  page 6.
Hexadecimal  [32-Bits]

Area                                    Addr        Size        Decimal Bytes (Attributes)
--------------------------------        ----        ----        ------- ----- ------------
_HEADER1                            00000000    00000009 =           9. bytes (ABS,CON)

      Value  Global                              Global Defined In Module
      -----  --------------------------------   ------------------------
     00000008  _SMS_crt0_RST08                    crt0

ASxxxx Linker V03.00/V05.40 + sdld,  page 7.
Hexadecimal  [32-Bits]

Area                                    Addr        Size        Decimal Bytes (Attributes)
--------------------------------        ----        ----        ------- ----- ------------
_HEADER2                            00000000    0000001F =          31. bytes (ABS,CON)

      Value  Global                              Global Defined In Module
      -----  --------------------------------   ------------------------
     00000018  _SMS_crt0_RST18                    crt0
     0000002F  get_bank                           crt0
     00000033  set_bank                           crt0
ASxxxx Linker V03.00/V05.40 + sdld,  page 8.
Hexadecimal  [32-Bits]

Area                                    Addr        Size        Decimal Bytes (Attributes)
--------------------------------        ----        ----        ------- ----- ------------
_HEADER3                            00000000    0000002B =          43. bytes (ABS,CON)

      Value  Global                              Global Defined In Module
      -----  --------------------------------   ------------------------
ASxxxx Linker V03.00/V05.40 + sdld,  page 9.
Hexadecimal  [32-Bits]

Area                                    Addr        Size        Decimal Bytes (Attributes)
--------------------------------        ----        ----        ------- ----- ------------
_HEADER4                            00000000    00000104 =         260. bytes (ABS,CON)

      Value  Global                              Global Defined In Module
      -----  --------------------------------   ------------------------
     00000069  _OUTI128                           crt0
     000000E9  _OUTI64                            crt0
     00000129  _OUTI32                            crt0
     00000169  _outi_block                        crt0

ASxxxx Linker V03.00/V05.40 + sdld,  page 10.
Hexadecimal  [32-Bits]

Area                                    Addr        Size        Decimal Bytes (Attributes)
--------------------------------        ----        ----        ------- ----- ------------
_INITIALIZER                        00007B11    0000000F =          15. bytes (REL,CON)

      Value  Global                              Global Defined In Module
      -----  --------------------------------   ------------------------
ASxxxx Linker V03.00/V05.40 + sdld,  page 11.
Hexadecimal  [32-Bits]

Area                                    Addr        Size        Decimal Bytes (Attributes)
--------------------------------        ----        ----        ------- ----- ------------
_GSINIT                             00007B20    0000000F =          15. bytes (REL,CON)

      Value  Global                              Global Defined In Module
      -----  --------------------------------   ------------------------
     00007B20  gsinit                             crt0

ASxxxx Linker V03.00/V05.40 + sdld,  page 12.
Hexadecimal  [32-Bits]

Area                                    Addr        Size        Decimal Bytes (Attributes)
--------------------------------        ----        ----        ------- ----- ------------
_GSFINAL                            00007B2F    00000001 =           1. bytes (REL,CON)

      Value  Global                              Global Defined In Module
      -----  --------------------------------   ------------------------
ASxxxx Linker V03.00/V05.40 + sdld,  page 13.
Hexadecimal  [32-Bits]

Area                                    Addr        Size        Decimal Bytes (Attributes)
--------------------------------        ----        ----        ------- ----- ------------
_DATA                               0000C000    000000F5 =         245. bytes (REL,CON)

      Value  Global                              Global Defined In Module
      -----  --------------------------------   ------------------------
     0000C000  _PSGMusicStatus                    PSGlib
     0000C001  _PSGMusicStart                     PSGlib
     0000C003  _PSGMusicPointer                   PSGlib
     0000C005  _PSGMusicLoopPoint                 PSGlib
     0000C007  _PSGMusicSkipFrames                PSGlib
     0000C008  _PSGLoopFlag                       PSGlib
     0000C009  _PSGLoopCounter                    PSGlib
     0000C00A  _PSGMusicLastLatch                 PSGlib
     0000C00B  _PSGMusicVolumeAttenuation         PSGlib
     0000C00C  _PSGMusicSubstringLen              PSGlib
     0000C00D  _PSGMusicSubstringRetAddr          PSGlib
     0000C00F  _PSGChan0Volume                    PSGlib
     0000C010  _PSGChan1Volume                    PSGlib
     0000C011  _PSGChan2Volume                    PSGlib
     0000C012  _PSGChan3Volume                    PSGlib
     0000C013  _PSGChan2LowTone                   PSGlib
     0000C014  _PSGChan2HighTone                  PSGlib
     0000C015  _PSGChan3LowTone                   PSGlib
     0000C016  _PSGChannel2SFX                    PSGlib
     0000C017  _PSGChannel3SFX                    PSGlib
     0000C018  _PSGSFXChan2Volume                 PSGlib
     0000C019  _PSGSFXChan3Volume                 PSGlib
     0000C01A  _PSGSFXStatus                      PSGlib
     0000C01B  _PSGSFXStart                       PSGlib
     0000C01D  _PSGSFXPointer                     PSGlib
     0000C01F  _PSGSFXLoopPoint                   PSGlib
     0000C021  _PSGSFXSkipFrames                  PSGlib
     0000C022  _PSGSFXLoopFlag                    PSGlib
     0000C023  _PSGSFXSubstringLen                PSGlib
     0000C024  _PSGSFXSubstringRetAddr            PSGlib
     0000C026  _VDPBlank                          SMSlib
     0000C027  _SMS_VDPFlags                      SMSlib
     0000C028  _PauseRequested                    SMSlib
     0000C029  _SMS_Port3EBIOSvalue               SMSlib
     0000C02A  _SMS_theFrameInterruptHandler      SMSlib
     0000C02C  _KeysStatus                        SMSlib
     0000C02E  _PreviousKeysStatus                SMSlib
     0000C030  _SMS_theLineInterruptHandler       SMSlib
     0000C032  _SpriteTableY                      SMSlib_sprite
     0000C072  _SpriteTableXN                     SMSlib_sprite
     0000C0F2  _SpriteNextFree                    SMSlib_sprite
     0000C0F3  _SMS_TextRenderer_offset           SMSlib_textrenderer
ASxxxx Linker V03.00/V05.40 + sdld,  page 14.
Hexadecimal  [32-Bits]

Area                                    Addr        Size        Decimal Bytes (Attributes)
--------------------------------        ----        ----        ------- ----- ------------
_INITIALIZED                        0000C0F5    0000000F =          15. bytes (REL,CON)

      Value  Global                              Global Defined In Module
      -----  --------------------------------   ------------------------
     0000C0F5  _player_x                          main
     0000C0F7  _player_v_x                        main
     0000C0F9  _player_y                          main
     0000C0FB  _frame_player                      main
     0000C0FD  _delay_frame_player                main
     0000C0FF  _VDPReg                            SMSlib
     0000C101  _spritesHeight                     SMSlib
     0000C102  _spritesWidth                      SMSlib
     0000C103  _spritesTileOffset                 SMSlib
ASxxxx Linker V03.00/V05.40 + sdld,  page 15.
Hexadecimal  [32-Bits]

Area                                    Addr        Size        Decimal Bytes (Attributes)
--------------------------------        ----        ----        ------- ----- ------------
_CABS0                              00000000    00000010 =          16. bytes (ABS,CON)

      Value  Global                              Global Defined In Module
      -----  --------------------------------   ------------------------
     00007FF0  ___SMS__SEGA_signature             main

ASxxxx Linker V03.00/V05.40 + sdld,  page 16.
Hexadecimal  [32-Bits]

Area                                    Addr        Size        Decimal Bytes (Attributes)
--------------------------------        ----        ----        ------- ----- ------------
_CABS1                              00000000    00000008 =           8. bytes (ABS,CON)

      Value  Global                              Global Defined In Module
      -----  --------------------------------   ------------------------
     00007FD8  ___SMS__SDSC_author                main

ASxxxx Linker V03.00/V05.40 + sdld,  page 17.
Hexadecimal  [32-Bits]

Area                                    Addr        Size        Decimal Bytes (Attributes)
--------------------------------        ----        ----        ------- ----- ------------
_CABS2                              00000000    0000000E =          14. bytes (ABS,CON)

      Value  Global                              Global Defined In Module
      -----  --------------------------------   ------------------------
     00007FCA  ___SMS__SDSC_name                  main

ASxxxx Linker V03.00/V05.40 + sdld,  page 18.
Hexadecimal  [32-Bits]

Area                                    Addr        Size        Decimal Bytes (Attributes)
--------------------------------        ----        ----        ------- ----- ------------
_CABS3                              00000000    00000011 =          17. bytes (ABS,CON)

      Value  Global                              Global Defined In Module
      -----  --------------------------------   ------------------------
     00007FB9  ___SMS__SDSC_descr                 main

ASxxxx Linker V03.00/V05.40 + sdld,  page 19.
Hexadecimal  [32-Bits]

Area                                    Addr        Size        Decimal Bytes (Attributes)
--------------------------------        ----        ----        ------- ----- ------------
_CABS4                              00000000    00000010 =          16. bytes (ABS,CON)

      Value  Global                              Global Defined In Module
      -----  --------------------------------   ------------------------
     00007FE0  ___SMS__SDSC_signature             main

ASxxxx Linker V03.00/V05.40 + sdld,  page 20.

Files Linked                              [ module(s) ]

crt0_sms.rel                              [ crt0 ]
main.rel                                  [ main ]
bank1.rel                                 [ bank1 ]
bank2.rel                                 [ bank2 ]
PSGlib.rel                                [ PSGlib ]


Libraries Linked                          [ object file ]

SMSlib.lib                                [ SMSlib_VRAMmemset.rel ]
SMSlib.lib                                [ SMSlib.rel ]
SMSlib.lib                                [ SMSlib_sprite.rel ]
./sdcc/bin/../share/sdcc/lib/z80/z80.lib  [ __sdcc_call_hl.rel ]
SMSlib.lib                                [ SMSlib_deprecated.rel ]
SMSlib.lib                                [ SMSlib_VRAMmemcpy.rel ]
./sdcc/bin/../share/sdcc/lib/z80/z80.lib  [ vprintf.rel ]
./sdcc/bin/../share/sdcc/lib/z80/z80.lib  [ modsigned.rel ]
./sdcc/bin/../share/sdcc/lib/z80/z80.lib  [ printf_large.rel ]
./sdcc/bin/../share/sdcc/lib/z80/z80.lib  [ divsigned.rel ]
SMSlib.lib                                [ SMSlib_textrenderer.rel ]
./sdcc/bin/../share/sdcc/lib/z80/z80.lib  [ divunsigned.rel ]
./sdcc/bin/../share/sdcc/lib/z80/z80.lib  [ strlen.rel ]

ASxxxx Linker V03.00/V05.40 + sdld,  page 21.

User Base Address Definitions

_CODE = 0x0200
_DATA = 0xc000

