ASxxxx Linker V03.00/V05.40 + sdld,  page 1.
Hexadecimal  [32-Bits]

Area                                    Addr        Size        Decimal Bytes (Attributes)
--------------------------------        ----        ----        ------- ----- ------------
.  .ABS.                            00000000    00000000 =           0. bytes (ABS,CON)

      Value  Global                              Global Defined In Module
      -----  --------------------------------   ------------------------
     00000000  .__.ABS.                           
     00000000  l__BSEG                         
     00000000  l__BSS                          
     00000000  l__CABS                         
     00000000  l__DABS                         
     00000000  l__HEADER                       
     00000000  l__HEAP                         
     00000000  l__HOME                         
     00000000  s__CABS                         
     00000000  s__CABS0                        
     00000000  s__CABS1                        
     00000000  s__CABS2                        
     00000000  s__CABS3                        
     00000000  s__CABS4                        
     00000000  s__DABS                         
     00000000  s__HEADER                       
     00000000  s__HEADER0                      
     00000000  s__HEADER1                      
     00000000  s__HEADER2                      
     00000000  s__HEADER3                      
     00000000  s__HEADER4                      
     00000001  l__GSFINAL                      
     00000008  l__CABS1                        
     00000008  l__HEADER0                      
     00000009  l__HEADER1                      
     0000000E  l__CABS2                        
     0000000F  l__GSINIT                       
     00000010  l__CABS0                        
     00000010  l__CABS4                        
     00000011  l__CABS3                        
     0000001F  l__HEADER2                      
     0000002B  l__HEADER3                      
     0000002C  l__INITIALIZED                  
     0000002C  l__INITIALIZER                  
     00000104  l__HEADER4                      
     00000131  l__DATA                         
     00000200  s__CODE                         
     00008000  _SMS_SRAM                          SMSlib_textrenderer
     000086EF  l__CODE                         
     000088EF  s__HOME                         
     000088EF  s__INITIALIZER                  
     0000891B  s__GSINIT                       
     0000892A  s__GSFINAL                      
     0000C000  s__DATA                         
     0000C131  s__INITIALIZED                  
     0000C15D  s__BSEG                         
     0000C15D  s__BSS                          
     0000C15D  s__HEAP                         
     0000FFFC  _SRAM_bank_to_be_mapped_on_slot2   SMSlib_textrenderer
     0000FFFD  _ROM_bank_to_be_mapped_on_slot0    SMSlib_textrenderer
ASxxxx Linker V03.00/V05.40 + sdld,  page 2.
Hexadecimal  [32-Bits]

Area                                    Addr        Size        Decimal Bytes (Attributes)
--------------------------------        ----        ----        ------- ----- ------------
.  .ABS.                            00000000    00000000 =           0. bytes (ABS,CON)

      Value  Global                              Global Defined In Module
      -----  --------------------------------   ------------------------
     0000FFFE  _ROM_bank_to_be_mapped_on_slot1    SMSlib_textrenderer
     0000FFFF  _ROM_bank_to_be_mapped_on_slot2    SMSlib_textrenderer

ASxxxx Linker V03.00/V05.40 + sdld,  page 3.
Hexadecimal  [32-Bits]

Area                                    Addr        Size        Decimal Bytes (Attributes)
--------------------------------        ----        ----        ------- ----- ------------
_CODE                               00000200    000086EF =       34543. bytes (REL,CON)

      Value  Global                              Global Defined In Module
      -----  --------------------------------   ------------------------
     00000200  _generateSprite                    main
     000002AA  _generateSpriteNoRAM               main
     00000359  _draw_entidad                      main
     00000589  _canUp                             main
     00000595  _canDown                           main
     000005A3  _canLeft                           main
     000005AF  _canRight                          main
     000005BD  _moveAlexSuelo                     main
     000006C0  _moveAlexAire                      main
     000007BC  _moveAlex                          main
     000007F3  _inicializaPajaros                 main
     0000083B  _loadGrapVRAM                      main
     000008FA  _dibujaPajaros                     main
     00000951  _main                              main
     00000A49  _sonicpalette_inc                  bank1
     00000A57  _sonictilemap_inc                  bank1
     00001057  _puno_inc                          bank1
     000010D7  _spriteAlex_inc                    bank1
     000020D7  _sonictiles_inc                    bank1
     00003597  _palleteAlex_inc                   bank1
     0000359F  _spritePajaro_inc                  bank1
     0000371F  _emeraldhill_psg                   bank2
     00003A05  _special_psg                       bank2
     000062EE  _nuestro_psg                       bank2
     00006739  _greenhill_psg                     bank2
     00006B74  _titulo_psg                        bank2
     000074DF  _PSGStop                           PSGlib
     00007506  _PSGResume                         PSGlib
     00007552  _PSGPlay                           PSGlib
     0000757D  _PSGPlayLoops                      PSGlib
     00007594  _PSGCancelLoop                     PSGlib
     0000759F  _PSGPlayNoRepeat                   PSGlib
     000075AD  _PSGGetStatus                      PSGlib
     000075B1  _PSGSilenceChannels                PSGlib
     000075C2  _PSGRestoreVolumes                 PSGlib
     0000769B  _PSGSetMusicVolumeAttenuation      PSGlib
     00007775  _PSGSFXStop                        PSGlib
     00007838  _PSGSFXPlay                        PSGlib
     00007888  _PSGSFXCancelLoop                  PSGlib
     0000788E  _PSGSFXGetStatus                   PSGlib
     00007892  _PSGSFXPlayLoop                    PSGlib
     000078AD  _PSGFrame                          PSGlib
     000079D1  _PSGSFXFrame                       PSGlib
     00007A57  _SMS_VRAMmemset_f                  SMSlib_VRAMmemset
     00007A73  _SMS_VRAMmemsetW                   SMSlib_VRAMmemset
     00007A86  _SMS_init                          SMSlib
     00007AB2  _VDPReg_init                       SMSlib
     00007ABD  _SMS_VDPturnOnFeature              SMSlib
     00007AD2  _SMS_VDPturnOffFeature             SMSlib
     00007AEA  _SMS_setBGScrollX                  SMSlib
ASxxxx Linker V03.00/V05.40 + sdld,  page 4.
Hexadecimal  [32-Bits]

Area                                    Addr        Size        Decimal Bytes (Attributes)
--------------------------------        ----        ----        ------- ----- ------------
_CODE                               00000200    000086EF =       34543. bytes (REL,CON)

      Value  Global                              Global Defined In Module
      -----  --------------------------------   ------------------------
     00007AF4  _SMS_setBGScrollY                  SMSlib
     00007AFE  _SMS_setBackdropColor              SMSlib
     00007B08  _SMS_useFirstHalfTilesforSprites   SMSlib
     00007B1E  _SMS_setSpriteMode                 SMSlib
     00007B6B  _SMS_setBGPaletteColor             SMSlib
     00007B78  _SMS_setSpritePaletteColor         SMSlib
     00007B85  _SMS_loadBGPalette                 SMSlib
     00007B99  _SMS_loadSpritePalette             SMSlib
     00007BAD  _SMS_setColor                      SMSlib
     00007BB1  _SMS_waitForVBlank                 SMSlib
     00007BBE  _SMS_getKeysStatus                 SMSlib
     00007BC3  _SMS_getKeysPressed                SMSlib
     00007BD8  _SMS_getKeysHeld                   SMSlib
     00007BEB  _SMS_getKeysReleased               SMSlib
     00007C04  _SMS_queryPauseRequested           SMSlib
     00007C08  _SMS_resetPauseRequest             SMSlib
     00007C0E  _SMS_setFrameInterruptHandler      SMSlib
     00007C12  _SMS_setLineInterruptHandler       SMSlib
     00007C16  _SMS_setLineCounter                SMSlib
     00007C20  _SMS_getVCount                     SMSlib
     00007C23  _SMS_getHCount                     SMSlib
     00007C26  _SMS_isr                           SMSlib
     00007C6E  _SMS_nmi_isr                       SMSlib
     00007C77  _SMS_initSprites                   SMSlib_sprite
     00007C7D  _SMS_addSprite_f                   SMSlib_sprite
     00007CA8  _SMS_copySpritestoSAT              SMSlib_sprite
     00007CDC  ___sdcc_call_hl                    
     00007CDD  _SMS_finalizeSprites               SMSlib_deprecated
     00007CDE  _SMS_VRAMmemcpy                    SMSlib_VRAMmemcpy
     00007CFB  _vprintf                           vprintf
     00007D07  _printf                            vprintf
     00007D1E  __divschar                         
     00007D20  __div8                             
     00007D24  __div_signexte                     
     00007D28  __div16                            
     00007D28  __divsint                          
     00007D4E  __get_remainder                    
     00007E37  __print_format                     printf_large
     000088A3  _SMS_configureTextRenderer         SMSlib_textrenderer
     000088A7  _putchar                           SMSlib_textrenderer
     000088AF  __divuchar                         
     000088B1  __divu8                            
     000088B4  __divu16                           
     000088B4  __divuint                          
     000088E3  _strlen                            

ASxxxx Linker V03.00/V05.40 + sdld,  page 5.
Hexadecimal  [32-Bits]

Area                                    Addr        Size        Decimal Bytes (Attributes)
--------------------------------        ----        ----        ------- ----- ------------
_HEADER0                            00000000    00000008 =           8. bytes (ABS,CON)

      Value  Global                              Global Defined In Module
      -----  --------------------------------   ------------------------
ASxxxx Linker V03.00/V05.40 + sdld,  page 6.
Hexadecimal  [32-Bits]

Area                                    Addr        Size        Decimal Bytes (Attributes)
--------------------------------        ----        ----        ------- ----- ------------
_HEADER1                            00000000    00000009 =           9. bytes (ABS,CON)

      Value  Global                              Global Defined In Module
      -----  --------------------------------   ------------------------
     00000008  _SMS_crt0_RST08                    crt0

ASxxxx Linker V03.00/V05.40 + sdld,  page 7.
Hexadecimal  [32-Bits]

Area                                    Addr        Size        Decimal Bytes (Attributes)
--------------------------------        ----        ----        ------- ----- ------------
_HEADER2                            00000000    0000001F =          31. bytes (ABS,CON)

      Value  Global                              Global Defined In Module
      -----  --------------------------------   ------------------------
     00000018  _SMS_crt0_RST18                    crt0
     0000002F  get_bank                           crt0
     00000033  set_bank                           crt0
ASxxxx Linker V03.00/V05.40 + sdld,  page 8.
Hexadecimal  [32-Bits]

Area                                    Addr        Size        Decimal Bytes (Attributes)
--------------------------------        ----        ----        ------- ----- ------------
_HEADER3                            00000000    0000002B =          43. bytes (ABS,CON)

      Value  Global                              Global Defined In Module
      -----  --------------------------------   ------------------------
ASxxxx Linker V03.00/V05.40 + sdld,  page 9.
Hexadecimal  [32-Bits]

Area                                    Addr        Size        Decimal Bytes (Attributes)
--------------------------------        ----        ----        ------- ----- ------------
_HEADER4                            00000000    00000104 =         260. bytes (ABS,CON)

      Value  Global                              Global Defined In Module
      -----  --------------------------------   ------------------------
     00000069  _OUTI128                           crt0
     000000E9  _OUTI64                            crt0
     00000129  _OUTI32                            crt0
     00000169  _outi_block                        crt0

ASxxxx Linker V03.00/V05.40 + sdld,  page 10.
Hexadecimal  [32-Bits]

Area                                    Addr        Size        Decimal Bytes (Attributes)
--------------------------------        ----        ----        ------- ----- ------------
_INITIALIZER                        000088EF    0000002C =          44. bytes (REL,CON)

      Value  Global                              Global Defined In Module
      -----  --------------------------------   ------------------------
ASxxxx Linker V03.00/V05.40 + sdld,  page 11.
Hexadecimal  [32-Bits]

Area                                    Addr        Size        Decimal Bytes (Attributes)
--------------------------------        ----        ----        ------- ----- ------------
_GSINIT                             0000891B    0000000F =          15. bytes (REL,CON)

      Value  Global                              Global Defined In Module
      -----  --------------------------------   ------------------------
     0000891B  gsinit                             crt0

ASxxxx Linker V03.00/V05.40 + sdld,  page 12.
Hexadecimal  [32-Bits]

Area                                    Addr        Size        Decimal Bytes (Attributes)
--------------------------------        ----        ----        ------- ----- ------------
_GSFINAL                            0000892A    00000001 =           1. bytes (REL,CON)

      Value  Global                              Global Defined In Module
      -----  --------------------------------   ------------------------
ASxxxx Linker V03.00/V05.40 + sdld,  page 13.
Hexadecimal  [32-Bits]

Area                                    Addr        Size        Decimal Bytes (Attributes)
--------------------------------        ----        ----        ------- ----- ------------
_DATA                               0000C000    00000131 =         305. bytes (REL,CON)

      Value  Global                              Global Defined In Module
      -----  --------------------------------   ------------------------
     0000C000  _pajaros                           main
     0000C03C  _PSGMusicStatus                    PSGlib
     0000C03D  _PSGMusicStart                     PSGlib
     0000C03F  _PSGMusicPointer                   PSGlib
     0000C041  _PSGMusicLoopPoint                 PSGlib
     0000C043  _PSGMusicSkipFrames                PSGlib
     0000C044  _PSGLoopFlag                       PSGlib
     0000C045  _PSGLoopCounter                    PSGlib
     0000C046  _PSGMusicLastLatch                 PSGlib
     0000C047  _PSGMusicVolumeAttenuation         PSGlib
     0000C048  _PSGMusicSubstringLen              PSGlib
     0000C049  _PSGMusicSubstringRetAddr          PSGlib
     0000C04B  _PSGChan0Volume                    PSGlib
     0000C04C  _PSGChan1Volume                    PSGlib
     0000C04D  _PSGChan2Volume                    PSGlib
     0000C04E  _PSGChan3Volume                    PSGlib
     0000C04F  _PSGChan2LowTone                   PSGlib
     0000C050  _PSGChan2HighTone                  PSGlib
     0000C051  _PSGChan3LowTone                   PSGlib
     0000C052  _PSGChannel2SFX                    PSGlib
     0000C053  _PSGChannel3SFX                    PSGlib
     0000C054  _PSGSFXChan2Volume                 PSGlib
     0000C055  _PSGSFXChan3Volume                 PSGlib
     0000C056  _PSGSFXStatus                      PSGlib
     0000C057  _PSGSFXStart                       PSGlib
     0000C059  _PSGSFXPointer                     PSGlib
     0000C05B  _PSGSFXLoopPoint                   PSGlib
     0000C05D  _PSGSFXSkipFrames                  PSGlib
     0000C05E  _PSGSFXLoopFlag                    PSGlib
     0000C05F  _PSGSFXSubstringLen                PSGlib
     0000C060  _PSGSFXSubstringRetAddr            PSGlib
     0000C062  _VDPBlank                          SMSlib
     0000C063  _SMS_VDPFlags                      SMSlib
     0000C064  _PauseRequested                    SMSlib
     0000C065  _SMS_Port3EBIOSvalue               SMSlib
     0000C066  _SMS_theFrameInterruptHandler      SMSlib
     0000C068  _KeysStatus                        SMSlib
     0000C06A  _PreviousKeysStatus                SMSlib
     0000C06C  _SMS_theLineInterruptHandler       SMSlib
     0000C06E  _SpriteTableY                      SMSlib_sprite
     0000C0AE  _SpriteTableXN                     SMSlib_sprite
     0000C12E  _SpriteNextFree                    SMSlib_sprite
     0000C12F  _SMS_TextRenderer_offset           SMSlib_textrenderer

ASxxxx Linker V03.00/V05.40 + sdld,  page 14.
Hexadecimal  [32-Bits]

Area                                    Addr        Size        Decimal Bytes (Attributes)
--------------------------------        ----        ----        ------- ----- ------------
_INITIALIZED                        0000C131    0000002C =          44. bytes (REL,CON)

      Value  Global                              Global Defined In Module
      -----  --------------------------------   ------------------------
     0000C131  _nextVRAMsprites                   main
     0000C133  _maxSalto                          main
     0000C134  _alex                              main
     0000C13A  _spriteAlex                        main
     0000C144  _spritePajaro                      main
     0000C14E  _spritePuno                        main
     0000C158  _VDPReg                            SMSlib
     0000C15A  _spritesHeight                     SMSlib
     0000C15B  _spritesWidth                      SMSlib
     0000C15C  _spritesTileOffset                 SMSlib

ASxxxx Linker V03.00/V05.40 + sdld,  page 15.
Hexadecimal  [32-Bits]

Area                                    Addr        Size        Decimal Bytes (Attributes)
--------------------------------        ----        ----        ------- ----- ------------
_CABS0                              00000000    00000010 =          16. bytes (ABS,CON)

      Value  Global                              Global Defined In Module
      -----  --------------------------------   ------------------------
     00007FF0  ___SMS__SEGA_signature             main

ASxxxx Linker V03.00/V05.40 + sdld,  page 16.
Hexadecimal  [32-Bits]

Area                                    Addr        Size        Decimal Bytes (Attributes)
--------------------------------        ----        ----        ------- ----- ------------
_CABS1                              00000000    00000008 =           8. bytes (ABS,CON)

      Value  Global                              Global Defined In Module
      -----  --------------------------------   ------------------------
     00007FD8  ___SMS__SDSC_author                main

ASxxxx Linker V03.00/V05.40 + sdld,  page 17.
Hexadecimal  [32-Bits]

Area                                    Addr        Size        Decimal Bytes (Attributes)
--------------------------------        ----        ----        ------- ----- ------------
_CABS2                              00000000    0000000E =          14. bytes (ABS,CON)

      Value  Global                              Global Defined In Module
      -----  --------------------------------   ------------------------
     00007FCA  ___SMS__SDSC_name                  main

ASxxxx Linker V03.00/V05.40 + sdld,  page 18.
Hexadecimal  [32-Bits]

Area                                    Addr        Size        Decimal Bytes (Attributes)
--------------------------------        ----        ----        ------- ----- ------------
_CABS3                              00000000    00000011 =          17. bytes (ABS,CON)

      Value  Global                              Global Defined In Module
      -----  --------------------------------   ------------------------
     00007FB9  ___SMS__SDSC_descr                 main

ASxxxx Linker V03.00/V05.40 + sdld,  page 19.
Hexadecimal  [32-Bits]

Area                                    Addr        Size        Decimal Bytes (Attributes)
--------------------------------        ----        ----        ------- ----- ------------
_CABS4                              00000000    00000010 =          16. bytes (ABS,CON)

      Value  Global                              Global Defined In Module
      -----  --------------------------------   ------------------------
     00007FE0  ___SMS__SDSC_signature             main

ASxxxx Linker V03.00/V05.40 + sdld,  page 20.

Files Linked                              [ module(s) ]

crt0_sms.rel                              [ crt0 ]
main.rel                                  [ main ]
bank1.rel                                 [ bank1 ]
bank2.rel                                 [ bank2 ]
PSGlib.rel                                [ PSGlib ]


Libraries Linked                          [ object file ]

SMSlib.lib                                [ SMSlib_VRAMmemset.rel ]
SMSlib.lib                                [ SMSlib.rel ]
SMSlib.lib                                [ SMSlib_sprite.rel ]
./sdcc/bin/../share/sdcc/lib/z80/z80.lib  [ __sdcc_call_hl.rel ]
SMSlib.lib                                [ SMSlib_deprecated.rel ]
SMSlib.lib                                [ SMSlib_VRAMmemcpy.rel ]
./sdcc/bin/../share/sdcc/lib/z80/z80.lib  [ vprintf.rel ]
./sdcc/bin/../share/sdcc/lib/z80/z80.lib  [ divsigned.rel ]
./sdcc/bin/../share/sdcc/lib/z80/z80.lib  [ printf_large.rel ]
SMSlib.lib                                [ SMSlib_textrenderer.rel ]
./sdcc/bin/../share/sdcc/lib/z80/z80.lib  [ divunsigned.rel ]
./sdcc/bin/../share/sdcc/lib/z80/z80.lib  [ strlen.rel ]

ASxxxx Linker V03.00/V05.40 + sdld,  page 21.

User Base Address Definitions

_CODE = 0x0200
_DATA = 0xc000

