ASxxxx Linker V03.00/V05.40 + sdld,  page 1.
Hexadecimal  [32-Bits]

Area                                    Addr        Size        Decimal Bytes (Attributes)
--------------------------------        ----        ----        ------- ----- ------------
.  .ABS.                            00000000    00000000 =           0. bytes (ABS,CON)

      Value  Global                              Global Defined In Module
      -----  --------------------------------   ------------------------
     00000000  .__.ABS.                           
     00000000  l__BSEG                         
     00000000  l__BSS                          
     00000000  l__CABS                         
     00000000  l__DABS                         
     00000000  l__HEADER                       
     00000000  l__HEAP                         
     00000000  l__HOME                         
     00000000  s__CABS                         
     00000000  s__CABS0                        
     00000000  s__CABS1                        
     00000000  s__CABS2                        
     00000000  s__CABS3                        
     00000000  s__CABS4                        
     00000000  s__DABS                         
     00000000  s__HEADER                       
     00000000  s__HEADER0                      
     00000000  s__HEADER1                      
     00000000  s__HEADER2                      
     00000000  s__HEADER3                      
     00000000  s__HEADER4                      
     00000001  l__GSFINAL                      
     00000005  l__CABS1                        
     00000008  l__HEADER0                      
     00000009  l__HEADER1                      
     0000000E  l__CABS2                        
     0000000F  l__GSINIT                       
     00000010  l__CABS0                        
     00000010  l__CABS4                        
     00000011  l__CABS3                        
     0000001F  l__HEADER2                      
     0000002B  l__HEADER3                      
     00000104  l__HEADER4                      
     00000135  l__INITIALIZED                  
     00000135  l__INITIALIZER                  
     00000200  s__CODE                         
     0000054F  l__DATA                         
     00002AD1  l__CODE                         
     00002CD1  s__HOME                         
     00002CD1  s__INITIALIZER                  
     00002E06  s__GSINIT                       
     00002E15  s__GSFINAL                      
     000034BB  l__BANK1                        
     00003DFF  l__BANK2                        
     00008000  _SMS_SRAM                          SMSlib_textrenderer
     00008000  s__BANK1                        
     00008000  s__BANK2                        
     0000C000  s__DATA                         
     0000C54F  s__INITIALIZED                  
     0000C684  s__BSEG                         
ASxxxx Linker V03.00/V05.40 + sdld,  page 2.
Hexadecimal  [32-Bits]

Area                                    Addr        Size        Decimal Bytes (Attributes)
--------------------------------        ----        ----        ------- ----- ------------
.  .ABS.                            00000000    00000000 =           0. bytes (ABS,CON)

      Value  Global                              Global Defined In Module
      -----  --------------------------------   ------------------------
     0000C684  s__BSS                          
     0000C684  s__HEAP                         
     0000FFFC  _SRAM_bank_to_be_mapped_on_slot2   SMSlib_textrenderer
     0000FFFD  _ROM_bank_to_be_mapped_on_slot0    SMSlib_textrenderer
     0000FFFE  _ROM_bank_to_be_mapped_on_slot1    SMSlib_textrenderer
     0000FFFF  _ROM_bank_to_be_mapped_on_slot2    SMSlib_textrenderer

ASxxxx Linker V03.00/V05.40 + sdld,  page 3.
Hexadecimal  [32-Bits]

Area                                    Addr        Size        Decimal Bytes (Attributes)
--------------------------------        ----        ----        ------- ----- ------------
_CODE                               00000200    00002AD1 =       10961. bytes (REL,CON)

      Value  Global                              Global Defined In Module
      -----  --------------------------------   ------------------------
     00000200  _generateSpriteFlip                main
     0000039C  _generateSprite                    main
     00000446  _generateSpriteNoRAM               main
     000004F5  _addHardwareSprite                 main
     00000779  _initSpritesVariables              main
     000007A8  _copySpritestoSAT                  main
     000007DC  _draw_entidad                      main
     00000C02  _canUp                             main
     00000C0E  _canDown                           main
     00000C1C  _canLeft                           main
     00000C28  _canRight                          main
     00000C36  _moveAlexSuelo                     main
     00000E0F  _moveAlexAire                      main
     00000F49  _drawAlex                          main
     00000FCA  _moveAlex                          main
     00001001  _main                              main
     000010E7  _disableSprites                    main
     00001129  _playMusic                         main
     0000113F  _dibujaPajaros                     main
     0000141E  _loadGrapVRAM                      main
     000014FD  _inicializaPajaros                 main
     00001602  _PSGStop                           PSGlib
     00001635  _PSGResume                         PSGlib
     00001756  _PSGPlay                           PSGlib
     00001795  _PSGPlayLoops                      PSGlib
     000017AC  _PSGCancelLoop                     PSGlib
     000017B7  _PSGPlayNoRepeat                   PSGlib
     000017C5  _PSGGetStatus                      PSGlib
     000017C9  _PSGSilenceChannels                PSGlib
     000017DA  _PSGRestoreVolumes                 PSGlib
     000018D7  _PSGSetMusicVolumeAttenuation      PSGlib
     000019BD  _PSGSFXStop                        PSGlib
     00001B22  _PSGSFXPlay                        PSGlib
     00001B86  _PSGSFXCancelLoop                  PSGlib
     00001B8C  _PSGSFXGetStatus                   PSGlib
     00001B90  _PSGSFXPlayLoop                    PSGlib
     00001BAB  _PSGFrame                          PSGlib
     00001D13  _PSGSFXFrame                       PSGlib
     00001DAB  _SMS_reserveSprite                 SMSlib_spriteAdv
     00001DCA  _SMS_updateSpritePosition          SMSlib_spriteAdv
     00001DFE  _SMS_updateSpriteImage             SMSlib_spriteAdv
     00001E0B  _SMS_hideSprite                    SMSlib_spriteAdv
     00001E15  _SMS_init                          SMSlib
     00001E41  _VDPReg_init                       SMSlib
     00001E4C  _SMS_VDPturnOnFeature              SMSlib
     00001E61  _SMS_VDPturnOffFeature             SMSlib
     00001E79  _SMS_setBGScrollX                  SMSlib
     00001E83  _SMS_setBGScrollY                  SMSlib
     00001E8D  _SMS_setBackdropColor              SMSlib
     00001E97  _SMS_useFirstHalfTilesforSprites   SMSlib
ASxxxx Linker V03.00/V05.40 + sdld,  page 4.
Hexadecimal  [32-Bits]

Area                                    Addr        Size        Decimal Bytes (Attributes)
--------------------------------        ----        ----        ------- ----- ------------
_CODE                               00000200    00002AD1 =       10961. bytes (REL,CON)

      Value  Global                              Global Defined In Module
      -----  --------------------------------   ------------------------
     00001EAD  _SMS_setSpriteMode                 SMSlib
     00001EFA  _SMS_setBGPaletteColor             SMSlib
     00001F07  _SMS_setSpritePaletteColor         SMSlib
     00001F14  _SMS_loadBGPalette                 SMSlib
     00001F28  _SMS_loadSpritePalette             SMSlib
     00001F3C  _SMS_setColor                      SMSlib
     00001F40  _SMS_waitForVBlank                 SMSlib
     00001F4D  _SMS_getKeysStatus                 SMSlib
     00001F52  _SMS_getKeysPressed                SMSlib
     00001F67  _SMS_getKeysHeld                   SMSlib
     00001F7A  _SMS_getKeysReleased               SMSlib
     00001F93  _SMS_queryPauseRequested           SMSlib
     00001F97  _SMS_resetPauseRequest             SMSlib
     00001F9D  _SMS_setFrameInterruptHandler      SMSlib
     00001FA1  _SMS_setLineInterruptHandler       SMSlib
     00001FA5  _SMS_setLineCounter                SMSlib
     00001FAF  _SMS_getVCount                     SMSlib
     00001FB2  _SMS_getHCount                     SMSlib
     00001FB5  _SMS_isr                           SMSlib
     00001FFD  _SMS_nmi_isr                       SMSlib
     00002006  _SMS_VRAMmemset_f                  SMSlib_VRAMmemset
     00002022  _SMS_VRAMmemsetW                   SMSlib_VRAMmemset
     00002035  _SMS_initSprites                   SMSlib_sprite
     0000203B  _SMS_addSprite_f                   SMSlib_sprite
     00002066  _SMS_copySpritestoSAT              SMSlib_sprite
     0000209A  __mulint                           
     0000209C  __mul16                            
     000020B1  ___sdcc_call_hl                    
     000020B2  _SMS_VRAMmemcpy                    SMSlib_VRAMmemcpy
     000020CF  _vprintf                           vprintf
     000020DB  _printf                            vprintf
     000020F2  __modschar                         
     000020FA  __modsint                          
     00002100  __divschar                         
     00002102  __div8                             
     00002106  __div_signexte                     
     0000210A  __div16                            
     0000210A  __divsint                          
     00002130  __get_remainder                    
     00002219  __print_format                     printf_large
     00002C85  _SMS_configureTextRenderer         SMSlib_textrenderer
     00002C89  _putchar                           SMSlib_textrenderer
     00002C91  __divuchar                         
     00002C93  __divu8                            
     00002C96  __divu16                           
     00002C96  __divuint                          
     00002CC5  _strlen                            

ASxxxx Linker V03.00/V05.40 + sdld,  page 5.
Hexadecimal  [32-Bits]

Area                                    Addr        Size        Decimal Bytes (Attributes)
--------------------------------        ----        ----        ------- ----- ------------
_HEADER0                            00000000    00000008 =           8. bytes (ABS,CON)

      Value  Global                              Global Defined In Module
      -----  --------------------------------   ------------------------
ASxxxx Linker V03.00/V05.40 + sdld,  page 6.
Hexadecimal  [32-Bits]

Area                                    Addr        Size        Decimal Bytes (Attributes)
--------------------------------        ----        ----        ------- ----- ------------
_HEADER1                            00000000    00000009 =           9. bytes (ABS,CON)

      Value  Global                              Global Defined In Module
      -----  --------------------------------   ------------------------
     00000008  _SMS_crt0_RST08                    crt0

ASxxxx Linker V03.00/V05.40 + sdld,  page 7.
Hexadecimal  [32-Bits]

Area                                    Addr        Size        Decimal Bytes (Attributes)
--------------------------------        ----        ----        ------- ----- ------------
_HEADER2                            00000000    0000001F =          31. bytes (ABS,CON)

      Value  Global                              Global Defined In Module
      -----  --------------------------------   ------------------------
     00000018  _SMS_crt0_RST18                    crt0
     0000002F  get_bank                           crt0
     00000033  set_bank                           crt0
ASxxxx Linker V03.00/V05.40 + sdld,  page 8.
Hexadecimal  [32-Bits]

Area                                    Addr        Size        Decimal Bytes (Attributes)
--------------------------------        ----        ----        ------- ----- ------------
_HEADER3                            00000000    0000002B =          43. bytes (ABS,CON)

      Value  Global                              Global Defined In Module
      -----  --------------------------------   ------------------------
ASxxxx Linker V03.00/V05.40 + sdld,  page 9.
Hexadecimal  [32-Bits]

Area                                    Addr        Size        Decimal Bytes (Attributes)
--------------------------------        ----        ----        ------- ----- ------------
_HEADER4                            00000000    00000104 =         260. bytes (ABS,CON)

      Value  Global                              Global Defined In Module
      -----  --------------------------------   ------------------------
     00000069  _OUTI128                           crt0
     000000E9  _OUTI64                            crt0
     00000129  _OUTI32                            crt0
     00000169  _outi_block                        crt0

ASxxxx Linker V03.00/V05.40 + sdld,  page 10.
Hexadecimal  [32-Bits]

Area                                    Addr        Size        Decimal Bytes (Attributes)
--------------------------------        ----        ----        ------- ----- ------------
_INITIALIZER                        00002CD1    00000135 =         309. bytes (REL,CON)

      Value  Global                              Global Defined In Module
      -----  --------------------------------   ------------------------
ASxxxx Linker V03.00/V05.40 + sdld,  page 11.
Hexadecimal  [32-Bits]

Area                                    Addr        Size        Decimal Bytes (Attributes)
--------------------------------        ----        ----        ------- ----- ------------
_GSINIT                             00002E06    0000000F =          15. bytes (REL,CON)

      Value  Global                              Global Defined In Module
      -----  --------------------------------   ------------------------
     00002E06  gsinit                             crt0

ASxxxx Linker V03.00/V05.40 + sdld,  page 12.
Hexadecimal  [32-Bits]

Area                                    Addr        Size        Decimal Bytes (Attributes)
--------------------------------        ----        ----        ------- ----- ------------
_GSFINAL                            00002E15    00000001 =           1. bytes (REL,CON)

      Value  Global                              Global Defined In Module
      -----  --------------------------------   ------------------------
ASxxxx Linker V03.00/V05.40 + sdld,  page 13.
Hexadecimal  [32-Bits]

Area                                    Addr        Size        Decimal Bytes (Attributes)
--------------------------------        ----        ----        ------- ----- ------------
_DATA                               0000C000    0000054F =        1359. bytes (REL,CON)

      Value  Global                              Global Defined In Module
      -----  --------------------------------   ------------------------
     0000C000  _buffer64                          main
     0000C040  _hardwareSprites                   main
     0000C340  _SpriteTableY2                     main
     0000C342  _SpriteTableXN2                    main
     0000C344  _SpriteNextFree2                   main
     0000C346  _pajaros                           main
     0000C450  _numSprites                        main
     0000C452  _PSGMusicStatus                    PSGlib
     0000C453  _PSGMusicStart                     PSGlib
     0000C455  _PSGMusicPointer                   PSGlib
     0000C457  _PSGMusicLoopPoint                 PSGlib
     0000C459  _PSGMusicSkipFrames                PSGlib
     0000C45A  _PSGLoopFlag                       PSGlib
     0000C45B  _PSGLoopCounter                    PSGlib
     0000C45C  _PSGMusicLastLatch                 PSGlib
     0000C45D  _PSGMusicVolumeAttenuation         PSGlib
     0000C45E  _PSGMusicSubstringLen              PSGlib
     0000C45F  _PSGMusicSubstringRetAddr          PSGlib
     0000C461  _PSGChan0Volume                    PSGlib
     0000C462  _PSGChan1Volume                    PSGlib
     0000C463  _PSGChan2Volume                    PSGlib
     0000C464  _PSGChan3Volume                    PSGlib
     0000C465  _PSGChan0LowTone                   PSGlib
     0000C466  _PSGChan0HighTone                  PSGlib
     0000C467  _PSGChan1LowTone                   PSGlib
     0000C468  _PSGChan1HighTone                  PSGlib
     0000C469  _PSGChan2LowTone                   PSGlib
     0000C46A  _PSGChan2HighTone                  PSGlib
     0000C46B  _PSGChan3LowTone                   PSGlib
     0000C46C  _PSGChannel0SFX                    PSGlib
     0000C46D  _PSGChannel1SFX                    PSGlib
     0000C46E  _PSGChannel2SFX                    PSGlib
     0000C46F  _PSGChannel3SFX                    PSGlib
     0000C470  _PSGSFXChan0Volume                 PSGlib
     0000C471  _PSGSFXChan1Volume                 PSGlib
     0000C472  _PSGSFXChan2Volume                 PSGlib
     0000C473  _PSGSFXChan3Volume                 PSGlib
     0000C474  _PSGSFXStatus                      PSGlib
     0000C475  _PSGSFXStart                       PSGlib
     0000C477  _PSGSFXPointer                     PSGlib
     0000C479  _PSGSFXLoopPoint                   PSGlib
     0000C47B  _PSGSFXSkipFrames                  PSGlib
     0000C47C  _PSGSFXLoopFlag                    PSGlib
     0000C47D  _PSGSFXSubstringLen                PSGlib
     0000C47E  _PSGSFXSubstringRetAddr            PSGlib
     0000C480  _VDPBlank                          SMSlib
     0000C481  _SMS_VDPFlags                      SMSlib
     0000C482  _PauseRequested                    SMSlib
     0000C483  _SMS_Port3EBIOSvalue               SMSlib
     0000C484  _SMS_theFrameInterruptHandler      SMSlib
ASxxxx Linker V03.00/V05.40 + sdld,  page 14.
Hexadecimal  [32-Bits]

Area                                    Addr        Size        Decimal Bytes (Attributes)
--------------------------------        ----        ----        ------- ----- ------------
_DATA                               0000C000    0000054F =        1359. bytes (REL,CON)

      Value  Global                              Global Defined In Module
      -----  --------------------------------   ------------------------
     0000C486  _KeysStatus                        SMSlib
     0000C488  _PreviousKeysStatus                SMSlib
     0000C48A  _SMS_theLineInterruptHandler       SMSlib
     0000C48C  _SpriteTableY                      SMSlib_sprite
     0000C4CC  _SpriteTableXN                     SMSlib_sprite
     0000C54C  _SpriteNextFree                    SMSlib_sprite
     0000C54D  _SMS_TextRenderer_offset           SMSlib_textrenderer
ASxxxx Linker V03.00/V05.40 + sdld,  page 15.
Hexadecimal  [32-Bits]

Area                                    Addr        Size        Decimal Bytes (Attributes)
--------------------------------        ----        ----        ------- ----- ------------
_INITIALIZED                        0000C54F    00000135 =         309. bytes (REL,CON)

      Value  Global                              Global Defined In Module
      -----  --------------------------------   ------------------------
     0000C54F  _nextVRAMsprites                   main
     0000C551  _flipArray                         main
     0000C651  _maxSalto                          main
     0000C652  _alex                              main
     0000C660  _lastFrame                         main
     0000C661  _spriteAlex                        main
     0000C66B  _spritePajaro                      main
     0000C675  _spritePuno                        main
     0000C67F  _VDPReg                            SMSlib
     0000C681  _spritesHeight                     SMSlib
     0000C682  _spritesWidth                      SMSlib
     0000C683  _spritesTileOffset                 SMSlib
ASxxxx Linker V03.00/V05.40 + sdld,  page 16.
Hexadecimal  [32-Bits]

Area                                    Addr        Size        Decimal Bytes (Attributes)
--------------------------------        ----        ----        ------- ----- ------------
_CABS0                              00000000    00000010 =          16. bytes (ABS,CON)

      Value  Global                              Global Defined In Module
      -----  --------------------------------   ------------------------
     00007FF0  ___SMS__SEGA_signature             main

ASxxxx Linker V03.00/V05.40 + sdld,  page 17.
Hexadecimal  [32-Bits]

Area                                    Addr        Size        Decimal Bytes (Attributes)
--------------------------------        ----        ----        ------- ----- ------------
_CABS1                              00000000    00000005 =           5. bytes (ABS,CON)

      Value  Global                              Global Defined In Module
      -----  --------------------------------   ------------------------
     00007FDB  ___SMS__SDSC_author                main

ASxxxx Linker V03.00/V05.40 + sdld,  page 18.
Hexadecimal  [32-Bits]

Area                                    Addr        Size        Decimal Bytes (Attributes)
--------------------------------        ----        ----        ------- ----- ------------
_CABS2                              00000000    0000000E =          14. bytes (ABS,CON)

      Value  Global                              Global Defined In Module
      -----  --------------------------------   ------------------------
     00007FCD  ___SMS__SDSC_name                  main

ASxxxx Linker V03.00/V05.40 + sdld,  page 19.
Hexadecimal  [32-Bits]

Area                                    Addr        Size        Decimal Bytes (Attributes)
--------------------------------        ----        ----        ------- ----- ------------
_CABS3                              00000000    00000011 =          17. bytes (ABS,CON)

      Value  Global                              Global Defined In Module
      -----  --------------------------------   ------------------------
     00007FBC  ___SMS__SDSC_descr                 main

ASxxxx Linker V03.00/V05.40 + sdld,  page 20.
Hexadecimal  [32-Bits]

Area                                    Addr        Size        Decimal Bytes (Attributes)
--------------------------------        ----        ----        ------- ----- ------------
_CABS4                              00000000    00000010 =          16. bytes (ABS,CON)

      Value  Global                              Global Defined In Module
      -----  --------------------------------   ------------------------
     00007FE0  ___SMS__SDSC_signature             main

ASxxxx Linker V03.00/V05.40 + sdld,  page 21.
Hexadecimal  [32-Bits]

Area                                    Addr        Size        Decimal Bytes (Attributes)
--------------------------------        ----        ----        ------- ----- ------------
_BANK1                              00008000    000034BB =       13499. bytes (REL,CON)

      Value  Global                              Global Defined In Module
      -----  --------------------------------   ------------------------
     00008000  _sonicpalette_inc                  bank1
     0000800E  _sonictilemap_inc                  bank1
     0000860E  _puno_inc                          bank1
     0000868E  _spriteAlex_inc                    bank1
     0000968E  _sonictiles_inc                    bank1
     0000AB4E  _palleteAlex_inc                   bank1
     0000AB56  _tiles_de_prueba2_inc              bank1
     0000ABF6  _tilemap_de_prueba2_inc            bank1
     0000B336  _paleta_de_prueba2_inc             bank1
     0000B33B  _spritePajaro_inc                  bank1

ASxxxx Linker V03.00/V05.40 + sdld,  page 22.
Hexadecimal  [32-Bits]

Area                                    Addr        Size        Decimal Bytes (Attributes)
--------------------------------        ----        ----        ------- ----- ------------
_BANK2                              00008000    00003DFF =       15871. bytes (REL,CON)

      Value  Global                              Global Defined In Module
      -----  --------------------------------   ------------------------
     00008000  _emeraldhill_psg                   bank2
     000082E6  _special_psg                       bank2
     0000ABCF  _salto_psg                         bank2
     0000AC0E  _nuestro_psg                       bank2
     0000B059  _greenhill_psg                     bank2
     0000B494  _titulo_psg                        bank2
ASxxxx Linker V03.00/V05.40 + sdld,  page 23.

Files Linked                              [ module(s) ]

crt0_sms.rel                              [ crt0 ]
main.rel                                  [ main ]
bank1.rel                                 [ bank1 ]
bank2.rel                                 [ bank2 ]
PSGlib.rel                                [ PSGlib ]


Libraries Linked                          [ object file ]

SMSlib.lib                                [ SMSlib_spriteAdv.rel ]
SMSlib.lib                                [ SMSlib.rel ]
SMSlib.lib                                [ SMSlib_VRAMmemset.rel ]
SMSlib.lib                                [ SMSlib_sprite.rel ]
./sdcc/bin/../share/sdcc/lib/z80/z80.lib  [ mul.rel ]
./sdcc/bin/../share/sdcc/lib/z80/z80.lib  [ __sdcc_call_hl.rel ]
SMSlib.lib                                [ SMSlib_VRAMmemcpy.rel ]
./sdcc/bin/../share/sdcc/lib/z80/z80.lib  [ vprintf.rel ]
./sdcc/bin/../share/sdcc/lib/z80/z80.lib  [ modsigned.rel ]
./sdcc/bin/../share/sdcc/lib/z80/z80.lib  [ divsigned.rel ]
./sdcc/bin/../share/sdcc/lib/z80/z80.lib  [ printf_large.rel ]
SMSlib.lib                                [ SMSlib_textrenderer.rel ]
./sdcc/bin/../share/sdcc/lib/z80/z80.lib  [ divunsigned.rel ]
./sdcc/bin/../share/sdcc/lib/z80/z80.lib  [ strlen.rel ]

ASxxxx Linker V03.00/V05.40 + sdld,  page 24.

User Base Address Definitions

_CODE = 0x0200
_DATA = 0xc000
_BANK1=0X8000
_BANK2=0X8000

