ASxxxx Linker V03.00/V05.40 + sdld,  page 1.
Hexadecimal  [32-Bits]

Area                                    Addr        Size        Decimal Bytes (Attributes)
--------------------------------        ----        ----        ------- ----- ------------
.  .ABS.                            00000000    00000000 =           0. bytes (ABS,CON)

      Value  Global                              Global Defined In Module
      -----  --------------------------------   ------------------------
     00000000  .__.ABS.                           
     00000000  l__BSEG                         
     00000000  l__BSS                          
     00000000  l__CABS                         
     00000000  l__DABS                         
     00000000  l__HEADER                       
     00000000  l__HEAP                         
     00000000  l__HOME                         
     00000000  s__CABS                         
     00000000  s__CABS0                        
     00000000  s__CABS1                        
     00000000  s__CABS2                        
     00000000  s__CABS3                        
     00000000  s__CABS4                        
     00000000  s__DABS                         
     00000000  s__HEADER                       
     00000000  s__HEADER0                      
     00000000  s__HEADER1                      
     00000000  s__HEADER2                      
     00000000  s__HEADER3                      
     00000000  s__HEADER4                      
     00000001  l__GSFINAL                      
     00000008  l__CABS1                        
     00000008  l__HEADER0                      
     00000009  l__HEADER1                      
     0000000E  l__CABS2                        
     0000000F  l__GSINIT                       
     00000010  l__CABS0                        
     00000010  l__CABS4                        
     00000011  l__CABS3                        
     0000001F  l__HEADER2                      
     00000024  l__INITIALIZED                  
     00000024  l__INITIALIZER                  
     0000002B  l__HEADER3                      
     00000104  l__HEADER4                      
     00000133  l__DATA                         
     00000200  s__CODE                         
     00008000  _SMS_SRAM                          SMSlib_textrenderer
     00008851  l__CODE                         
     00008A51  s__HOME                         
     00008A51  s__INITIALIZER                  
     00008A75  s__GSINIT                       
     00008A84  s__GSFINAL                      
     0000C000  s__DATA                         
     0000C133  s__INITIALIZED                  
     0000C157  s__BSEG                         
     0000C157  s__BSS                          
     0000C157  s__HEAP                         
     0000FFFC  _SRAM_bank_to_be_mapped_on_slot2   SMSlib_textrenderer
     0000FFFD  _ROM_bank_to_be_mapped_on_slot0    SMSlib_textrenderer
ASxxxx Linker V03.00/V05.40 + sdld,  page 2.
Hexadecimal  [32-Bits]

Area                                    Addr        Size        Decimal Bytes (Attributes)
--------------------------------        ----        ----        ------- ----- ------------
.  .ABS.                            00000000    00000000 =           0. bytes (ABS,CON)

      Value  Global                              Global Defined In Module
      -----  --------------------------------   ------------------------
     0000FFFE  _ROM_bank_to_be_mapped_on_slot1    SMSlib_textrenderer
     0000FFFF  _ROM_bank_to_be_mapped_on_slot2    SMSlib_textrenderer

ASxxxx Linker V03.00/V05.40 + sdld,  page 3.
Hexadecimal  [32-Bits]

Area                                    Addr        Size        Decimal Bytes (Attributes)
--------------------------------        ----        ----        ------- ----- ------------
_CODE                               00000200    00008851 =       34897. bytes (REL,CON)

      Value  Global                              Global Defined In Module
      -----  --------------------------------   ------------------------
     00000200  _generateSprite                    main
     000002AA  _generateSpriteNoRAM               main
     00000359  _draw_entidad                      main
     00000589  _moveAlexOLD                       main
     00000831  _canUp                             main
     0000083D  _canDown                           main
     0000084B  _canLeft                           main
     00000857  _canRight                          main
     00000865  _moveAlexSuelo                     main
     00000968  _moveAlexAire                      main
     000009D2  _moveAlex                          main
     00000A09  _inicializaPajaros                 main
     00000A51  _loadGrapVRAM                      main
     00000AEA  _dibujaPajaros                     main
     00000B41  _main                              main
     00000C2B  _sonicpalette_inc                  bank1
     00000C39  _sonictilemap_inc                  bank1
     00001239  _spriteAlex_inc                    bank1
     00002239  _sonictiles_inc                    bank1
     000036F9  _palleteAlex_inc                   bank1
     00003701  _spritePajaro_inc                  bank1
     00003881  _emeraldhill_psg                   bank2
     00003B67  _special_psg                       bank2
     00006450  _nuestro_psg                       bank2
     0000689B  _greenhill_psg                     bank2
     00006CD6  _titulo_psg                        bank2
     00007641  _PSGStop                           PSGlib
     00007668  _PSGResume                         PSGlib
     000076B4  _PSGPlay                           PSGlib
     000076DF  _PSGPlayLoops                      PSGlib
     000076F6  _PSGCancelLoop                     PSGlib
     00007701  _PSGPlayNoRepeat                   PSGlib
     0000770F  _PSGGetStatus                      PSGlib
     00007713  _PSGSilenceChannels                PSGlib
     00007724  _PSGRestoreVolumes                 PSGlib
     000077FD  _PSGSetMusicVolumeAttenuation      PSGlib
     000078D7  _PSGSFXStop                        PSGlib
     0000799A  _PSGSFXPlay                        PSGlib
     000079EA  _PSGSFXCancelLoop                  PSGlib
     000079F0  _PSGSFXGetStatus                   PSGlib
     000079F4  _PSGSFXPlayLoop                    PSGlib
     00007A0F  _PSGFrame                          PSGlib
     00007B33  _PSGSFXFrame                       PSGlib
     00007BB9  _SMS_VRAMmemset_f                  SMSlib_VRAMmemset
     00007BD5  _SMS_VRAMmemsetW                   SMSlib_VRAMmemset
     00007BE8  _SMS_init                          SMSlib
     00007C14  _VDPReg_init                       SMSlib
     00007C1F  _SMS_VDPturnOnFeature              SMSlib
     00007C34  _SMS_VDPturnOffFeature             SMSlib
     00007C4C  _SMS_setBGScrollX                  SMSlib
ASxxxx Linker V03.00/V05.40 + sdld,  page 4.
Hexadecimal  [32-Bits]

Area                                    Addr        Size        Decimal Bytes (Attributes)
--------------------------------        ----        ----        ------- ----- ------------
_CODE                               00000200    00008851 =       34897. bytes (REL,CON)

      Value  Global                              Global Defined In Module
      -----  --------------------------------   ------------------------
     00007C56  _SMS_setBGScrollY                  SMSlib
     00007C60  _SMS_setBackdropColor              SMSlib
     00007C6A  _SMS_useFirstHalfTilesforSprites   SMSlib
     00007C80  _SMS_setSpriteMode                 SMSlib
     00007CCD  _SMS_setBGPaletteColor             SMSlib
     00007CDA  _SMS_setSpritePaletteColor         SMSlib
     00007CE7  _SMS_loadBGPalette                 SMSlib
     00007CFB  _SMS_loadSpritePalette             SMSlib
     00007D0F  _SMS_setColor                      SMSlib
     00007D13  _SMS_waitForVBlank                 SMSlib
     00007D20  _SMS_getKeysStatus                 SMSlib
     00007D25  _SMS_getKeysPressed                SMSlib
     00007D3A  _SMS_getKeysHeld                   SMSlib
     00007D4D  _SMS_getKeysReleased               SMSlib
     00007D66  _SMS_queryPauseRequested           SMSlib
     00007D6A  _SMS_resetPauseRequest             SMSlib
     00007D70  _SMS_setFrameInterruptHandler      SMSlib
     00007D74  _SMS_setLineInterruptHandler       SMSlib
     00007D78  _SMS_setLineCounter                SMSlib
     00007D82  _SMS_getVCount                     SMSlib
     00007D85  _SMS_getHCount                     SMSlib
     00007D88  _SMS_isr                           SMSlib
     00007DD0  _SMS_nmi_isr                       SMSlib
     00007DD9  _SMS_initSprites                   SMSlib_sprite
     00007DDF  _SMS_addSprite_f                   SMSlib_sprite
     00007E0A  _SMS_copySpritestoSAT              SMSlib_sprite
     00007E3E  ___sdcc_call_hl                    
     00007E3F  _SMS_finalizeSprites               SMSlib_deprecated
     00007E40  _SMS_VRAMmemcpy                    SMSlib_VRAMmemcpy
     00007E5D  _vprintf                           vprintf
     00007E69  _printf                            vprintf
     00007E80  __divschar                         
     00007E82  __div8                             
     00007E86  __div_signexte                     
     00007E8A  __div16                            
     00007E8A  __divsint                          
     00007EB0  __get_remainder                    
     00007F99  __print_format                     printf_large
     00008A05  _SMS_configureTextRenderer         SMSlib_textrenderer
     00008A09  _putchar                           SMSlib_textrenderer
     00008A11  __divuchar                         
     00008A13  __divu8                            
     00008A16  __divu16                           
     00008A16  __divuint                          
     00008A45  _strlen                            

ASxxxx Linker V03.00/V05.40 + sdld,  page 5.
Hexadecimal  [32-Bits]

Area                                    Addr        Size        Decimal Bytes (Attributes)
--------------------------------        ----        ----        ------- ----- ------------
_HEADER0                            00000000    00000008 =           8. bytes (ABS,CON)

      Value  Global                              Global Defined In Module
      -----  --------------------------------   ------------------------
ASxxxx Linker V03.00/V05.40 + sdld,  page 6.
Hexadecimal  [32-Bits]

Area                                    Addr        Size        Decimal Bytes (Attributes)
--------------------------------        ----        ----        ------- ----- ------------
_HEADER1                            00000000    00000009 =           9. bytes (ABS,CON)

      Value  Global                              Global Defined In Module
      -----  --------------------------------   ------------------------
     00000008  _SMS_crt0_RST08                    crt0

ASxxxx Linker V03.00/V05.40 + sdld,  page 7.
Hexadecimal  [32-Bits]

Area                                    Addr        Size        Decimal Bytes (Attributes)
--------------------------------        ----        ----        ------- ----- ------------
_HEADER2                            00000000    0000001F =          31. bytes (ABS,CON)

      Value  Global                              Global Defined In Module
      -----  --------------------------------   ------------------------
     00000018  _SMS_crt0_RST18                    crt0
     0000002F  get_bank                           crt0
     00000033  set_bank                           crt0
ASxxxx Linker V03.00/V05.40 + sdld,  page 8.
Hexadecimal  [32-Bits]

Area                                    Addr        Size        Decimal Bytes (Attributes)
--------------------------------        ----        ----        ------- ----- ------------
_HEADER3                            00000000    0000002B =          43. bytes (ABS,CON)

      Value  Global                              Global Defined In Module
      -----  --------------------------------   ------------------------
ASxxxx Linker V03.00/V05.40 + sdld,  page 9.
Hexadecimal  [32-Bits]

Area                                    Addr        Size        Decimal Bytes (Attributes)
--------------------------------        ----        ----        ------- ----- ------------
_HEADER4                            00000000    00000104 =         260. bytes (ABS,CON)

      Value  Global                              Global Defined In Module
      -----  --------------------------------   ------------------------
     00000069  _OUTI128                           crt0
     000000E9  _OUTI64                            crt0
     00000129  _OUTI32                            crt0
     00000169  _outi_block                        crt0

ASxxxx Linker V03.00/V05.40 + sdld,  page 10.
Hexadecimal  [32-Bits]

Area                                    Addr        Size        Decimal Bytes (Attributes)
--------------------------------        ----        ----        ------- ----- ------------
_INITIALIZER                        00008A51    00000024 =          36. bytes (REL,CON)

      Value  Global                              Global Defined In Module
      -----  --------------------------------   ------------------------
ASxxxx Linker V03.00/V05.40 + sdld,  page 11.
Hexadecimal  [32-Bits]

Area                                    Addr        Size        Decimal Bytes (Attributes)
--------------------------------        ----        ----        ------- ----- ------------
_GSINIT                             00008A75    0000000F =          15. bytes (REL,CON)

      Value  Global                              Global Defined In Module
      -----  --------------------------------   ------------------------
     00008A75  gsinit                             crt0

ASxxxx Linker V03.00/V05.40 + sdld,  page 12.
Hexadecimal  [32-Bits]

Area                                    Addr        Size        Decimal Bytes (Attributes)
--------------------------------        ----        ----        ------- ----- ------------
_GSFINAL                            00008A84    00000001 =           1. bytes (REL,CON)

      Value  Global                              Global Defined In Module
      -----  --------------------------------   ------------------------
ASxxxx Linker V03.00/V05.40 + sdld,  page 13.
Hexadecimal  [32-Bits]

Area                                    Addr        Size        Decimal Bytes (Attributes)
--------------------------------        ----        ----        ------- ----- ------------
_DATA                               0000C000    00000133 =         307. bytes (REL,CON)

      Value  Global                              Global Defined In Module
      -----  --------------------------------   ------------------------
     0000C000  _finSalto                          main
     0000C002  _pajaros                           main
     0000C03E  _PSGMusicStatus                    PSGlib
     0000C03F  _PSGMusicStart                     PSGlib
     0000C041  _PSGMusicPointer                   PSGlib
     0000C043  _PSGMusicLoopPoint                 PSGlib
     0000C045  _PSGMusicSkipFrames                PSGlib
     0000C046  _PSGLoopFlag                       PSGlib
     0000C047  _PSGLoopCounter                    PSGlib
     0000C048  _PSGMusicLastLatch                 PSGlib
     0000C049  _PSGMusicVolumeAttenuation         PSGlib
     0000C04A  _PSGMusicSubstringLen              PSGlib
     0000C04B  _PSGMusicSubstringRetAddr          PSGlib
     0000C04D  _PSGChan0Volume                    PSGlib
     0000C04E  _PSGChan1Volume                    PSGlib
     0000C04F  _PSGChan2Volume                    PSGlib
     0000C050  _PSGChan3Volume                    PSGlib
     0000C051  _PSGChan2LowTone                   PSGlib
     0000C052  _PSGChan2HighTone                  PSGlib
     0000C053  _PSGChan3LowTone                   PSGlib
     0000C054  _PSGChannel2SFX                    PSGlib
     0000C055  _PSGChannel3SFX                    PSGlib
     0000C056  _PSGSFXChan2Volume                 PSGlib
     0000C057  _PSGSFXChan3Volume                 PSGlib
     0000C058  _PSGSFXStatus                      PSGlib
     0000C059  _PSGSFXStart                       PSGlib
     0000C05B  _PSGSFXPointer                     PSGlib
     0000C05D  _PSGSFXLoopPoint                   PSGlib
     0000C05F  _PSGSFXSkipFrames                  PSGlib
     0000C060  _PSGSFXLoopFlag                    PSGlib
     0000C061  _PSGSFXSubstringLen                PSGlib
     0000C062  _PSGSFXSubstringRetAddr            PSGlib
     0000C064  _VDPBlank                          SMSlib
     0000C065  _SMS_VDPFlags                      SMSlib
     0000C066  _PauseRequested                    SMSlib
     0000C067  _SMS_Port3EBIOSvalue               SMSlib
     0000C068  _SMS_theFrameInterruptHandler      SMSlib
     0000C06A  _KeysStatus                        SMSlib
     0000C06C  _PreviousKeysStatus                SMSlib
     0000C06E  _SMS_theLineInterruptHandler       SMSlib
     0000C070  _SpriteTableY                      SMSlib_sprite
     0000C0B0  _SpriteTableXN                     SMSlib_sprite
     0000C130  _SpriteNextFree                    SMSlib_sprite
     0000C131  _SMS_TextRenderer_offset           SMSlib_textrenderer

ASxxxx Linker V03.00/V05.40 + sdld,  page 14.
Hexadecimal  [32-Bits]

Area                                    Addr        Size        Decimal Bytes (Attributes)
--------------------------------        ----        ----        ------- ----- ------------
_INITIALIZED                        0000C133    00000024 =          36. bytes (REL,CON)

      Value  Global                              Global Defined In Module
      -----  --------------------------------   ------------------------
     0000C133  _nextVRAMsprites                   main
     0000C135  _vY                                main
     0000C137  _maxSalto                          main
     0000C138  _alex                              main
     0000C13E  _spriteAlex                        main
     0000C148  _spritePajaro                      main
     0000C152  _VDPReg                            SMSlib
     0000C154  _spritesHeight                     SMSlib
     0000C155  _spritesWidth                      SMSlib
     0000C156  _spritesTileOffset                 SMSlib

ASxxxx Linker V03.00/V05.40 + sdld,  page 15.
Hexadecimal  [32-Bits]

Area                                    Addr        Size        Decimal Bytes (Attributes)
--------------------------------        ----        ----        ------- ----- ------------
_CABS0                              00000000    00000010 =          16. bytes (ABS,CON)

      Value  Global                              Global Defined In Module
      -----  --------------------------------   ------------------------
     00007FF0  ___SMS__SEGA_signature             main

ASxxxx Linker V03.00/V05.40 + sdld,  page 16.
Hexadecimal  [32-Bits]

Area                                    Addr        Size        Decimal Bytes (Attributes)
--------------------------------        ----        ----        ------- ----- ------------
_CABS1                              00000000    00000008 =           8. bytes (ABS,CON)

      Value  Global                              Global Defined In Module
      -----  --------------------------------   ------------------------
     00007FD8  ___SMS__SDSC_author                main

ASxxxx Linker V03.00/V05.40 + sdld,  page 17.
Hexadecimal  [32-Bits]

Area                                    Addr        Size        Decimal Bytes (Attributes)
--------------------------------        ----        ----        ------- ----- ------------
_CABS2                              00000000    0000000E =          14. bytes (ABS,CON)

      Value  Global                              Global Defined In Module
      -----  --------------------------------   ------------------------
     00007FCA  ___SMS__SDSC_name                  main

ASxxxx Linker V03.00/V05.40 + sdld,  page 18.
Hexadecimal  [32-Bits]

Area                                    Addr        Size        Decimal Bytes (Attributes)
--------------------------------        ----        ----        ------- ----- ------------
_CABS3                              00000000    00000011 =          17. bytes (ABS,CON)

      Value  Global                              Global Defined In Module
      -----  --------------------------------   ------------------------
     00007FB9  ___SMS__SDSC_descr                 main

ASxxxx Linker V03.00/V05.40 + sdld,  page 19.
Hexadecimal  [32-Bits]

Area                                    Addr        Size        Decimal Bytes (Attributes)
--------------------------------        ----        ----        ------- ----- ------------
_CABS4                              00000000    00000010 =          16. bytes (ABS,CON)

      Value  Global                              Global Defined In Module
      -----  --------------------------------   ------------------------
     00007FE0  ___SMS__SDSC_signature             main

ASxxxx Linker V03.00/V05.40 + sdld,  page 20.

Files Linked                              [ module(s) ]

crt0_sms.rel                              [ crt0 ]
main.rel                                  [ main ]
bank1.rel                                 [ bank1 ]
bank2.rel                                 [ bank2 ]
PSGlib.rel                                [ PSGlib ]


Libraries Linked                          [ object file ]

SMSlib.lib                                [ SMSlib_VRAMmemset.rel ]
SMSlib.lib                                [ SMSlib.rel ]
SMSlib.lib                                [ SMSlib_sprite.rel ]
./sdcc/bin/../share/sdcc/lib/z80/z80.lib  [ __sdcc_call_hl.rel ]
SMSlib.lib                                [ SMSlib_deprecated.rel ]
SMSlib.lib                                [ SMSlib_VRAMmemcpy.rel ]
./sdcc/bin/../share/sdcc/lib/z80/z80.lib  [ vprintf.rel ]
./sdcc/bin/../share/sdcc/lib/z80/z80.lib  [ divsigned.rel ]
./sdcc/bin/../share/sdcc/lib/z80/z80.lib  [ printf_large.rel ]
SMSlib.lib                                [ SMSlib_textrenderer.rel ]
./sdcc/bin/../share/sdcc/lib/z80/z80.lib  [ divunsigned.rel ]
./sdcc/bin/../share/sdcc/lib/z80/z80.lib  [ strlen.rel ]

ASxxxx Linker V03.00/V05.40 + sdld,  page 21.

User Base Address Definitions

_CODE = 0x0200
_DATA = 0xc000

