ASxxxx Linker V03.00/V05.40 + sdld,  page 1.
Hexadecimal  [32-Bits]

Area                                    Addr        Size        Decimal Bytes (Attributes)
--------------------------------        ----        ----        ------- ----- ------------
.  .ABS.                            00000000    00000000 =           0. bytes (ABS,CON)

      Value  Global                              Global Defined In Module
      -----  --------------------------------   ------------------------
     00000000  .__.ABS.                           
     00000000  l__BSEG                         
     00000000  l__BSS                          
     00000000  l__CABS                         
     00000000  l__DABS                         
     00000000  l__HEADER                       
     00000000  l__HEAP                         
     00000000  l__HOME                         
     00000000  s__CABS                         
     00000000  s__CABS0                        
     00000000  s__CABS1                        
     00000000  s__CABS2                        
     00000000  s__CABS3                        
     00000000  s__CABS4                        
     00000000  s__DABS                         
     00000000  s__HEADER                       
     00000000  s__HEADER0                      
     00000000  s__HEADER1                      
     00000000  s__HEADER2                      
     00000000  s__HEADER3                      
     00000000  s__HEADER4                      
     00000001  l__GSFINAL                      
     00000008  l__CABS1                        
     00000008  l__HEADER0                      
     00000009  l__HEADER1                      
     0000000E  l__CABS2                        
     0000000F  l__GSINIT                       
     00000010  l__CABS0                        
     00000010  l__CABS4                        
     00000011  l__CABS3                        
     0000001F  l__HEADER2                      
     00000023  l__INITIALIZED                  
     00000023  l__INITIALIZER                  
     0000002B  l__HEADER3                      
     00000104  l__HEADER4                      
     00000133  l__DATA                         
     00000200  s__CODE                         
     00008000  _SMS_SRAM                          SMSlib_textrenderer
     00008674  l__CODE                         
     00008874  s__HOME                         
     00008874  s__INITIALIZER                  
     00008897  s__GSINIT                       
     000088A6  s__GSFINAL                      
     0000C000  s__DATA                         
     0000C133  s__INITIALIZED                  
     0000C156  s__BSEG                         
     0000C156  s__BSS                          
     0000C156  s__HEAP                         
     0000FFFC  _SRAM_bank_to_be_mapped_on_slot2   SMSlib_textrenderer
     0000FFFD  _ROM_bank_to_be_mapped_on_slot0    SMSlib_textrenderer
ASxxxx Linker V03.00/V05.40 + sdld,  page 2.
Hexadecimal  [32-Bits]

Area                                    Addr        Size        Decimal Bytes (Attributes)
--------------------------------        ----        ----        ------- ----- ------------
.  .ABS.                            00000000    00000000 =           0. bytes (ABS,CON)

      Value  Global                              Global Defined In Module
      -----  --------------------------------   ------------------------
     0000FFFE  _ROM_bank_to_be_mapped_on_slot1    SMSlib_textrenderer
     0000FFFF  _ROM_bank_to_be_mapped_on_slot2    SMSlib_textrenderer

ASxxxx Linker V03.00/V05.40 + sdld,  page 3.
Hexadecimal  [32-Bits]

Area                                    Addr        Size        Decimal Bytes (Attributes)
--------------------------------        ----        ----        ------- ----- ------------
_CODE                               00000200    00008674 =       34420. bytes (REL,CON)

      Value  Global                              Global Defined In Module
      -----  --------------------------------   ------------------------
     00000200  _generateSprite                    main
     000002AA  _generateSpriteNoRAM               main
     00000359  _draw_entidad                      main
     00000589  _moveAlex                          main
     0000082C  _inicializaPajaros                 main
     00000874  _loadGrapVRAM                      main
     0000090D  _dibujaPajaros                     main
     00000964  _main                              main
     00000A4E  _sonicpalette_inc                  bank1
     00000A5C  _sonictilemap_inc                  bank1
     0000105C  _spriteAlex_inc                    bank1
     0000205C  _sonictiles_inc                    bank1
     0000351C  _palleteAlex_inc                   bank1
     00003524  _spritePajaro_inc                  bank1
     000036A4  _emeraldhill_psg                   bank2
     0000398A  _special_psg                       bank2
     00006273  _nuestro_psg                       bank2
     000066BE  _greenhill_psg                     bank2
     00006AF9  _titulo_psg                        bank2
     00007464  _PSGStop                           PSGlib
     0000748B  _PSGResume                         PSGlib
     000074D7  _PSGPlay                           PSGlib
     00007502  _PSGPlayLoops                      PSGlib
     00007519  _PSGCancelLoop                     PSGlib
     00007524  _PSGPlayNoRepeat                   PSGlib
     00007532  _PSGGetStatus                      PSGlib
     00007536  _PSGSilenceChannels                PSGlib
     00007547  _PSGRestoreVolumes                 PSGlib
     00007620  _PSGSetMusicVolumeAttenuation      PSGlib
     000076FA  _PSGSFXStop                        PSGlib
     000077BD  _PSGSFXPlay                        PSGlib
     0000780D  _PSGSFXCancelLoop                  PSGlib
     00007813  _PSGSFXGetStatus                   PSGlib
     00007817  _PSGSFXPlayLoop                    PSGlib
     00007832  _PSGFrame                          PSGlib
     00007956  _PSGSFXFrame                       PSGlib
     000079DC  _SMS_VRAMmemset_f                  SMSlib_VRAMmemset
     000079F8  _SMS_VRAMmemsetW                   SMSlib_VRAMmemset
     00007A0B  _SMS_init                          SMSlib
     00007A37  _VDPReg_init                       SMSlib
     00007A42  _SMS_VDPturnOnFeature              SMSlib
     00007A57  _SMS_VDPturnOffFeature             SMSlib
     00007A6F  _SMS_setBGScrollX                  SMSlib
     00007A79  _SMS_setBGScrollY                  SMSlib
     00007A83  _SMS_setBackdropColor              SMSlib
     00007A8D  _SMS_useFirstHalfTilesforSprites   SMSlib
     00007AA3  _SMS_setSpriteMode                 SMSlib
     00007AF0  _SMS_setBGPaletteColor             SMSlib
     00007AFD  _SMS_setSpritePaletteColor         SMSlib
     00007B0A  _SMS_loadBGPalette                 SMSlib
ASxxxx Linker V03.00/V05.40 + sdld,  page 4.
Hexadecimal  [32-Bits]

Area                                    Addr        Size        Decimal Bytes (Attributes)
--------------------------------        ----        ----        ------- ----- ------------
_CODE                               00000200    00008674 =       34420. bytes (REL,CON)

      Value  Global                              Global Defined In Module
      -----  --------------------------------   ------------------------
     00007B1E  _SMS_loadSpritePalette             SMSlib
     00007B32  _SMS_setColor                      SMSlib
     00007B36  _SMS_waitForVBlank                 SMSlib
     00007B43  _SMS_getKeysStatus                 SMSlib
     00007B48  _SMS_getKeysPressed                SMSlib
     00007B5D  _SMS_getKeysHeld                   SMSlib
     00007B70  _SMS_getKeysReleased               SMSlib
     00007B89  _SMS_queryPauseRequested           SMSlib
     00007B8D  _SMS_resetPauseRequest             SMSlib
     00007B93  _SMS_setFrameInterruptHandler      SMSlib
     00007B97  _SMS_setLineInterruptHandler       SMSlib
     00007B9B  _SMS_setLineCounter                SMSlib
     00007BA5  _SMS_getVCount                     SMSlib
     00007BA8  _SMS_getHCount                     SMSlib
     00007BAB  _SMS_isr                           SMSlib
     00007BF3  _SMS_nmi_isr                       SMSlib
     00007BFC  _SMS_initSprites                   SMSlib_sprite
     00007C02  _SMS_addSprite_f                   SMSlib_sprite
     00007C2D  _SMS_copySpritestoSAT              SMSlib_sprite
     00007C61  ___sdcc_call_hl                    
     00007C62  _SMS_finalizeSprites               SMSlib_deprecated
     00007C63  _SMS_VRAMmemcpy                    SMSlib_VRAMmemcpy
     00007C80  _vprintf                           vprintf
     00007C8C  _printf                            vprintf
     00007CA3  __divschar                         
     00007CA5  __div8                             
     00007CA9  __div_signexte                     
     00007CAD  __div16                            
     00007CAD  __divsint                          
     00007CD3  __get_remainder                    
     00007DBC  __print_format                     printf_large
     00008828  _SMS_configureTextRenderer         SMSlib_textrenderer
     0000882C  _putchar                           SMSlib_textrenderer
     00008834  __divuchar                         
     00008836  __divu8                            
     00008839  __divu16                           
     00008839  __divuint                          
     00008868  _strlen                            

ASxxxx Linker V03.00/V05.40 + sdld,  page 5.
Hexadecimal  [32-Bits]

Area                                    Addr        Size        Decimal Bytes (Attributes)
--------------------------------        ----        ----        ------- ----- ------------
_HEADER0                            00000000    00000008 =           8. bytes (ABS,CON)

      Value  Global                              Global Defined In Module
      -----  --------------------------------   ------------------------
ASxxxx Linker V03.00/V05.40 + sdld,  page 6.
Hexadecimal  [32-Bits]

Area                                    Addr        Size        Decimal Bytes (Attributes)
--------------------------------        ----        ----        ------- ----- ------------
_HEADER1                            00000000    00000009 =           9. bytes (ABS,CON)

      Value  Global                              Global Defined In Module
      -----  --------------------------------   ------------------------
     00000008  _SMS_crt0_RST08                    crt0

ASxxxx Linker V03.00/V05.40 + sdld,  page 7.
Hexadecimal  [32-Bits]

Area                                    Addr        Size        Decimal Bytes (Attributes)
--------------------------------        ----        ----        ------- ----- ------------
_HEADER2                            00000000    0000001F =          31. bytes (ABS,CON)

      Value  Global                              Global Defined In Module
      -----  --------------------------------   ------------------------
     00000018  _SMS_crt0_RST18                    crt0
     0000002F  get_bank                           crt0
     00000033  set_bank                           crt0
ASxxxx Linker V03.00/V05.40 + sdld,  page 8.
Hexadecimal  [32-Bits]

Area                                    Addr        Size        Decimal Bytes (Attributes)
--------------------------------        ----        ----        ------- ----- ------------
_HEADER3                            00000000    0000002B =          43. bytes (ABS,CON)

      Value  Global                              Global Defined In Module
      -----  --------------------------------   ------------------------
ASxxxx Linker V03.00/V05.40 + sdld,  page 9.
Hexadecimal  [32-Bits]

Area                                    Addr        Size        Decimal Bytes (Attributes)
--------------------------------        ----        ----        ------- ----- ------------
_HEADER4                            00000000    00000104 =         260. bytes (ABS,CON)

      Value  Global                              Global Defined In Module
      -----  --------------------------------   ------------------------
     00000069  _OUTI128                           crt0
     000000E9  _OUTI64                            crt0
     00000129  _OUTI32                            crt0
     00000169  _outi_block                        crt0

ASxxxx Linker V03.00/V05.40 + sdld,  page 10.
Hexadecimal  [32-Bits]

Area                                    Addr        Size        Decimal Bytes (Attributes)
--------------------------------        ----        ----        ------- ----- ------------
_INITIALIZER                        00008874    00000023 =          35. bytes (REL,CON)

      Value  Global                              Global Defined In Module
      -----  --------------------------------   ------------------------
ASxxxx Linker V03.00/V05.40 + sdld,  page 11.
Hexadecimal  [32-Bits]

Area                                    Addr        Size        Decimal Bytes (Attributes)
--------------------------------        ----        ----        ------- ----- ------------
_GSINIT                             00008897    0000000F =          15. bytes (REL,CON)

      Value  Global                              Global Defined In Module
      -----  --------------------------------   ------------------------
     00008897  gsinit                             crt0

ASxxxx Linker V03.00/V05.40 + sdld,  page 12.
Hexadecimal  [32-Bits]

Area                                    Addr        Size        Decimal Bytes (Attributes)
--------------------------------        ----        ----        ------- ----- ------------
_GSFINAL                            000088A6    00000001 =           1. bytes (REL,CON)

      Value  Global                              Global Defined In Module
      -----  --------------------------------   ------------------------
ASxxxx Linker V03.00/V05.40 + sdld,  page 13.
Hexadecimal  [32-Bits]

Area                                    Addr        Size        Decimal Bytes (Attributes)
--------------------------------        ----        ----        ------- ----- ------------
_DATA                               0000C000    00000133 =         307. bytes (REL,CON)

      Value  Global                              Global Defined In Module
      -----  --------------------------------   ------------------------
     0000C000  _finSalto                          main
     0000C002  _pajaros                           main
     0000C03E  _PSGMusicStatus                    PSGlib
     0000C03F  _PSGMusicStart                     PSGlib
     0000C041  _PSGMusicPointer                   PSGlib
     0000C043  _PSGMusicLoopPoint                 PSGlib
     0000C045  _PSGMusicSkipFrames                PSGlib
     0000C046  _PSGLoopFlag                       PSGlib
     0000C047  _PSGLoopCounter                    PSGlib
     0000C048  _PSGMusicLastLatch                 PSGlib
     0000C049  _PSGMusicVolumeAttenuation         PSGlib
     0000C04A  _PSGMusicSubstringLen              PSGlib
     0000C04B  _PSGMusicSubstringRetAddr          PSGlib
     0000C04D  _PSGChan0Volume                    PSGlib
     0000C04E  _PSGChan1Volume                    PSGlib
     0000C04F  _PSGChan2Volume                    PSGlib
     0000C050  _PSGChan3Volume                    PSGlib
     0000C051  _PSGChan2LowTone                   PSGlib
     0000C052  _PSGChan2HighTone                  PSGlib
     0000C053  _PSGChan3LowTone                   PSGlib
     0000C054  _PSGChannel2SFX                    PSGlib
     0000C055  _PSGChannel3SFX                    PSGlib
     0000C056  _PSGSFXChan2Volume                 PSGlib
     0000C057  _PSGSFXChan3Volume                 PSGlib
     0000C058  _PSGSFXStatus                      PSGlib
     0000C059  _PSGSFXStart                       PSGlib
     0000C05B  _PSGSFXPointer                     PSGlib
     0000C05D  _PSGSFXLoopPoint                   PSGlib
     0000C05F  _PSGSFXSkipFrames                  PSGlib
     0000C060  _PSGSFXLoopFlag                    PSGlib
     0000C061  _PSGSFXSubstringLen                PSGlib
     0000C062  _PSGSFXSubstringRetAddr            PSGlib
     0000C064  _VDPBlank                          SMSlib
     0000C065  _SMS_VDPFlags                      SMSlib
     0000C066  _PauseRequested                    SMSlib
     0000C067  _SMS_Port3EBIOSvalue               SMSlib
     0000C068  _SMS_theFrameInterruptHandler      SMSlib
     0000C06A  _KeysStatus                        SMSlib
     0000C06C  _PreviousKeysStatus                SMSlib
     0000C06E  _SMS_theLineInterruptHandler       SMSlib
     0000C070  _SpriteTableY                      SMSlib_sprite
     0000C0B0  _SpriteTableXN                     SMSlib_sprite
     0000C130  _SpriteNextFree                    SMSlib_sprite
     0000C131  _SMS_TextRenderer_offset           SMSlib_textrenderer

ASxxxx Linker V03.00/V05.40 + sdld,  page 14.
Hexadecimal  [32-Bits]

Area                                    Addr        Size        Decimal Bytes (Attributes)
--------------------------------        ----        ----        ------- ----- ------------
_INITIALIZED                        0000C133    00000023 =          35. bytes (REL,CON)

      Value  Global                              Global Defined In Module
      -----  --------------------------------   ------------------------
     0000C133  _nextVRAMsprites                   main
     0000C135  _vY                                main
     0000C137  _alex                              main
     0000C13D  _spriteAlex                        main
     0000C147  _spritePajaro                      main
     0000C151  _VDPReg                            SMSlib
     0000C153  _spritesHeight                     SMSlib
     0000C154  _spritesWidth                      SMSlib
     0000C155  _spritesTileOffset                 SMSlib
ASxxxx Linker V03.00/V05.40 + sdld,  page 15.
Hexadecimal  [32-Bits]

Area                                    Addr        Size        Decimal Bytes (Attributes)
--------------------------------        ----        ----        ------- ----- ------------
_CABS0                              00000000    00000010 =          16. bytes (ABS,CON)

      Value  Global                              Global Defined In Module
      -----  --------------------------------   ------------------------
     00007FF0  ___SMS__SEGA_signature             main

ASxxxx Linker V03.00/V05.40 + sdld,  page 16.
Hexadecimal  [32-Bits]

Area                                    Addr        Size        Decimal Bytes (Attributes)
--------------------------------        ----        ----        ------- ----- ------------
_CABS1                              00000000    00000008 =           8. bytes (ABS,CON)

      Value  Global                              Global Defined In Module
      -----  --------------------------------   ------------------------
     00007FD8  ___SMS__SDSC_author                main

ASxxxx Linker V03.00/V05.40 + sdld,  page 17.
Hexadecimal  [32-Bits]

Area                                    Addr        Size        Decimal Bytes (Attributes)
--------------------------------        ----        ----        ------- ----- ------------
_CABS2                              00000000    0000000E =          14. bytes (ABS,CON)

      Value  Global                              Global Defined In Module
      -----  --------------------------------   ------------------------
     00007FCA  ___SMS__SDSC_name                  main

ASxxxx Linker V03.00/V05.40 + sdld,  page 18.
Hexadecimal  [32-Bits]

Area                                    Addr        Size        Decimal Bytes (Attributes)
--------------------------------        ----        ----        ------- ----- ------------
_CABS3                              00000000    00000011 =          17. bytes (ABS,CON)

      Value  Global                              Global Defined In Module
      -----  --------------------------------   ------------------------
     00007FB9  ___SMS__SDSC_descr                 main

ASxxxx Linker V03.00/V05.40 + sdld,  page 19.
Hexadecimal  [32-Bits]

Area                                    Addr        Size        Decimal Bytes (Attributes)
--------------------------------        ----        ----        ------- ----- ------------
_CABS4                              00000000    00000010 =          16. bytes (ABS,CON)

      Value  Global                              Global Defined In Module
      -----  --------------------------------   ------------------------
     00007FE0  ___SMS__SDSC_signature             main

ASxxxx Linker V03.00/V05.40 + sdld,  page 20.

Files Linked                              [ module(s) ]

crt0_sms.rel                              [ crt0 ]
main.rel                                  [ main ]
bank1.rel                                 [ bank1 ]
bank2.rel                                 [ bank2 ]
PSGlib.rel                                [ PSGlib ]


Libraries Linked                          [ object file ]

SMSlib.lib                                [ SMSlib_VRAMmemset.rel ]
SMSlib.lib                                [ SMSlib.rel ]
SMSlib.lib                                [ SMSlib_sprite.rel ]
./sdcc/bin/../share/sdcc/lib/z80/z80.lib  [ __sdcc_call_hl.rel ]
SMSlib.lib                                [ SMSlib_deprecated.rel ]
SMSlib.lib                                [ SMSlib_VRAMmemcpy.rel ]
./sdcc/bin/../share/sdcc/lib/z80/z80.lib  [ vprintf.rel ]
./sdcc/bin/../share/sdcc/lib/z80/z80.lib  [ divsigned.rel ]
./sdcc/bin/../share/sdcc/lib/z80/z80.lib  [ printf_large.rel ]
SMSlib.lib                                [ SMSlib_textrenderer.rel ]
./sdcc/bin/../share/sdcc/lib/z80/z80.lib  [ divunsigned.rel ]
./sdcc/bin/../share/sdcc/lib/z80/z80.lib  [ strlen.rel ]

ASxxxx Linker V03.00/V05.40 + sdld,  page 21.

User Base Address Definitions

_CODE = 0x0200
_DATA = 0xc000

