ASxxxx Linker V03.00/V05.40 + sdld,  page 1.
Hexadecimal  [32-Bits]

Area                                    Addr        Size        Decimal Bytes (Attributes)
--------------------------------        ----        ----        ------- ----- ------------
.  .ABS.                            00000000    00000000 =           0. bytes (ABS,CON)

      Value  Global                              Global Defined In Module
      -----  --------------------------------   ------------------------
     00000000  .__.ABS.                           
     00000000  l__BSEG                         
     00000000  l__BSS                          
     00000000  l__CABS                         
     00000000  l__DABS                         
     00000000  l__HEADER                       
     00000000  l__HEAP                         
     00000000  l__HOME                         
     00000000  s__CABS                         
     00000000  s__CABS0                        
     00000000  s__CABS1                        
     00000000  s__CABS2                        
     00000000  s__CABS3                        
     00000000  s__CABS4                        
     00000000  s__DABS                         
     00000000  s__HEADER                       
     00000000  s__HEADER0                      
     00000000  s__HEADER1                      
     00000000  s__HEADER2                      
     00000000  s__HEADER3                      
     00000000  s__HEADER4                      
     00000001  l__GSFINAL                      
     00000005  l__CABS1                        
     00000008  l__HEADER0                      
     00000009  l__HEADER1                      
     0000000E  l__CABS2                        
     0000000F  l__GSINIT                       
     00000010  l__CABS0                        
     00000010  l__CABS4                        
     00000011  l__CABS3                        
     0000001F  l__HEADER2                      
     0000002B  l__HEADER3                      
     0000002E  l__INITIALIZED                  
     0000002E  l__INITIALIZER                  
     00000104  l__HEADER4                      
     00000200  s__CODE                         
     0000049D  l__DATA                         
     00008000  _SMS_SRAM                          SMSlib_textrenderer
     00009049  l__CODE                         
     00009249  s__HOME                         
     00009249  s__INITIALIZER                  
     00009277  s__GSINIT                       
     00009286  s__GSFINAL                      
     0000C000  s__DATA                         
     0000C49D  s__INITIALIZED                  
     0000C4CB  s__BSEG                         
     0000C4CB  s__BSS                          
     0000C4CB  s__HEAP                         
     0000FFFC  _SRAM_bank_to_be_mapped_on_slot2   SMSlib_textrenderer
     0000FFFD  _ROM_bank_to_be_mapped_on_slot0    SMSlib_textrenderer
ASxxxx Linker V03.00/V05.40 + sdld,  page 2.
Hexadecimal  [32-Bits]

Area                                    Addr        Size        Decimal Bytes (Attributes)
--------------------------------        ----        ----        ------- ----- ------------
.  .ABS.                            00000000    00000000 =           0. bytes (ABS,CON)

      Value  Global                              Global Defined In Module
      -----  --------------------------------   ------------------------
     0000FFFE  _ROM_bank_to_be_mapped_on_slot1    SMSlib_textrenderer
     0000FFFF  _ROM_bank_to_be_mapped_on_slot2    SMSlib_textrenderer

ASxxxx Linker V03.00/V05.40 + sdld,  page 3.
Hexadecimal  [32-Bits]

Area                                    Addr        Size        Decimal Bytes (Attributes)
--------------------------------        ----        ----        ------- ----- ------------
_CODE                               00000200    00009049 =       36937. bytes (REL,CON)

      Value  Global                              Global Defined In Module
      -----  --------------------------------   ------------------------
     00000200  _generateSprite                    main
     000002AA  _generateSpriteNoRAM               main
     00000359  _addHardwareSprite                 main
     000005DD  _initSpritesVariables              main
     0000060C  _copySpritestoSAT                  main
     00000640  _draw_entidad                      main
     000009D8  _canUp                             main
     000009E4  _canDown                           main
     000009F2  _canLeft                           main
     000009FE  _canRight                          main
     00000A0C  _moveAlexSuelo                     main
     00000B89  _moveAlexAire                      main
     00000C85  _moveAlex                          main
     00000CBC  _inicializaPajaros                 main
     00000DA5  _loadGrapVRAM                      main
     00000E5E  _dibujaPajaros                     main
     00000F84  _playMusic                         main
     00000F8A  _disableSprites                    main
     00000FA8  _main                              main
     000010B3  _sonicpalette_inc                  bank1
     000010C1  _sonictilemap_inc                  bank1
     000016C1  _puno_inc                          bank1
     00001741  _spriteAlex_inc                    bank1
     00002741  _sonictiles_inc                    bank1
     00003C01  _palleteAlex_inc                   bank1
     00003C09  _spritePajaro_inc                  bank1
     00003D89  _emeraldhill_psg                   bank2
     0000406F  _special_psg                       bank2
     00006958  _salto_psg                         bank2
     00006997  _nuestro_psg                       bank2
     00006DE2  _greenhill_psg                     bank2
     0000721D  _titulo_psg                        bank2
     00007B88  _PSGStop                           PSGlib
     00007BBB  _PSGResume                         PSGlib
     00007CDC  _PSGPlay                           PSGlib
     00007D1B  _PSGPlayLoops                      PSGlib
     00007D32  _PSGCancelLoop                     PSGlib
     00007D3D  _PSGPlayNoRepeat                   PSGlib
     00007D4B  _PSGGetStatus                      PSGlib
     00007D4F  _PSGSilenceChannels                PSGlib
     00007D60  _PSGRestoreVolumes                 PSGlib
     00007E5D  _PSGSetMusicVolumeAttenuation      PSGlib
     00007F43  _PSGSFXStop                        PSGlib
     000080A8  _PSGSFXPlay                        PSGlib
     0000810C  _PSGSFXCancelLoop                  PSGlib
     00008112  _PSGSFXGetStatus                   PSGlib
     00008116  _PSGSFXPlayLoop                    PSGlib
     00008131  _PSGFrame                          PSGlib
     00008299  _PSGSFXFrame                       PSGlib
     00008331  _SMS_reserveSprite                 SMSlib_spriteAdv
ASxxxx Linker V03.00/V05.40 + sdld,  page 4.
Hexadecimal  [32-Bits]

Area                                    Addr        Size        Decimal Bytes (Attributes)
--------------------------------        ----        ----        ------- ----- ------------
_CODE                               00000200    00009049 =       36937. bytes (REL,CON)

      Value  Global                              Global Defined In Module
      -----  --------------------------------   ------------------------
     00008350  _SMS_updateSpritePosition          SMSlib_spriteAdv
     00008384  _SMS_updateSpriteImage             SMSlib_spriteAdv
     00008391  _SMS_hideSprite                    SMSlib_spriteAdv
     0000839B  _SMS_VRAMmemset_f                  SMSlib_VRAMmemset
     000083B7  _SMS_VRAMmemsetW                   SMSlib_VRAMmemset
     000083CA  _SMS_init                          SMSlib
     000083F6  _VDPReg_init                       SMSlib
     00008401  _SMS_VDPturnOnFeature              SMSlib
     00008416  _SMS_VDPturnOffFeature             SMSlib
     0000842E  _SMS_setBGScrollX                  SMSlib
     00008438  _SMS_setBGScrollY                  SMSlib
     00008442  _SMS_setBackdropColor              SMSlib
     0000844C  _SMS_useFirstHalfTilesforSprites   SMSlib
     00008462  _SMS_setSpriteMode                 SMSlib
     000084AF  _SMS_setBGPaletteColor             SMSlib
     000084BC  _SMS_setSpritePaletteColor         SMSlib
     000084C9  _SMS_loadBGPalette                 SMSlib
     000084DD  _SMS_loadSpritePalette             SMSlib
     000084F1  _SMS_setColor                      SMSlib
     000084F5  _SMS_waitForVBlank                 SMSlib
     00008502  _SMS_getKeysStatus                 SMSlib
     00008507  _SMS_getKeysPressed                SMSlib
     0000851C  _SMS_getKeysHeld                   SMSlib
     0000852F  _SMS_getKeysReleased               SMSlib
     00008548  _SMS_queryPauseRequested           SMSlib
     0000854C  _SMS_resetPauseRequest             SMSlib
     00008552  _SMS_setFrameInterruptHandler      SMSlib
     00008556  _SMS_setLineInterruptHandler       SMSlib
     0000855A  _SMS_setLineCounter                SMSlib
     00008564  _SMS_getVCount                     SMSlib
     00008567  _SMS_getHCount                     SMSlib
     0000856A  _SMS_isr                           SMSlib
     000085B2  _SMS_nmi_isr                       SMSlib
     000085BB  _SMS_initSprites                   SMSlib_sprite
     000085C1  _SMS_addSprite_f                   SMSlib_sprite
     000085EC  _SMS_copySpritestoSAT              SMSlib_sprite
     00008620  __mulint                           
     00008622  __mul16                            
     00008637  ___sdcc_call_hl                    
     00008638  _SMS_VRAMmemcpy                    SMSlib_VRAMmemcpy
     00008655  _vprintf                           vprintf
     00008661  _printf                            vprintf
     00008678  __divschar                         
     0000867A  __div8                             
     0000867E  __div_signexte                     
     00008682  __div16                            
     00008682  __divsint                          
     000086A8  __get_remainder                    
     00008791  __print_format                     printf_large
     000091FD  _SMS_configureTextRenderer         SMSlib_textrenderer
     00009201  _putchar                           SMSlib_textrenderer
ASxxxx Linker V03.00/V05.40 + sdld,  page 5.
Hexadecimal  [32-Bits]

Area                                    Addr        Size        Decimal Bytes (Attributes)
--------------------------------        ----        ----        ------- ----- ------------
_CODE                               00000200    00009049 =       36937. bytes (REL,CON)

      Value  Global                              Global Defined In Module
      -----  --------------------------------   ------------------------
     00009209  __divuchar                         
     0000920B  __divu8                            
     0000920E  __divu16                           
     0000920E  __divuint                          
     0000923D  _strlen                            

ASxxxx Linker V03.00/V05.40 + sdld,  page 6.
Hexadecimal  [32-Bits]

Area                                    Addr        Size        Decimal Bytes (Attributes)
--------------------------------        ----        ----        ------- ----- ------------
_HEADER0                            00000000    00000008 =           8. bytes (ABS,CON)

      Value  Global                              Global Defined In Module
      -----  --------------------------------   ------------------------
ASxxxx Linker V03.00/V05.40 + sdld,  page 7.
Hexadecimal  [32-Bits]

Area                                    Addr        Size        Decimal Bytes (Attributes)
--------------------------------        ----        ----        ------- ----- ------------
_HEADER1                            00000000    00000009 =           9. bytes (ABS,CON)

      Value  Global                              Global Defined In Module
      -----  --------------------------------   ------------------------
     00000008  _SMS_crt0_RST08                    crt0

ASxxxx Linker V03.00/V05.40 + sdld,  page 8.
Hexadecimal  [32-Bits]

Area                                    Addr        Size        Decimal Bytes (Attributes)
--------------------------------        ----        ----        ------- ----- ------------
_HEADER2                            00000000    0000001F =          31. bytes (ABS,CON)

      Value  Global                              Global Defined In Module
      -----  --------------------------------   ------------------------
     00000018  _SMS_crt0_RST18                    crt0
     0000002F  get_bank                           crt0
     00000033  set_bank                           crt0
ASxxxx Linker V03.00/V05.40 + sdld,  page 9.
Hexadecimal  [32-Bits]

Area                                    Addr        Size        Decimal Bytes (Attributes)
--------------------------------        ----        ----        ------- ----- ------------
_HEADER3                            00000000    0000002B =          43. bytes (ABS,CON)

      Value  Global                              Global Defined In Module
      -----  --------------------------------   ------------------------
ASxxxx Linker V03.00/V05.40 + sdld,  page 10.
Hexadecimal  [32-Bits]

Area                                    Addr        Size        Decimal Bytes (Attributes)
--------------------------------        ----        ----        ------- ----- ------------
_HEADER4                            00000000    00000104 =         260. bytes (ABS,CON)

      Value  Global                              Global Defined In Module
      -----  --------------------------------   ------------------------
     00000069  _OUTI128                           crt0
     000000E9  _OUTI64                            crt0
     00000129  _OUTI32                            crt0
     00000169  _outi_block                        crt0

ASxxxx Linker V03.00/V05.40 + sdld,  page 11.
Hexadecimal  [32-Bits]

Area                                    Addr        Size        Decimal Bytes (Attributes)
--------------------------------        ----        ----        ------- ----- ------------
_INITIALIZER                        00009249    0000002E =          46. bytes (REL,CON)

      Value  Global                              Global Defined In Module
      -----  --------------------------------   ------------------------
ASxxxx Linker V03.00/V05.40 + sdld,  page 12.
Hexadecimal  [32-Bits]

Area                                    Addr        Size        Decimal Bytes (Attributes)
--------------------------------        ----        ----        ------- ----- ------------
_GSINIT                             00009277    0000000F =          15. bytes (REL,CON)

      Value  Global                              Global Defined In Module
      -----  --------------------------------   ------------------------
     00009277  gsinit                             crt0

ASxxxx Linker V03.00/V05.40 + sdld,  page 13.
Hexadecimal  [32-Bits]

Area                                    Addr        Size        Decimal Bytes (Attributes)
--------------------------------        ----        ----        ------- ----- ------------
_GSFINAL                            00009286    00000001 =           1. bytes (REL,CON)

      Value  Global                              Global Defined In Module
      -----  --------------------------------   ------------------------
ASxxxx Linker V03.00/V05.40 + sdld,  page 14.
Hexadecimal  [32-Bits]

Area                                    Addr        Size        Decimal Bytes (Attributes)
--------------------------------        ----        ----        ------- ----- ------------
_DATA                               0000C000    0000049D =        1181. bytes (REL,CON)

      Value  Global                              Global Defined In Module
      -----  --------------------------------   ------------------------
     0000C000  _hardwareSprites                   main
     0000C300  _SpriteTableY2                     main
     0000C302  _SpriteTableXN2                    main
     0000C304  _SpriteNextFree2                   main
     0000C306  _pajaros                           main
     0000C39E  _numSprites                        main
     0000C3A0  _PSGMusicStatus                    PSGlib
     0000C3A1  _PSGMusicStart                     PSGlib
     0000C3A3  _PSGMusicPointer                   PSGlib
     0000C3A5  _PSGMusicLoopPoint                 PSGlib
     0000C3A7  _PSGMusicSkipFrames                PSGlib
     0000C3A8  _PSGLoopFlag                       PSGlib
     0000C3A9  _PSGLoopCounter                    PSGlib
     0000C3AA  _PSGMusicLastLatch                 PSGlib
     0000C3AB  _PSGMusicVolumeAttenuation         PSGlib
     0000C3AC  _PSGMusicSubstringLen              PSGlib
     0000C3AD  _PSGMusicSubstringRetAddr          PSGlib
     0000C3AF  _PSGChan0Volume                    PSGlib
     0000C3B0  _PSGChan1Volume                    PSGlib
     0000C3B1  _PSGChan2Volume                    PSGlib
     0000C3B2  _PSGChan3Volume                    PSGlib
     0000C3B3  _PSGChan0LowTone                   PSGlib
     0000C3B4  _PSGChan0HighTone                  PSGlib
     0000C3B5  _PSGChan1LowTone                   PSGlib
     0000C3B6  _PSGChan1HighTone                  PSGlib
     0000C3B7  _PSGChan2LowTone                   PSGlib
     0000C3B8  _PSGChan2HighTone                  PSGlib
     0000C3B9  _PSGChan3LowTone                   PSGlib
     0000C3BA  _PSGChannel0SFX                    PSGlib
     0000C3BB  _PSGChannel1SFX                    PSGlib
     0000C3BC  _PSGChannel2SFX                    PSGlib
     0000C3BD  _PSGChannel3SFX                    PSGlib
     0000C3BE  _PSGSFXChan0Volume                 PSGlib
     0000C3BF  _PSGSFXChan1Volume                 PSGlib
     0000C3C0  _PSGSFXChan2Volume                 PSGlib
     0000C3C1  _PSGSFXChan3Volume                 PSGlib
     0000C3C2  _PSGSFXStatus                      PSGlib
     0000C3C3  _PSGSFXStart                       PSGlib
     0000C3C5  _PSGSFXPointer                     PSGlib
     0000C3C7  _PSGSFXLoopPoint                   PSGlib
     0000C3C9  _PSGSFXSkipFrames                  PSGlib
     0000C3CA  _PSGSFXLoopFlag                    PSGlib
     0000C3CB  _PSGSFXSubstringLen                PSGlib
     0000C3CC  _PSGSFXSubstringRetAddr            PSGlib
     0000C3CE  _VDPBlank                          SMSlib
     0000C3CF  _SMS_VDPFlags                      SMSlib
     0000C3D0  _PauseRequested                    SMSlib
     0000C3D1  _SMS_Port3EBIOSvalue               SMSlib
     0000C3D2  _SMS_theFrameInterruptHandler      SMSlib
     0000C3D4  _KeysStatus                        SMSlib
ASxxxx Linker V03.00/V05.40 + sdld,  page 15.
Hexadecimal  [32-Bits]

Area                                    Addr        Size        Decimal Bytes (Attributes)
--------------------------------        ----        ----        ------- ----- ------------
_DATA                               0000C000    0000049D =        1181. bytes (REL,CON)

      Value  Global                              Global Defined In Module
      -----  --------------------------------   ------------------------
     0000C3D6  _PreviousKeysStatus                SMSlib
     0000C3D8  _SMS_theLineInterruptHandler       SMSlib
     0000C3DA  _SpriteTableY                      SMSlib_sprite
     0000C41A  _SpriteTableXN                     SMSlib_sprite
     0000C49A  _SpriteNextFree                    SMSlib_sprite
     0000C49B  _SMS_TextRenderer_offset           SMSlib_textrenderer

ASxxxx Linker V03.00/V05.40 + sdld,  page 16.
Hexadecimal  [32-Bits]

Area                                    Addr        Size        Decimal Bytes (Attributes)
--------------------------------        ----        ----        ------- ----- ------------
_INITIALIZED                        0000C49D    0000002E =          46. bytes (REL,CON)

      Value  Global                              Global Defined In Module
      -----  --------------------------------   ------------------------
     0000C49D  _nextVRAMsprites                   main
     0000C49F  _maxSalto                          main
     0000C4A0  _alex                              main
     0000C4A8  _spriteAlex                        main
     0000C4B2  _spritePajaro                      main
     0000C4BC  _spritePuno                        main
     0000C4C6  _VDPReg                            SMSlib
     0000C4C8  _spritesHeight                     SMSlib
     0000C4C9  _spritesWidth                      SMSlib
     0000C4CA  _spritesTileOffset                 SMSlib

ASxxxx Linker V03.00/V05.40 + sdld,  page 17.
Hexadecimal  [32-Bits]

Area                                    Addr        Size        Decimal Bytes (Attributes)
--------------------------------        ----        ----        ------- ----- ------------
_CABS0                              00000000    00000010 =          16. bytes (ABS,CON)

      Value  Global                              Global Defined In Module
      -----  --------------------------------   ------------------------
     00007FF0  ___SMS__SEGA_signature             main

ASxxxx Linker V03.00/V05.40 + sdld,  page 18.
Hexadecimal  [32-Bits]

Area                                    Addr        Size        Decimal Bytes (Attributes)
--------------------------------        ----        ----        ------- ----- ------------
_CABS1                              00000000    00000005 =           5. bytes (ABS,CON)

      Value  Global                              Global Defined In Module
      -----  --------------------------------   ------------------------
     00007FDB  ___SMS__SDSC_author                main

ASxxxx Linker V03.00/V05.40 + sdld,  page 19.
Hexadecimal  [32-Bits]

Area                                    Addr        Size        Decimal Bytes (Attributes)
--------------------------------        ----        ----        ------- ----- ------------
_CABS2                              00000000    0000000E =          14. bytes (ABS,CON)

      Value  Global                              Global Defined In Module
      -----  --------------------------------   ------------------------
     00007FCD  ___SMS__SDSC_name                  main

ASxxxx Linker V03.00/V05.40 + sdld,  page 20.
Hexadecimal  [32-Bits]

Area                                    Addr        Size        Decimal Bytes (Attributes)
--------------------------------        ----        ----        ------- ----- ------------
_CABS3                              00000000    00000011 =          17. bytes (ABS,CON)

      Value  Global                              Global Defined In Module
      -----  --------------------------------   ------------------------
     00007FBC  ___SMS__SDSC_descr                 main

ASxxxx Linker V03.00/V05.40 + sdld,  page 21.
Hexadecimal  [32-Bits]

Area                                    Addr        Size        Decimal Bytes (Attributes)
--------------------------------        ----        ----        ------- ----- ------------
_CABS4                              00000000    00000010 =          16. bytes (ABS,CON)

      Value  Global                              Global Defined In Module
      -----  --------------------------------   ------------------------
     00007FE0  ___SMS__SDSC_signature             main

ASxxxx Linker V03.00/V05.40 + sdld,  page 22.

Files Linked                              [ module(s) ]

crt0_sms.rel                              [ crt0 ]
main.rel                                  [ main ]
bank1.rel                                 [ bank1 ]
bank2.rel                                 [ bank2 ]
PSGlib.rel                                [ PSGlib ]


Libraries Linked                          [ object file ]

SMSlib.lib                                [ SMSlib_spriteAdv.rel ]
SMSlib.lib                                [ SMSlib_VRAMmemset.rel ]
SMSlib.lib                                [ SMSlib.rel ]
SMSlib.lib                                [ SMSlib_sprite.rel ]
./sdcc/bin/../share/sdcc/lib/z80/z80.lib  [ mul.rel ]
./sdcc/bin/../share/sdcc/lib/z80/z80.lib  [ __sdcc_call_hl.rel ]
SMSlib.lib                                [ SMSlib_VRAMmemcpy.rel ]
./sdcc/bin/../share/sdcc/lib/z80/z80.lib  [ vprintf.rel ]
./sdcc/bin/../share/sdcc/lib/z80/z80.lib  [ divsigned.rel ]
./sdcc/bin/../share/sdcc/lib/z80/z80.lib  [ printf_large.rel ]
SMSlib.lib                                [ SMSlib_textrenderer.rel ]
./sdcc/bin/../share/sdcc/lib/z80/z80.lib  [ divunsigned.rel ]
./sdcc/bin/../share/sdcc/lib/z80/z80.lib  [ strlen.rel ]

ASxxxx Linker V03.00/V05.40 + sdld,  page 23.

User Base Address Definitions

_CODE = 0x0200
_DATA = 0xc000

